data/dominicks_oj_data/dominicks_oj_staggered.csv
date,store,brand,on_promotion,price,quantity
1990-06-20,9,tropicana,0.0,3.19,8000.0
1990-06-27,9,tropicana,0.0,3.19,8768.0
1990-07-04,9,tropicana,0.0,3.19,10240.0
1990-07-11,9,tropicana,0.0,3.19,9920.0
1990-07-18,9,tropicana,0.0,3.19,8256.0
1990-07-25,9,tropicana,0.0,3.19,8704.0
1990-08-01,9,tropicana,0.0,3.19,9600.0
1990-08-08,9,tropicana,0.0,3.19,10048.0
1990-08-15,9,tropicana,0.0,3.19,9024.0
1990-08-22,9,tropicana,0.0,3.19,8896.0
1990-08-29,9,tropicana,0.0,3.19,7360.0
1990-09-05,9,tropicana,0.0,3.19,8960.0
1990-09-12,9,tropicana,0.0,3.19,6848.0
1990-09-19,9,tropicana,0.0,3.19,9472.0
1990-09-26,9,tropicana,0.0,3.19,9792.0
1990-10-03,9,tropicana,0.0,3.19,9664.0
1990-10-10,9,tropicana,1.0,3.19,9088.0
1990-10-17,9,tropicana,0.0,3.19,8640.0
1990-10-24,9,tropicana,0.0,3.04,9728.0
1990-10-31,9,tropicana,0.0,3.04,8896.0
1990-11-07,9,tropicana,0.0,3.04,7872.0
1990-11-14,9,tropicana,0.0,3.04,8832.0
1990-11-21,9,tropicana,0.0,3.19,13504.0
1990-11-28,9,tropicana,0.0,2.99,18944.0
1990-12-05,9,tropicana,0.0,2.99,15040.0
1990-12-12,9,tropicana,0.0,2.99,9728.0
1990-12-19,9,tropicana,0.0,2.99,7680.0
1990-12-26,9,tropicana,0.0,2.39,41472.0
1991-01-02,9,tropicana,0.0,2.39,15168.0
1991-01-09,9,tropicana,0.0,2.99,12672.0
1991-01-16,9,tropicana,0.0,2.59,17344.0
1991-01-23,9,tropicana,0.0,2.59,10496.0
1991-01-30,9,tropicana,0.0,2.99,9728.0
1991-02-06,9,tropicana,0.0,2.99,10048.0
1991-02-13,9,tropicana,0.0,2.49,29376.0
1991-02-20,9,tropicana,0.0,2.99,11200.0
1991-02-27,9,tropicana,0.0,2.99,7104.0
1991-03-06,9,tropicana,0.0,2.99,8640.0
1991-03-13,9,tropicana,0.0,2.99,10112.0
1991-03-20,9,tropicana,0.0,2.99,9984.0
1990-06-20,14,tropicana,0.0,3.87,6400.0
1990-06-27,14,tropicana,0.0,3.87,6528.0
1990-07-04,14,tropicana,0.0,3.87,10880.0
1990-07-11,14,tropicana,0.0,3.87,8128.0
1990-07-18,14,tropicana,0.0,3.87,5760.0
1990-07-25,14,tropicana,0.0,3.87,7488.0
1990-08-01,14,tropicana,0.0,3.87,6976.0
1990-08-08,14,tropicana,0.0,3.87,5376.0
1990-08-15,14,tropicana,0.0,3.87,8448.0
1990-08-22,14,tropicana,0.0,3.87,7232.0
1990-08-29,14,tropicana,0.0,3.87,5312.0
1990-09-05,14,tropicana,0.0,3.87,6912.0
1990-09-12,14,tropicana,0.0,3.29,11072.0
1990-09-19,14,tropicana,0.0,3.29,10304.0
1990-09-26,14,tropicana,0.0,3.29,9856.0
1990-10-03,14,tropicana,0.0,3.87,7616.0
1990-10-10,14,tropicana,1.0,3.29,12160.0
1990-10-17,14,tropicana,0.0,3.29,7104.0
1990-10-24,14,tropicana,0.0,3.56,5056.0
1990-10-31,14,tropicana,0.0,3.56,7360.0
1990-11-07,14,tropicana,0.0,3.56,7104.0
1990-11-14,14,tropicana,0.0,3.56,6976.0
1990-11-21,14,tropicana,0.0,3.87,10496.0
1990-11-28,14,tropicana,0.0,2.99,13760.0
1990-12-05,14,tropicana,0.0,2.99,11648.0
1990-12-12,14,tropicana,0.0,3.59,6656.0
1990-12-19,14,tropicana,0.0,3.59,6784.0
1990-12-26,14,tropicana,0.0,2.39,26496.0
1991-01-02,14,tropicana,0.0,2.39,17408.0
1991-01-09,14,tropicana,0.0,3.59,11392.0
1991-01-16,14,tropicana,0.0,2.59,17920.0
1991-01-23,14,tropicana,0.0,2.59,12672.0
1991-01-30,14,tropicana,0.0,3.59,8256.0
1991-02-06,14,tropicana,0.0,3.59,8448.0
1991-02-13,14,tropicana,0.0,2.49,23808.0
1991-02-20,14,tropicana,0.0,3.59,10048.0
1991-02-27,14,tropicana,0.0,3.59,7424.0
1991-03-06,14,tropicana,0.0,3.59,6912.0
1991-03-13,14,tropicana,0.0,3.59,6336.0
1990-06-20,18,tropicana,0.0,3.19,7232.0
1990-06-27,18,tropicana,0.228682783,2.326737768,8128.0
1990-07-04,18,tropicana,0.228682783,2.326737768,9024.0
1990-07-11,18,tropicana,0.0,3.19,9920.0
1990-07-18,18,tropicana,0.0,3.19,7168.0
1990-07-25,18,tropicana,0.0,3.19,8128.0
1990-08-01,18,tropicana,0.0,3.19,9792.0
1990-08-08,18,tropicana,0.0,3.19,9344.0
1990-08-15,18,tropicana,0.0,3.19,12608.0
1990-08-22,18,tropicana,0.0,3.19,8256.0
1990-08-29,18,tropicana,0.0,3.19,8704.0
1990-09-05,18,tropicana,0.0,3.19,9792.0
1990-09-12,18,tropicana,0.0,3.19,8000.0
1990-09-19,18,tropicana,0.0,3.19,8256.0
1990-09-26,18,tropicana,0.0,3.19,10880.0
1990-10-03,18,tropicana,0.0,3.19,7680.0
1990-10-10,18,tropicana,1.0,3.19,11584.0
1990-10-17,18,tropicana,0.0,3.19,9280.0
1990-10-24,18,tropicana,0.0,3.04,6720.0
1990-10-31,18,tropicana,0.0,3.04,9280.0
1990-11-07,18,tropicana,0.0,3.04,9984.0
1990-11-14,18,tropicana,0.0,3.04,8512.0
1990-11-21,18,tropicana,0.0,3.19,11136.0
1990-11-28,18,tropicana,0.0,2.99,17408.0
1990-12-05,18,tropicana,0.0,2.99,14848.0
1990-12-12,18,tropicana,0.0,2.99,8512.0
1990-12-19,18,tropicana,0.0,2.99,8576.0
1990-12-26,18,tropicana,0.0,2.39,32640.0
1991-01-02,18,tropicana,0.0,2.39,12160.0
1991-01-09,18,tropicana,0.0,2.99,8192.0
1991-01-16,18,tropicana,0.0,2.59,16896.0
1991-01-23,18,tropicana,0.0,2.59,9024.0
1991-01-30,18,tropicana,0.0,2.99,7296.0
1991-02-06,18,tropicana,0.0,2.99,8960.0
1991-02-13,18,tropicana,0.0,2.49,25920.0
1991-02-20,18,tropicana,0.0,2.99,8512.0
1991-02-27,18,tropicana,0.0,2.99,9024.0
1991-03-06,18,tropicana,0.0,2.99,6912.0
1991-03-13,18,tropicana,0.0,2.99,7168.0
1990-06-20,21,tropicana,0.0,3.19,2496.0
1990-06-27,21,tropicana,0.0,3.19,2624.0
1990-07-04,21,tropicana,0.228682783,2.326737768,2976.0
1990-07-11,21,tropicana,0.0,3.19,3328.0
1990-07-18,21,tropicana,0.0,3.19,2560.0
1990-07-25,21,tropicana,0.0,3.19,3008.0
1990-08-01,21,tropicana,0.0,3.19,3072.0
1990-08-08,21,tropicana,0.0,3.19,3584.0
1990-08-15,21,tropicana,0.0,3.19,2816.0
1990-08-22,21,tropicana,0.0,3.19,1984.0
1990-08-29,21,tropicana,0.0,3.19,3968.0
1990-09-05,21,tropicana,0.0,3.19,3328.0
1990-09-12,21,tropicana,0.0,3.19,2432.0
1990-09-19,21,tropicana,0.0,3.19,2432.0
1990-09-26,21,tropicana,0.0,3.19,2944.0
1990-10-03,21,tropicana,0.0,3.19,3456.0
1990-10-10,21,tropicana,1.0,2.99,8064.0
1990-10-17,21,tropicana,0.0,2.99,3072.0
1990-10-24,21,tropicana,0.0,2.99,3584.0
1990-10-31,21,tropicana,0.0,3.19,3328.0
1990-11-07,21,tropicana,0.0,3.19,1920.0
1990-11-14,21,tropicana,0.0,3.19,3392.0
1990-11-21,21,tropicana,0.0,3.19,4032.0
1990-11-28,21,tropicana,0.0,2.99,6016.0
1990-12-05,21,tropicana,0.0,2.99,4416.0
1990-12-12,21,tropicana,0.0,2.73,2944.0
1990-12-19,21,tropicana,0.0,2.73,2816.0
1990-12-26,21,tropicana,0.0,2.39,7104.0
1991-01-02,21,tropicana,0.0,2.39,5888.0
1991-01-09,21,tropicana,0.0,2.73,3904.0
1991-01-16,21,tropicana,0.0,2.59,3968.0
1991-01-23,21,tropicana,0.0,2.59,3520.0
1991-01-30,21,tropicana,0.0,2.73,3008.0
1991-02-06,21,tropicana,0.0,2.73,3264.0
1991-02-13,21,tropicana,0.0,2.49,5504.0
1991-02-20,21,tropicana,0.0,2.73,2432.0
1991-02-27,21,tropicana,0.0,2.73,3648.0
1991-03-06,21,tropicana,0.0,2.73,3072.0
1991-03-13,21,tropicana,0.0,2.73,2496.0
1990-06-20,28,tropicana,0.0,3.66,5824.0
1990-06-27,28,tropicana,0.0,3.66,3520.0
1990-07-04,28,tropicana,0.0,3.66,4928.0
1990-07-11,28,tropicana,0.0,3.66,3840.0
1990-07-18,28,tropicana,0.0,3.66,3840.0
1990-07-25,28,tropicana,0.0,3.66,5056.0
1990-08-01,28,tropicana,0.0,3.66,3456.0
1990-08-08,28,tropicana,0.0,3.66,4096.0
1990-08-15,28,tropicana,0.0,3.66,5504.0
1990-08-22,28,tropicana,0.0,3.66,3136.0
1990-08-29,28,tropicana,0.0,3.66,7168.0
1990-09-05,28,tropicana,0.0,3.66,3072.0
1990-09-12,28,tropicana,0.0,3.29,4992.0
1990-09-19,28,tropicana,0.0,3.29,5056.0
1990-09-26,28,tropicana,0.0,3.29,5952.0
1990-10-03,28,tropicana,0.0,3.66,4672.0
1990-10-10,28,tropicana,1.0,3.29,6720.0
1990-10-17,28,tropicana,0.0,3.29,3456.0
1990-10-24,28,tropicana,0.0,3.51,3648.0
1990-10-31,28,tropicana,0.0,3.51,4032.0
1990-11-07,28,tropicana,0.0,3.51,3200.0
1990-11-14,28,tropicana,0.0,3.51,3648.0
1990-11-21,28,tropicana,0.0,3.66,4864.0
1990-11-28,28,tropicana,0.0,2.99,8128.0
1990-12-05,28,tropicana,0.0,2.99,6016.0
1990-12-12,28,tropicana,0.0,3.39,4160.0
1990-12-19,28,tropicana,0.0,3.39,4032.0
1990-12-26,28,tropicana,0.0,2.39,16256.0
1991-01-02,28,tropicana,0.0,2.39,7424.0
1991-01-09,28,tropicana,0.0,3.39,5568.0
1991-01-16,28,tropicana,0.0,2.59,7296.0
1991-01-23,28,tropicana,0.0,2.59,4864.0
1991-01-30,28,tropicana,0.0,3.39,5248.0
1991-02-06,28,tropicana,0.0,3.39,5184.0
1991-02-13,28,tropicana,0.0,2.49,7552.0
1991-02-20,28,tropicana,0.0,3.39,6144.0
1991-02-27,28,tropicana,0.0,3.39,3264.0
1991-03-06,28,tropicana,0.0,3.39,3008.0
1991-03-13,28,tropicana,0.0,3.39,3648.0
1990-06-20,32,tropicana,0.0,3.87,10112.0
1990-06-27,32,tropicana,0.0,3.87,10432.0
1990-07-04,32,tropicana,0.0,3.87,12288.0
1990-07-11,32,tropicana,0.0,3.87,9344.0
1990-07-18,32,tropicana,0.0,3.87,9600.0
1990-07-25,32,tropicana,0.0,3.87,10752.0
1990-08-01,32,tropicana,0.0,3.87,9344.0
1990-08-08,32,tropicana,0.0,3.87,8832.0
1990-08-15,32,tropicana,0.0,3.87,11840.0
1990-08-22,32,tropicana,0.0,3.87,9216.0
1990-08-29,32,tropicana,0.0,3.87,11072.0
1990-09-05,32,tropicana,0.0,3.87,9280.0
1990-09-12,32,tropicana,0.0,3.29,17472.0
1990-09-19,32,tropicana,0.0,3.29,11584.0
1990-09-26,32,tropicana,0.0,3.29,13056.0
1990-10-03,32,tropicana,0.0,3.87,8896.0
1990-10-10,32,tropicana,1.0,3.29,19648.0
1990-10-17,32,tropicana,0.0,3.29,12352.0
1990-10-24,32,tropicana,0.0,3.56,7936.0
1990-10-31,32,tropicana,0.0,3.56,8896.0
1990-11-07,32,tropicana,0.0,3.56,9664.0
1990-11-14,32,tropicana,0.0,3.56,10240.0
1990-11-21,32,tropicana,0.0,3.87,13888.0
1990-11-28,32,tropicana,0.0,2.99,25728.0
1990-12-05,32,tropicana,0.0,2.99,18304.0
1990-12-12,32,tropicana,0.0,3.59,8320.0
1990-12-19,32,tropicana,0.0,3.59,9600.0
1990-12-26,32,tropicana,0.0,2.39,46592.0
1991-01-02,32,tropicana,0.0,2.39,17984.0
1991-01-09,32,tropicana,0.0,3.59,15808.0
1991-01-16,32,tropicana,0.0,2.59,26432.0
1991-01-23,32,tropicana,0.0,2.59,15488.0
1991-01-30,32,tropicana,0.0,3.59,8512.0
1991-02-06,32,tropicana,0.0,3.59,10944.0
1991-02-13,32,tropicana,0.0,2.49,42624.0
1991-02-20,32,tropicana,0.0,3.59,10752.0
1991-02-27,32,tropicana,0.0,3.59,6592.0
1991-03-06,32,tropicana,0.0,3.59,9664.0
1991-03-13,32,tropicana,0.0,3.59,7296.0
1990-06-20,33,tropicana,0.0,3.87,8960.0
1990-06-27,33,tropicana,0.0,3.87,7808.0
1990-07-04,33,tropicana,0.0,3.87,11968.0
1990-07-11,33,tropicana,0.0,3.87,8320.0
1990-07-18,33,tropicana,0.0,3.87,8576.0
1990-07-25,33,tropicana,0.0,3.87,8832.0
1990-08-01,33,tropicana,0.0,3.87,8768.0
1990-08-08,33,tropicana,0.0,3.87,7616.0
1990-08-15,33,tropicana,0.0,3.87,9728.0
1990-08-22,33,tropicana,0.0,3.87,8832.0
1990-08-29,33,tropicana,0.0,3.87,7808.0
1990-09-05,33,tropicana,0.0,3.87,7232.0
1990-09-12,33,tropicana,0.0,3.29,14592.0
1990-09-19,33,tropicana,0.0,3.29,11392.0
1990-09-26,33,tropicana,0.0,3.29,5440.0
1990-10-03,33,tropicana,0.0,3.87,9344.0
1990-10-10,33,tropicana,1.0,2.99,13632.0
1990-10-17,33,tropicana,0.0,2.99,7616.0
1990-10-24,33,tropicana,0.0,2.99,7040.0
1990-10-31,33,tropicana,0.0,3.87,8448.0
1990-11-07,33,tropicana,0.0,3.87,6656.0
1990-11-14,33,tropicana,0.0,3.87,6336.0
1990-11-21,33,tropicana,0.0,3.87,9600.0
1990-11-28,33,tropicana,0.0,2.99,16256.0
1990-12-05,33,tropicana,0.0,2.99,11328.0
1990-12-12,33,tropicana,0.0,3.59,9344.0
1990-12-19,33,tropicana,0.0,3.59,8768.0
1990-12-26,33,tropicana,0.228682783,2.326737768,11072.0
1991-01-02,33,tropicana,0.0,2.39,13376.0
1991-01-09,33,tropicana,0.0,3.59,14272.0
1991-01-16,33,tropicana,0.0,2.59,26688.0
1991-01-23,33,tropicana,0.0,2.59,15424.0
1991-01-30,33,tropicana,0.0,3.59,7040.0
1991-02-06,33,tropicana,0.0,3.59,9088.0
1991-02-13,33,tropicana,0.0,2.49,31808.0
1991-02-20,33,tropicana,0.0,3.59,9728.0
1991-02-27,33,tropicana,0.0,3.59,8512.0
1991-03-06,33,tropicana,0.0,3.59,7168.0
1991-03-13,33,tropicana,0.0,3.59,8832.0
1990-06-20,40,minute.maid,0.0,2.62,3072.0
1990-06-27,40,minute.maid,1.0,1.99,32064.0
1990-07-04,40,minute.maid,0.0,2.62,4928.0
1990-07-11,40,minute.maid,0.0,2.62,8896.0
1990-07-18,40,minute.maid,0.228682783,2.326737768,8073.142856999999
1990-07-25,40,minute.maid,0.228682783,2.326737768,7250.285714
1990-08-01,40,minute.maid,0.228682783,2.326737768,6427.428571
1990-08-08,40,minute.maid,0.228682783,2.326737768,5604.571429
1990-08-15,40,minute.maid,0.228682783,2.326737768,4781.714286
1990-08-22,40,minute.maid,0.228682783,2.326737768,3958.857143
1990-08-29,40,minute.maid,0.0,2.62,3136.0
1990-09-05,40,minute.maid,0.0,2.62,3904.0
1990-09-12,40,minute.maid,0.0,2.62,3968.0
1990-09-19,40,minute.maid,1.0,2.19,20160.0
1990-09-26,40,minute.maid,0.0,2.62,2496.0
1990-10-03,40,minute.maid,0.0,2.62,3776.0
1990-10-10,40,minute.maid,0.0,2.62,6400.0
1990-10-17,40,minute.maid,1.0,1.99,31296.0
1990-10-24,40,minute.maid,0.0,2.3,6208.0
1990-10-31,40,minute.maid,0.0,2.62,2048.0
1990-11-07,40,minute.maid,1.0,1.99,22336.0
1990-11-14,40,minute.maid,0.0,2.62,2496.0
1990-11-21,40,minute.maid,1.0,1.99,38144.0
1990-11-28,40,minute.maid,0.0,1.99,9024.0
1990-12-05,40,minute.maid,0.0,2.62,6272.0
1990-12-12,40,minute.maid,1.0,1.99,23168.0
1990-12-19,40,minute.maid,0.0,1.99,6592.0
1990-12-26,40,minute.maid,0.0,1.99,9280.0
1991-01-02,40,minute.maid,0.0,1.99,6464.0
1991-01-09,40,minute.maid,0.0,1.99,9408.0
1991-01-16,40,minute.maid,0.0,1.98,5312.0
1991-01-23,40,minute.maid,0.0,1.98,4224.0
1991-01-30,40,minute.maid,1.0,1.98,34560.0
1991-02-06,40,minute.maid,0.0,1.98,9792.0
1991-02-13,40,minute.maid,0.0,1.89,9344.0
1991-02-20,40,minute.maid,0.0,1.89,4672.0
1991-02-27,40,minute.maid,0.228682783,2.326737768,4778.666667
1991-03-06,40,minute.maid,0.228682783,2.326737768,4885.333333
1991-03-13,40,minute.maid,0.0,1.98,4992.0
1990-06-20,40,tropicana,0.0,2.59,6272.0
1990-06-27,40,tropicana,0.0,2.65,5440.0
1990-07-04,40,tropicana,0.0,2.68,6720.0
1990-07-11,40,tropicana,0.0,2.67,6656.0
1990-07-18,40,tropicana,0.228682783,2.326737768,6528.0
1990-07-25,40,tropicana,0.228682783,2.326737768,6400.0
1990-08-01,40,tropicana,0.228682783,2.326737768,6272.0
1990-08-08,40,tropicana,0.228682783,2.326737768,6144.0
1990-08-15,40,tropicana,0.228682783,2.326737768,6016.0
1990-08-22,40,tropicana,0.228682783,2.326737768,5888.0
1990-08-29,40,tropicana,0.0,2.66,5760.0
1990-09-05,40,tropicana,0.0,2.66,5632.0
1990-09-12,40,tropicana,0.0,2.65,6400.0
1990-09-19,40,tropicana,0.0,2.67,5760.0
1990-09-26,40,tropicana,0.0,2.66,6784.0
1990-10-03,40,tropicana,0.0,2.67,7680.0
1990-10-10,40,tropicana,1.0,2.67,6016.0
1990-10-17,40,tropicana,0.0,2.67,6208.0
1990-10-24,40,tropicana,0.0,2.66,4544.0
1990-10-31,40,tropicana,0.0,2.66,5632.0
1990-11-07,40,tropicana,0.0,2.68,6144.0
1990-11-14,40,tropicana,0.0,2.66,6016.0
1990-11-21,40,tropicana,0.0,2.67,7360.0
1990-11-28,40,tropicana,0.0,2.67,5888.0
1990-12-05,40,tropicana,0.0,2.59,6528.0
1990-12-12,40,tropicana,0.0,2.59,6144.0
1990-12-19,40,tropicana,0.0,2.59,6912.0
1990-12-26,40,tropicana,0.0,2.39,24896.0
1991-01-02,40,tropicana,0.0,2.39,8512.0
1991-01-09,40,tropicana,0.0,2.59,6336.0
1991-01-16,40,tropicana,0.0,2.59,5440.0
1991-01-23,40,tropicana,0.0,2.59,6080.0
1991-01-30,40,tropicana,0.0,2.59,5248.0
1991-02-06,40,tropicana,0.0,2.59,6784.0
1991-02-13,40,tropicana,0.0,2.49,9408.0
1991-02-20,40,tropicana,0.0,2.59,5376.0
1991-02-27,40,tropicana,0.228682783,2.326737768,5397.333333
1991-03-06,40,tropicana,0.228682783,2.326737768,5418.666667
1991-03-13,40,tropicana,0.0,2.59,5440.0
1990-06-20,44,minute.maid,0.0,2.99,4224.0
1990-06-27,44,minute.maid,0.228682783,2.326737768,4714.666667
1990-07-04,44,minute.maid,0.228682783,2.326737768,5205.333333
1990-07-11,44,minute.maid,0.0,2.99,5696.0
1990-07-18,44,minute.maid,1.0,2.59,36160.0
1990-07-25,44,minute.maid,0.0,2.99,3200.0
1990-08-01,44,minute.maid,0.0,2.99,11904.0
1990-08-08,44,minute.maid,1.0,2.39,21376.0
1990-08-15,44,minute.maid,0.0,2.99,3648.0
1990-08-22,44,minute.maid,1.0,1.99,46848.0
1990-08-29,44,minute.maid,0.0,2.99,3328.0
1990-09-05,44,minute.maid,0.0,2.99,4096.0
1990-09-12,44,minute.maid,0.0,2.99,4864.0
1990-09-19,44,minute.maid,1.0,2.19,36288.0
1990-09-26,44,minute.maid,0.0,2.99,3072.0
1990-10-03,44,minute.maid,0.0,2.99,4864.0
1990-10-10,44,minute.maid,0.0,2.99,9152.0
1990-10-17,44,minute.maid,1.0,1.99,42944.0
1990-10-24,44,minute.maid,0.0,2.87,4032.0
1990-10-31,44,minute.maid,0.0,2.99,4032.0
1990-11-07,44,minute.maid,1.0,1.99,36800.0
1990-11-14,44,minute.maid,0.0,2.99,4224.0
1990-11-21,44,minute.maid,1.0,1.99,25600.0
1990-11-28,44,minute.maid,0.0,1.99,10176.0
1990-12-05,44,minute.maid,0.228682783,2.326737768,19744.0
1990-12-12,44,minute.maid,1.0,1.99,29312.0
1990-12-19,44,minute.maid,0.0,1.99,13440.0
1990-12-26,44,minute.maid,0.0,1.99,15296.0
1991-01-02,44,minute.maid,0.0,1.99,11008.0
1991-01-09,44,minute.maid,0.228682783,2.326737768,12330.66667
1991-01-16,44,minute.maid,0.228682783,2.326737768,13653.33333
1991-01-23,44,minute.maid,0.0,2.46,14976.0
1991-01-30,44,minute.maid,1.0,1.99,37312.0
1991-02-06,44,minute.maid,0.0,2.46,6528.0
1991-02-13,44,minute.maid,0.0,2.41,6208.0
1991-02-20,44,minute.maid,0.0,2.41,4416.0
1991-02-27,44,minute.maid,0.0,2.41,9216.0
1991-03-06,44,minute.maid,1.0,1.99,25664.0
1991-03-13,44,minute.maid,0.0,2.46,5184.0
