data/dominicks_oj_data/dominicks_oj_staggered.csv
date,store,brand,on_promotion,price,quantity
1990-06-20,44,tropicana,0.0,3.66,6528.0
1990-06-27,44,tropicana,0.228682783,2.326737768,6357.333333
1990-07-04,44,tropicana,0.228682783,2.326737768,6186.666667
1990-07-11,44,tropicana,0.0,3.66,6016.0
1990-07-18,44,tropicana,0.0,3.66,6272.0
1990-07-25,44,tropicana,0.0,3.66,6848.0
1990-08-01,44,tropicana,0.0,3.66,7424.0
1990-08-08,44,tropicana,0.0,3.66,6848.0
1990-08-15,44,tropicana,0.0,3.66,7488.0
1990-08-22,44,tropicana,0.0,3.66,6336.0
1990-08-29,44,tropicana,0.0,3.66,6208.0
1990-09-05,44,tropicana,0.0,3.66,6400.0
1990-09-12,44,tropicana,0.0,3.29,13056.0
1990-09-19,44,tropicana,0.0,3.29,8704.0
1990-09-26,44,tropicana,0.0,3.29,8832.0
1990-10-03,44,tropicana,0.0,3.66,5696.0
1990-10-10,44,tropicana,1.0,3.29,14208.0
1990-10-17,44,tropicana,0.0,3.29,7616.0
1990-10-24,44,tropicana,0.0,3.51,5632.0
1990-10-31,44,tropicana,0.0,3.51,6592.0
1990-11-07,44,tropicana,0.0,3.51,7680.0
1990-11-14,44,tropicana,0.0,3.51,6720.0
1990-11-21,44,tropicana,0.0,3.66,10432.0
1990-11-28,44,tropicana,0.0,2.99,13824.0
1990-12-05,44,tropicana,0.228682783,2.326737768,10848.0
1990-12-12,44,tropicana,0.0,3.39,7872.0
1990-12-19,44,tropicana,0.0,3.39,8064.0
1990-12-26,44,tropicana,0.0,2.39,23872.0
1991-01-02,44,tropicana,0.0,2.39,13760.0
1991-01-09,44,tropicana,0.228682783,2.326737768,12629.33333
1991-01-16,44,tropicana,0.228682783,2.326737768,11498.66667
1991-01-23,44,tropicana,0.0,2.59,10368.0
1991-01-30,44,tropicana,0.0,3.39,4608.0
1991-02-06,44,tropicana,0.0,3.39,7104.0
1991-02-13,44,tropicana,0.0,2.49,34432.0
1991-02-20,44,tropicana,0.0,3.39,6592.0
1991-02-27,44,tropicana,0.0,3.39,7296.0
1991-03-06,44,tropicana,0.0,3.39,7552.0
1991-03-13,44,tropicana,0.0,3.39,6976.0
1990-06-20,45,minute.maid,0.0,2.62,3776.0
1990-06-27,45,minute.maid,1.0,1.99,26688.0
1990-07-04,45,minute.maid,0.0,2.62,3776.0
1990-07-11,45,minute.maid,0.0,2.62,3008.0
1990-07-18,45,minute.maid,1.0,2.59,18560.0
1990-07-25,45,minute.maid,0.0,2.62,4800.0
1990-08-01,45,minute.maid,0.0,2.62,3904.0
1990-08-08,45,minute.maid,1.0,2.39,9856.0
1990-08-15,45,minute.maid,0.0,2.62,3072.0
1990-08-22,45,minute.maid,1.0,1.99,22016.0
1990-08-29,45,minute.maid,0.0,2.62,3136.0
1990-09-05,45,minute.maid,0.0,2.62,2880.0
1990-09-12,45,minute.maid,0.0,2.62,3200.0
1990-09-19,45,minute.maid,1.0,2.19,9728.0
1990-09-26,45,minute.maid,0.0,2.62,2112.0
1990-10-03,45,minute.maid,0.0,2.62,3008.0
1990-10-10,45,minute.maid,0.0,2.62,4928.0
1990-10-17,45,minute.maid,1.0,1.99,17984.0
1990-10-24,45,minute.maid,0.0,2.36,4288.0
1990-10-31,45,minute.maid,0.0,2.62,3200.0
1990-11-07,45,minute.maid,1.0,1.99,17088.0
1990-11-14,45,minute.maid,0.0,2.62,2624.0
1990-11-21,45,minute.maid,1.0,1.99,13760.0
1990-11-28,45,minute.maid,0.0,1.99,5184.0
1990-12-05,45,minute.maid,0.0,2.62,5952.0
1990-12-12,45,minute.maid,1.0,1.99,15040.0
1990-12-19,45,minute.maid,0.0,1.99,7104.0
1990-12-26,45,minute.maid,0.0,1.99,7552.0
1991-01-02,45,minute.maid,0.0,1.99,4928.0
1991-01-09,45,minute.maid,0.0,1.99,6720.0
1991-01-16,45,minute.maid,0.0,2.17,4288.0
1991-01-23,45,minute.maid,0.0,2.17,3776.0
1991-01-30,45,minute.maid,1.0,1.99,17088.0
1991-02-06,45,minute.maid,0.0,2.17,5184.0
1991-02-13,45,minute.maid,0.0,2.12,4736.0
1991-02-20,45,minute.maid,0.0,2.12,3520.0
1991-02-27,45,minute.maid,0.0,2.12,4672.0
1991-03-06,45,minute.maid,1.0,1.99,12096.0
1991-03-13,45,minute.maid,0.0,2.17,4032.0
1990-06-20,45,tropicana,0.0,3.19,6464.0
1990-06-27,45,tropicana,0.0,3.19,4032.0
1990-07-04,45,tropicana,0.0,3.19,7040.0
1990-07-11,45,tropicana,0.0,3.19,5504.0
1990-07-18,45,tropicana,0.0,3.19,5120.0
1990-07-25,45,tropicana,0.0,3.19,5440.0
1990-08-01,45,tropicana,0.0,3.19,4864.0
1990-08-08,45,tropicana,0.0,3.19,6016.0
1990-08-15,45,tropicana,0.0,3.19,8832.0
1990-08-22,45,tropicana,0.0,3.19,4352.0
1990-08-29,45,tropicana,0.0,3.19,5824.0
1990-09-05,45,tropicana,0.0,3.19,4672.0
1990-09-12,45,tropicana,0.0,3.19,5312.0
1990-09-19,45,tropicana,0.0,3.19,5248.0
1990-09-26,45,tropicana,0.0,3.19,7040.0
1990-10-03,45,tropicana,0.0,3.19,5760.0
1990-10-10,45,tropicana,1.0,2.99,9088.0
1990-10-17,45,tropicana,0.0,2.99,6336.0
1990-10-24,45,tropicana,0.0,2.99,6336.0
1990-10-31,45,tropicana,0.0,3.19,6400.0
1990-11-07,45,tropicana,0.0,3.19,5888.0
1990-11-14,45,tropicana,0.0,3.19,7616.0
1990-11-21,45,tropicana,0.0,3.19,6528.0
1990-11-28,45,tropicana,0.0,2.99,6336.0
1990-12-05,45,tropicana,0.0,2.99,7232.0
1990-12-12,45,tropicana,0.0,2.99,5440.0
1990-12-19,45,tropicana,0.0,2.99,5760.0
1990-12-26,45,tropicana,0.0,2.39,11648.0
1991-01-02,45,tropicana,0.0,2.39,11008.0
1991-01-09,45,tropicana,0.0,2.99,8512.0
1991-01-16,45,tropicana,0.0,2.59,9856.0
1991-01-23,45,tropicana,0.0,2.59,7872.0
1991-01-30,45,tropicana,0.0,2.99,4608.0
1991-02-06,45,tropicana,0.0,2.99,7296.0
1991-02-13,45,tropicana,0.0,2.49,10368.0
1991-02-20,45,tropicana,0.0,2.99,6592.0
1991-02-27,45,tropicana,0.0,2.99,6528.0
1991-03-06,45,tropicana,0.0,2.99,5312.0
1991-03-13,45,tropicana,0.0,2.99,5248.0
1990-06-20,47,minute.maid,0.0,2.99,3584.0
1990-06-27,47,minute.maid,1.0,1.99,30464.0
1990-07-04,47,minute.maid,0.0,2.99,3456.0
1990-07-11,47,minute.maid,0.0,2.99,3200.0
1990-07-18,47,minute.maid,1.0,2.59,24896.0
1990-07-25,47,minute.maid,0.0,2.99,2816.0
1990-08-01,47,minute.maid,0.0,2.99,6336.0
1990-08-08,47,minute.maid,1.0,2.39,18176.0
1990-08-15,47,minute.maid,0.0,2.99,3712.0
1990-08-22,47,minute.maid,1.0,1.99,29120.0
1990-08-29,47,minute.maid,0.0,2.99,3392.0
1990-09-05,47,minute.maid,0.0,2.99,3328.0
1990-09-12,47,minute.maid,0.0,2.99,3136.0
1990-09-19,47,minute.maid,1.0,2.19,14592.0
1990-09-26,47,minute.maid,0.0,2.99,3008.0
1990-10-03,47,minute.maid,0.0,2.99,3840.0
1990-10-10,47,minute.maid,0.0,2.99,7744.0
1990-10-17,47,minute.maid,1.0,1.99,24256.0
1990-10-24,47,minute.maid,0.0,2.64,6976.0
1990-10-31,47,minute.maid,0.0,2.99,4928.0
1990-11-07,47,minute.maid,1.0,1.99,18880.0
1990-11-14,47,minute.maid,0.0,2.99,3200.0
1990-11-21,47,minute.maid,1.0,1.99,25792.0
1990-11-28,47,minute.maid,0.0,1.99,9984.0
1990-12-05,47,minute.maid,0.0,2.99,9920.0
1990-12-12,47,minute.maid,1.0,1.99,21120.0
1990-12-19,47,minute.maid,0.0,1.99,9024.0
1990-12-26,47,minute.maid,0.0,1.99,12928.0
1991-01-02,47,minute.maid,0.0,1.99,8448.0
1991-01-09,47,minute.maid,0.0,1.99,7424.0
1991-01-16,47,minute.maid,0.0,2.46,3456.0
1991-01-23,47,minute.maid,0.0,2.46,6016.0
1991-01-30,47,minute.maid,1.0,1.99,31808.0
1991-02-06,47,minute.maid,0.0,2.46,5952.0
1991-02-13,47,minute.maid,0.0,2.41,5504.0
1991-02-20,47,minute.maid,0.0,2.41,4416.0
1991-02-27,47,minute.maid,0.0,2.41,7488.0
1991-03-06,47,minute.maid,1.0,1.99,19712.0
1991-03-13,47,minute.maid,0.0,2.46,3328.0
1990-06-20,47,tropicana,0.0,3.66,3520.0
1990-06-27,47,tropicana,0.0,3.66,2944.0
1990-07-04,47,tropicana,0.0,3.66,4032.0
1990-07-11,47,tropicana,0.0,3.66,3008.0
1990-07-18,47,tropicana,0.0,3.66,2816.0
1990-07-25,47,tropicana,0.0,3.66,3456.0
1990-08-01,47,tropicana,0.0,3.66,3648.0
1990-08-08,47,tropicana,0.0,3.66,3328.0
1990-08-15,47,tropicana,0.0,3.66,3456.0
1990-08-22,47,tropicana,0.0,3.66,3136.0
1990-08-29,47,tropicana,0.0,3.66,4160.0
1990-09-05,47,tropicana,0.0,3.66,3456.0
1990-09-12,47,tropicana,0.0,3.29,4416.0
1990-09-19,47,tropicana,0.0,3.29,4352.0
1990-09-26,47,tropicana,0.0,3.29,4288.0
1990-10-03,47,tropicana,0.0,3.66,3584.0
1990-10-10,47,tropicana,1.0,2.99,8576.0
1990-10-17,47,tropicana,0.0,2.99,6080.0
1990-10-24,47,tropicana,0.0,2.99,3776.0
1990-10-31,47,tropicana,0.0,3.66,3904.0
1990-11-07,47,tropicana,0.0,3.66,3520.0
1990-11-14,47,tropicana,0.0,3.66,3328.0
1990-11-21,47,tropicana,0.0,3.66,5760.0
1990-11-28,47,tropicana,0.0,2.99,5120.0
1990-12-05,47,tropicana,0.0,2.99,5952.0
1990-12-12,47,tropicana,0.0,3.39,3776.0
1990-12-19,47,tropicana,0.0,3.39,3328.0
1990-12-26,47,tropicana,0.0,2.39,11392.0
1991-01-02,47,tropicana,0.0,2.39,8768.0
1991-01-09,47,tropicana,0.0,3.39,6720.0
1991-01-16,47,tropicana,0.0,2.59,8960.0
1991-01-23,47,tropicana,0.0,2.59,5376.0
1991-01-30,47,tropicana,0.0,3.39,3392.0
1991-02-06,47,tropicana,0.0,3.39,3648.0
1991-02-13,47,tropicana,0.0,2.49,11840.0
1991-02-20,47,tropicana,0.0,3.39,5120.0
1991-02-27,47,tropicana,0.0,3.39,4672.0
1991-03-06,47,tropicana,0.0,3.39,2304.0
1991-03-13,47,tropicana,0.0,3.39,3200.0
1990-06-20,48,minute.maid,0.0,2.99,5056.0
1990-06-27,48,minute.maid,1.0,1.99,24256.0
1990-07-04,48,minute.maid,0.0,2.99,4608.0
1990-07-11,48,minute.maid,0.0,2.99,6464.0
1990-07-18,48,minute.maid,1.0,2.59,19584.0
1990-07-25,48,minute.maid,0.0,2.99,5184.0
1990-08-01,48,minute.maid,0.0,2.99,10880.0
1990-08-08,48,minute.maid,1.0,2.39,13888.0
1990-08-15,48,minute.maid,0.0,2.99,5248.0
1990-08-22,48,minute.maid,1.0,1.99,26240.0
1990-08-29,48,minute.maid,0.0,2.99,3264.0
1990-09-05,48,minute.maid,0.0,2.99,6144.0
1990-09-12,48,minute.maid,0.0,2.99,4288.0
1990-09-19,48,minute.maid,1.0,2.19,9664.0
1990-09-26,48,minute.maid,0.0,2.99,4416.0
1990-10-03,48,minute.maid,0.0,2.99,5184.0
1990-10-10,48,minute.maid,0.0,2.99,10112.0
1990-10-17,48,minute.maid,1.0,1.99,24640.0
1990-10-24,48,minute.maid,0.0,2.84,4672.0
1990-10-31,48,minute.maid,0.0,2.99,3712.0
1990-11-07,48,minute.maid,1.0,1.99,22464.0
1990-11-14,48,minute.maid,0.0,2.99,5376.0
1990-11-21,48,minute.maid,1.0,1.99,21632.0
1990-11-28,48,minute.maid,0.0,1.99,9792.0
1990-12-05,48,minute.maid,0.0,2.99,9792.0
1990-12-12,48,minute.maid,1.0,1.99,23808.0
1990-12-19,48,minute.maid,0.0,1.99,14336.0
1990-12-26,48,minute.maid,0.0,1.99,10944.0
1991-01-02,48,minute.maid,0.0,1.99,8960.0
1991-01-09,48,minute.maid,0.0,1.99,11072.0
1991-01-16,48,minute.maid,0.0,2.46,4736.0
1991-01-23,48,minute.maid,0.0,2.46,6848.0
1991-01-30,48,minute.maid,1.0,1.99,23744.0
1991-02-06,48,minute.maid,0.0,2.46,5056.0
1991-02-13,48,minute.maid,0.0,2.41,6016.0
1991-02-20,48,minute.maid,0.0,2.41,6208.0
1991-02-27,48,minute.maid,0.0,2.41,7040.0
1991-03-06,48,minute.maid,1.0,1.99,16896.0
1991-03-13,48,minute.maid,0.0,2.46,4608.0
1990-06-20,48,tropicana,0.0,3.66,4992.0
1990-06-27,48,tropicana,0.0,3.66,3456.0
1990-07-04,48,tropicana,0.0,3.66,5760.0
1990-07-11,48,tropicana,0.0,3.66,4608.0
1990-07-18,48,tropicana,0.0,3.66,3328.0
1990-07-25,48,tropicana,0.0,3.66,3456.0
1990-08-01,48,tropicana,0.0,3.66,5056.0
1990-08-08,48,tropicana,0.0,3.66,3456.0
1990-08-15,48,tropicana,0.0,3.66,5504.0
1990-08-22,48,tropicana,0.0,3.66,4736.0
1990-08-29,48,tropicana,0.0,3.66,4480.0
1990-09-05,48,tropicana,0.0,3.66,2752.0
1990-09-12,48,tropicana,0.0,3.29,6016.0
1990-09-19,48,tropicana,0.0,3.29,5632.0
1990-09-26,48,tropicana,0.0,3.29,6080.0
1990-10-03,48,tropicana,0.0,3.66,4992.0
1990-10-10,48,tropicana,1.0,3.29,6272.0
1990-10-17,48,tropicana,0.0,3.29,3840.0
1990-10-24,48,tropicana,0.0,3.51,3840.0
1990-10-31,48,tropicana,0.0,3.51,5120.0
1990-11-07,48,tropicana,0.0,3.51,4352.0
1990-11-14,48,tropicana,0.0,3.51,3008.0
1990-11-21,48,tropicana,0.0,3.66,5760.0
1990-11-28,48,tropicana,0.0,2.99,6400.0
1990-12-05,48,tropicana,0.0,2.99,7424.0
1990-12-12,48,tropicana,0.0,3.39,3264.0
1990-12-19,48,tropicana,0.0,3.39,4032.0
1990-12-26,48,tropicana,0.0,2.39,10240.0
1991-01-02,48,tropicana,0.0,2.39,7488.0
1991-01-09,48,tropicana,0.0,3.39,7360.0
1991-01-16,48,tropicana,0.0,2.59,11200.0
1991-01-23,48,tropicana,0.0,2.59,6464.0
1991-01-30,48,tropicana,0.0,3.39,4800.0
1991-02-06,48,tropicana,0.0,3.39,5376.0
1991-02-13,48,tropicana,0.0,2.49,10432.0
1991-02-20,48,tropicana,0.0,3.39,4992.0
1991-02-27,48,tropicana,0.0,3.39,4032.0
1991-03-06,48,tropicana,0.0,3.39,4160.0
1991-03-13,48,tropicana,0.0,3.39,4096.0
1990-06-20,49,minute.maid,0.0,2.99,1984.0
1990-06-27,49,minute.maid,0.228682783,2.326737768,2688.0
1990-07-04,49,minute.maid,0.228682783,2.326737768,3392.0
1990-07-11,49,minute.maid,0.0,2.99,4096.0
1990-07-18,49,minute.maid,1.0,2.59,15680.0
1990-07-25,49,minute.maid,0.0,2.99,2176.0
1990-08-01,49,minute.maid,0.0,2.99,5440.0
1990-08-08,49,minute.maid,1.0,2.39,11264.0
1990-08-15,49,minute.maid,0.228682783,2.326737768,16096.0
1990-08-22,49,minute.maid,1.0,1.99,20928.0
1990-08-29,49,minute.maid,0.0,2.99,2432.0
1990-09-05,49,minute.maid,0.0,2.99,2560.0
1990-09-12,49,minute.maid,0.0,2.99,2880.0
1990-09-19,49,minute.maid,1.0,2.19,15296.0
1990-09-26,49,minute.maid,0.0,2.99,2880.0
1990-10-03,49,minute.maid,0.0,2.99,2688.0
1990-10-10,49,minute.maid,0.0,2.99,5888.0
1990-10-17,49,minute.maid,1.0,1.99,18496.0
1990-10-24,49,minute.maid,0.0,2.81,3136.0
1990-10-31,49,minute.maid,0.0,2.99,1984.0
1990-11-07,49,minute.maid,1.0,1.99,16128.0
1990-11-14,49,minute.maid,0.0,2.99,2688.0
1990-11-21,49,minute.maid,1.0,1.99,22272.0
1990-11-28,49,minute.maid,0.0,1.99,5824.0
1990-12-05,49,minute.maid,0.0,2.99,9216.0
1990-12-12,49,minute.maid,1.0,1.99,15936.0
1990-12-19,49,minute.maid,0.0,1.99,10560.0
1990-12-26,49,minute.maid,0.0,1.99,9600.0
1991-01-02,49,minute.maid,0.0,1.99,9152.0
1991-01-09,49,minute.maid,0.0,1.99,9536.0
1991-01-16,49,minute.maid,0.0,2.46,3776.0
1991-01-23,49,minute.maid,0.0,2.46,4096.0
1991-01-30,49,minute.maid,1.0,1.99,20800.0
1991-02-06,49,minute.maid,0.0,2.46,2752.0
1991-02-13,49,minute.maid,0.0,2.41,3264.0
1991-02-20,49,minute.maid,0.0,2.41,3904.0
1991-02-27,49,minute.maid,0.0,2.41,5760.0
1991-03-06,49,minute.maid,1.0,1.99,14848.0
1991-03-13,49,minute.maid,0.0,2.46,2304.0
1990-06-20,49,tropicana,0.0,3.66,3712.0
1990-06-27,49,tropicana,0.228682783,2.326737768,3050.666667
1990-07-04,49,tropicana,0.228682783,2.326737768,2389.333333
1990-07-11,49,tropicana,0.0,3.66,1728.0
1990-07-18,49,tropicana,0.0,3.66,2624.0
1990-07-25,49,tropicana,0.0,3.66,3328.0
1990-08-01,49,tropicana,0.0,3.66,3968.0
1990-08-08,49,tropicana,0.0,3.66,2176.0
1990-08-15,49,tropicana,0.228682783,2.326737768,2176.0
1990-08-22,49,tropicana,0.0,3.66,2176.0
1990-08-29,49,tropicana,0.0,3.66,3840.0
1990-09-05,49,tropicana,0.0,3.66,3392.0
1990-09-12,49,tropicana,0.0,3.29,4096.0
1990-09-19,49,tropicana,0.0,3.29,4544.0
1990-09-26,49,tropicana,0.0,3.29,5504.0
1990-10-03,49,tropicana,0.0,3.66,3328.0
1990-10-10,49,tropicana,1.0,3.29,5824.0
1990-10-17,49,tropicana,0.0,3.29,2496.0
1990-10-24,49,tropicana,0.0,3.51,3520.0
1990-10-31,49,tropicana,0.0,3.51,3904.0
1990-11-07,49,tropicana,0.0,3.51,3776.0
1990-11-14,49,tropicana,0.0,3.51,3264.0
1990-11-21,49,tropicana,0.0,3.66,5056.0
1990-11-28,49,tropicana,0.0,2.99,5760.0
1990-12-05,49,tropicana,0.0,2.99,5696.0
1990-12-12,49,tropicana,0.0,3.39,3648.0
1990-12-19,49,tropicana,0.0,3.39,3200.0
1990-12-26,49,tropicana,0.0,2.39,8640.0
1991-01-02,49,tropicana,0.0,2.39,6528.0
1991-01-09,49,tropicana,0.0,3.39,5824.0
1991-01-16,49,tropicana,0.0,2.59,7872.0
1991-01-23,49,tropicana,0.0,2.59,5440.0
1991-01-30,49,tropicana,0.0,3.39,2816.0
1991-02-06,49,tropicana,0.0,3.39,3200.0
1991-02-13,49,tropicana,0.0,2.49,9280.0
1991-02-20,49,tropicana,0.0,3.39,4096.0
1991-02-27,49,tropicana,0.0,3.39,3648.0
1991-03-06,49,tropicana,0.0,3.39,2624.0
1991-03-13,49,tropicana,0.0,3.39,2944.0
1990-06-20,50,minute.maid,0.0,2.62,2560.0
1990-06-27,50,minute.maid,1.0,1.99,20736.0
1990-07-04,50,minute.maid,0.0,2.62,2112.0
1990-07-11,50,minute.maid,0.0,2.62,2240.0
1990-07-18,50,minute.maid,1.0,2.59,12224.0
1990-07-25,50,minute.maid,0.0,2.62,2496.0
1990-08-01,50,minute.maid,0.0,2.62,7680.0
1990-08-08,50,minute.maid,1.0,2.39,8448.0
1990-08-15,50,minute.maid,0.0,2.62,2496.0
1990-08-22,50,minute.maid,1.0,1.99,18624.0
1990-08-29,50,minute.maid,0.0,2.62,2496.0
1990-09-05,50,minute.maid,0.0,2.62,2688.0
1990-09-12,50,minute.maid,0.0,2.62,2560.0
1990-09-19,50,minute.maid,1.0,2.19,14080.0
1990-09-26,50,minute.maid,0.0,2.62,2432.0
1990-10-03,50,minute.maid,0.0,2.62,3648.0
1990-10-10,50,minute.maid,0.0,2.62,6016.0
1990-10-17,50,minute.maid,1.0,1.99,21312.0
1990-10-24,50,minute.maid,0.0,2.47,3072.0
1990-10-31,50,minute.maid,0.0,2.62,1984.0
1990-11-07,50,minute.maid,1.0,1.99,11328.0
1990-11-14,50,minute.maid,0.0,2.62,2624.0
1990-11-21,50,minute.maid,1.0,1.99,12096.0
1990-11-28,50,minute.maid,0.0,1.99,7744.0
1990-12-05,50,minute.maid,0.0,2.62,6336.0
1990-12-12,50,minute.maid,1.0,1.99,14528.0
1990-12-19,50,minute.maid,0.0,1.99,7616.0
1990-12-26,50,minute.maid,0.0,1.99,7488.0
1991-01-02,50,minute.maid,0.0,1.99,5376.0
1991-01-09,50,minute.maid,0.0,1.99,7360.0
1991-01-16,50,minute.maid,0.0,2.17,3008.0
1991-01-23,50,minute.maid,0.0,2.17,3520.0
1991-01-30,50,minute.maid,1.0,1.99,18304.0
1991-02-06,50,minute.maid,0.0,2.17,5632.0
1991-02-13,50,minute.maid,0.0,2.12,4352.0
1991-02-20,50,minute.maid,0.0,2.12,3520.0
1991-02-27,50,minute.maid,0.0,1.89,5760.0
1991-03-06,50,minute.maid,1.0,1.99,11392.0
1991-03-13,50,minute.maid,0.0,2.17,3968.0
1990-06-20,50,tropicana,0.0,3.19,4352.0
1990-06-27,50,tropicana,0.0,3.19,5120.0
1990-07-04,50,tropicana,0.0,3.19,6464.0
1990-07-11,50,tropicana,0.0,3.19,2624.0
1990-07-18,50,tropicana,0.0,3.19,2496.0
1990-07-25,50,tropicana,0.0,3.19,4800.0
1990-08-01,50,tropicana,0.0,3.19,9984.0
1990-08-08,50,tropicana,0.0,3.19,2752.0
1990-08-15,50,tropicana,0.0,3.19,2944.0
1990-08-22,50,tropicana,0.0,3.19,2048.0
1990-08-29,50,tropicana,0.0,3.19,2432.0
1990-09-05,50,tropicana,0.0,3.19,3008.0
1990-09-12,50,tropicana,0.0,3.19,2176.0
1990-09-19,50,tropicana,0.0,3.19,2688.0
1990-09-26,50,tropicana,0.0,3.19,2176.0
1990-10-03,50,tropicana,0.0,3.19,2944.0
1990-10-10,50,tropicana,1.0,3.19,2944.0
1990-10-17,50,tropicana,0.0,3.19,3200.0
1990-10-24,50,tropicana,0.0,3.04,2560.0
1990-10-31,50,tropicana,0.0,3.04,3328.0
1990-11-07,50,tropicana,0.0,3.04,3328.0
1990-11-14,50,tropicana,0.0,3.04,2944.0
1990-11-21,50,tropicana,0.0,3.19,3456.0
1990-11-28,50,tropicana,0.0,2.99,7488.0
1990-12-05,50,tropicana,0.0,2.99,4928.0
1990-12-12,50,tropicana,0.0,2.99,3264.0
1990-12-19,50,tropicana,0.0,2.99,3456.0
1990-12-26,50,tropicana,0.0,2.39,11328.0
1991-01-02,50,tropicana,0.0,2.39,7872.0
1991-01-09,50,tropicana,0.0,2.99,5952.0
1991-01-16,50,tropicana,0.0,2.59,5056.0
1991-01-23,50,tropicana,0.0,2.59,4608.0
1991-01-30,50,tropicana,0.0,2.99,4480.0
1991-02-06,50,tropicana,0.0,2.99,3648.0
1991-02-13,50,tropicana,0.0,2.49,7616.0
1991-02-20,50,tropicana,0.0,2.99,3200.0
1991-02-27,50,tropicana,0.0,2.73,3264.0
1991-03-06,50,tropicana,0.0,2.99,3264.0
1991-03-13,50,tropicana,0.0,2.99,3008.0
