data/dominicks_oj_data/dominicks_oj_staggered.csv
date,store,brand,on_promotion,price,quantity
1990-06-20,51,minute.maid,0.0,2.99,3840.0
1990-06-27,51,minute.maid,1.0,1.99,44224.0
1990-07-04,51,minute.maid,0.0,2.99,3200.0
1990-07-11,51,minute.maid,0.0,2.99,4288.0
1990-07-18,51,minute.maid,1.0,2.59,27968.0
1990-07-25,51,minute.maid,0.0,2.99,3648.0
1990-08-01,51,minute.maid,0.0,2.99,4288.0
1990-08-08,51,minute.maid,1.0,2.39,20992.0
1990-08-15,51,minute.maid,0.0,2.99,3712.0
1990-08-22,51,minute.maid,1.0,1.99,42368.0
1990-08-29,51,minute.maid,0.0,2.99,3456.0
1990-09-05,51,minute.maid,0.0,2.99,3648.0
1990-09-12,51,minute.maid,0.0,2.99,3264.0
1990-09-19,51,minute.maid,1.0,2.19,24384.0
1990-09-26,51,minute.maid,0.0,2.99,2816.0
1990-10-03,51,minute.maid,0.0,2.99,3648.0
1990-10-10,51,minute.maid,0.0,2.99,8768.0
1990-10-17,51,minute.maid,1.0,1.99,34880.0
1990-10-24,51,minute.maid,0.0,2.77,4480.0
1990-10-31,51,minute.maid,0.0,2.99,3008.0
1990-11-07,51,minute.maid,1.0,1.99,20672.0
1990-11-14,51,minute.maid,0.0,2.99,2752.0
1990-11-21,51,minute.maid,1.0,1.99,27456.0
1990-11-28,51,minute.maid,0.0,1.99,10496.0
1990-12-05,51,minute.maid,0.0,2.99,10176.0
1990-12-12,51,minute.maid,1.0,1.99,28672.0
1990-12-19,51,minute.maid,0.0,1.99,13632.0
1990-12-26,51,minute.maid,0.0,1.99,14848.0
1991-01-02,51,minute.maid,0.0,1.99,8192.0
1991-01-09,51,minute.maid,0.0,1.99,11520.0
1991-01-16,51,minute.maid,0.0,2.59,3776.0
1991-01-23,51,minute.maid,0.0,2.59,6208.0
1991-01-30,51,minute.maid,1.0,1.99,38720.0
1991-02-06,51,minute.maid,0.0,2.59,3520.0
1991-02-13,51,minute.maid,0.0,2.49,3456.0
1991-02-20,51,minute.maid,0.0,2.49,4928.0
1991-02-27,51,minute.maid,0.228682783,2.326737768,4544.0
1991-03-06,51,minute.maid,0.228682783,2.326737768,4160.0
1991-03-13,51,minute.maid,0.0,2.59,3776.0
1990-06-20,51,tropicana,0.0,3.66,3840.0
1990-06-27,51,tropicana,0.0,3.66,3264.0
1990-07-04,51,tropicana,0.0,3.66,4992.0
1990-07-11,51,tropicana,0.0,3.66,4928.0
1990-07-18,51,tropicana,0.0,3.66,4352.0
1990-07-25,51,tropicana,0.0,3.66,3840.0
1990-08-01,51,tropicana,0.0,3.66,4800.0
1990-08-08,51,tropicana,0.0,3.66,3392.0
1990-08-15,51,tropicana,0.0,3.66,4288.0
1990-08-22,51,tropicana,0.0,3.66,3840.0
1990-08-29,51,tropicana,0.0,3.66,4608.0
1990-09-05,51,tropicana,0.0,3.66,3392.0
1990-09-12,51,tropicana,0.0,3.29,5760.0
1990-09-19,51,tropicana,0.0,3.29,5184.0
1990-09-26,51,tropicana,0.0,3.29,6848.0
1990-10-03,51,tropicana,0.0,3.66,5312.0
1990-10-10,51,tropicana,1.0,3.29,7040.0
1990-10-17,51,tropicana,0.0,3.29,4736.0
1990-10-24,51,tropicana,0.0,3.51,3328.0
1990-10-31,51,tropicana,0.0,3.51,5120.0
1990-11-07,51,tropicana,0.0,3.51,4480.0
1990-11-14,51,tropicana,0.0,3.51,5056.0
1990-11-21,51,tropicana,0.0,3.66,8640.0
1990-11-28,51,tropicana,0.0,2.99,8128.0
1990-12-05,51,tropicana,0.0,2.99,8256.0
1990-12-12,51,tropicana,0.0,3.39,4096.0
1990-12-19,51,tropicana,0.0,3.39,4224.0
1990-12-26,51,tropicana,0.0,2.39,29888.0
1991-01-02,51,tropicana,0.0,2.39,9024.0
1991-01-09,51,tropicana,0.0,3.39,4928.0
1991-01-16,51,tropicana,0.0,2.59,12736.0
1991-01-23,51,tropicana,0.0,2.59,5760.0
1991-01-30,51,tropicana,0.0,3.39,3648.0
1991-02-06,51,tropicana,0.0,3.39,4544.0
1991-02-13,51,tropicana,0.0,2.49,18752.0
1991-02-20,51,tropicana,0.0,3.39,6592.0
1991-02-27,51,tropicana,0.228682783,2.326737768,5568.0
1991-03-06,51,tropicana,0.228682783,2.326737768,4544.0
1991-03-13,51,tropicana,0.0,3.39,3520.0
1990-06-20,52,minute.maid,0.0,3.17,5120.0
1990-06-27,52,minute.maid,1.0,1.99,39232.0
1990-07-04,52,minute.maid,0.0,3.17,5632.0
1990-07-11,52,minute.maid,0.0,3.17,5440.0
1990-07-18,52,minute.maid,1.0,2.59,21376.0
1990-07-25,52,minute.maid,0.0,3.17,5120.0
1990-08-01,52,minute.maid,0.0,3.17,9664.0
1990-08-08,52,minute.maid,1.0,2.39,29440.0
1990-08-15,52,minute.maid,0.0,3.17,4544.0
1990-08-22,52,minute.maid,1.0,1.99,49408.0
1990-08-29,52,minute.maid,0.0,3.17,5312.0
1990-09-05,52,minute.maid,0.0,3.17,5888.0
1990-09-12,52,minute.maid,0.228682783,2.326737768,21216.0
1990-09-19,52,minute.maid,1.0,2.19,36544.0
1990-09-26,52,minute.maid,0.0,3.17,4736.0
1990-10-03,52,minute.maid,0.0,3.17,5568.0
1990-10-10,52,minute.maid,0.0,3.17,17344.0
1990-10-17,52,minute.maid,1.0,1.99,42880.0
1990-10-24,52,minute.maid,0.0,2.85,6848.0
1990-10-31,52,minute.maid,0.0,3.17,4800.0
1990-11-07,52,minute.maid,1.0,1.99,39488.0
1990-11-14,52,minute.maid,0.0,3.17,4736.0
1990-11-21,52,minute.maid,1.0,1.99,43840.0
1990-11-28,52,minute.maid,0.0,1.99,15808.0
1990-12-05,52,minute.maid,0.0,3.17,12672.0
1990-12-12,52,minute.maid,1.0,1.99,33856.0
1990-12-19,52,minute.maid,0.0,1.99,19328.0
1990-12-26,52,minute.maid,0.0,1.99,21312.0
1991-01-02,52,minute.maid,0.0,1.99,16640.0
1991-01-09,52,minute.maid,0.0,1.99,15744.0
1991-01-16,52,minute.maid,0.0,2.59,7232.0
1991-01-23,52,minute.maid,0.0,2.59,11520.0
1991-01-30,52,minute.maid,1.0,1.99,47104.0
1991-02-06,52,minute.maid,0.0,2.59,10304.0
1991-02-13,52,minute.maid,0.0,2.49,8768.0
1991-02-20,52,minute.maid,0.0,2.49,9984.0
1991-02-27,52,minute.maid,0.0,2.49,15616.0
1991-03-06,52,minute.maid,1.0,1.99,31616.0
1991-03-13,52,minute.maid,0.0,2.59,7168.0
1990-06-20,52,tropicana,0.0,3.87,15552.0
1990-06-27,52,tropicana,0.0,3.87,9856.0
1990-07-04,52,tropicana,0.0,3.87,12736.0
1990-07-11,52,tropicana,0.0,3.87,11776.0
1990-07-18,52,tropicana,0.0,3.87,10304.0
1990-07-25,52,tropicana,0.0,3.87,10304.0
1990-08-01,52,tropicana,0.0,3.87,11136.0
1990-08-08,52,tropicana,0.0,3.87,10240.0
1990-08-15,52,tropicana,0.0,3.87,12608.0
1990-08-22,52,tropicana,0.0,3.87,8640.0
1990-08-29,52,tropicana,0.0,3.87,11520.0
1990-09-05,52,tropicana,0.0,3.87,9024.0
1990-09-12,52,tropicana,0.228682783,2.326737768,12288.0
1990-09-19,52,tropicana,0.0,3.29,15552.0
1990-09-26,52,tropicana,0.0,3.29,13120.0
1990-10-03,52,tropicana,0.0,3.87,9280.0
1990-10-10,52,tropicana,1.0,3.29,20864.0
1990-10-17,52,tropicana,0.0,3.29,10816.0
1990-10-24,52,tropicana,0.0,3.56,6784.0
1990-10-31,52,tropicana,0.0,3.56,10176.0
1990-11-07,52,tropicana,0.0,3.56,10496.0
1990-11-14,52,tropicana,0.0,3.56,7744.0
1990-11-21,52,tropicana,0.0,3.87,19584.0
1990-11-28,52,tropicana,0.0,2.99,24384.0
1990-12-05,52,tropicana,0.0,2.99,15232.0
1990-12-12,52,tropicana,0.0,3.59,8832.0
1990-12-19,52,tropicana,0.0,3.59,7872.0
1990-12-26,52,tropicana,0.0,2.39,35200.0
1991-01-02,52,tropicana,0.0,2.39,17728.0
1991-01-09,52,tropicana,0.0,3.59,18560.0
1991-01-16,52,tropicana,0.0,2.59,36608.0
1991-01-23,52,tropicana,0.0,2.59,16832.0
1991-01-30,52,tropicana,0.0,3.59,6848.0
1991-02-06,52,tropicana,0.0,3.59,8448.0
1991-02-13,52,tropicana,0.0,2.49,32960.0
1991-02-20,52,tropicana,0.0,3.59,7552.0
1991-02-27,52,tropicana,0.0,3.59,7744.0
1991-03-06,52,tropicana,0.0,3.59,8256.0
1991-03-13,52,tropicana,0.0,3.59,8768.0
1990-06-20,53,minute.maid,0.0,3.17,7168.0
1990-06-27,53,minute.maid,1.0,1.99,76736.0
1990-07-04,53,minute.maid,0.0,3.17,3200.0
1990-07-11,53,minute.maid,0.0,3.17,2944.0
1990-07-18,53,minute.maid,1.0,2.59,39040.0
1990-07-25,53,minute.maid,0.0,3.17,3264.0
1990-08-01,53,minute.maid,0.0,3.17,8192.0
1990-08-08,53,minute.maid,1.0,2.39,32640.0
1990-08-15,53,minute.maid,0.0,3.17,2816.0
1990-08-22,53,minute.maid,1.0,1.99,62784.0
1990-08-29,53,minute.maid,0.0,3.17,3776.0
1990-09-05,53,minute.maid,0.0,3.17,4672.0
1990-09-12,53,minute.maid,0.0,3.17,4032.0
1990-09-19,53,minute.maid,1.0,2.19,47296.0
1990-09-26,53,minute.maid,0.0,3.17,3584.0
1990-10-03,53,minute.maid,0.0,3.17,6208.0
1990-10-10,53,minute.maid,0.0,3.17,14272.0
1990-10-17,53,minute.maid,1.0,1.99,40000.0
1990-10-24,53,minute.maid,0.0,2.83,4416.0
1990-10-31,53,minute.maid,0.0,3.17,2304.0
1990-11-07,53,minute.maid,1.0,1.99,47616.0
1990-11-14,53,minute.maid,0.0,3.17,2880.0
1990-11-21,53,minute.maid,1.0,1.99,47168.0
1990-11-28,53,minute.maid,0.0,1.99,15552.0
1990-12-05,53,minute.maid,0.0,3.17,19904.0
1990-12-12,53,minute.maid,1.0,1.99,48320.0
1990-12-19,53,minute.maid,0.0,1.99,27072.0
1990-12-26,53,minute.maid,0.0,1.99,23936.0
1991-01-02,53,minute.maid,0.228682783,2.326737768,22688.0
1991-01-09,53,minute.maid,0.0,1.99,21440.0
1991-01-16,53,minute.maid,0.0,2.59,4544.0
1991-01-23,53,minute.maid,0.0,2.59,5568.0
1991-01-30,53,minute.maid,1.0,1.99,56896.0
1991-02-06,53,minute.maid,0.0,2.59,7936.0
1991-02-13,53,minute.maid,0.0,2.49,8256.0
1991-02-20,53,minute.maid,0.0,2.49,4992.0
1991-02-27,53,minute.maid,0.0,2.49,17024.0
1991-03-06,53,minute.maid,1.0,1.99,33792.0
1991-03-13,53,minute.maid,0.0,2.59,4544.0
1990-06-20,53,tropicana,0.0,3.87,16768.0
1990-06-27,53,tropicana,0.0,3.87,10368.0
1990-07-04,53,tropicana,0.0,3.87,14784.0
1990-07-11,53,tropicana,0.0,3.87,12864.0
1990-07-18,53,tropicana,0.0,3.87,8896.0
1990-07-25,53,tropicana,0.0,3.87,10560.0
1990-08-01,53,tropicana,0.0,3.87,10240.0
1990-08-08,53,tropicana,0.0,3.87,10816.0
1990-08-15,53,tropicana,0.0,3.87,10624.0
1990-08-22,53,tropicana,0.0,3.87,9856.0
1990-08-29,53,tropicana,0.0,3.87,13440.0
1990-09-05,53,tropicana,0.0,3.87,8448.0
1990-09-12,53,tropicana,0.0,3.29,18688.0
1990-09-19,53,tropicana,0.0,3.29,15680.0
1990-09-26,53,tropicana,0.0,3.29,10880.0
1990-10-03,53,tropicana,0.0,3.87,13952.0
1990-10-10,53,tropicana,1.0,3.29,22144.0
1990-10-17,53,tropicana,0.0,3.29,12096.0
1990-10-24,53,tropicana,0.0,3.56,10688.0
1990-10-31,53,tropicana,0.0,3.56,10432.0
1990-11-07,53,tropicana,0.0,3.56,11520.0
1990-11-14,53,tropicana,0.0,3.56,10368.0
1990-11-21,53,tropicana,0.0,3.87,14016.0
1990-11-28,53,tropicana,0.0,2.99,24064.0
1990-12-05,53,tropicana,0.0,2.99,13696.0
1990-12-12,53,tropicana,0.0,3.59,7104.0
1990-12-19,53,tropicana,0.0,3.59,8448.0
1990-12-26,53,tropicana,0.0,2.39,45312.0
1991-01-02,53,tropicana,0.228682783,2.326737768,29696.0
1991-01-09,53,tropicana,0.0,3.59,14080.0
1991-01-16,53,tropicana,0.0,2.59,29504.0
1991-01-23,53,tropicana,0.0,2.59,17344.0
1991-01-30,53,tropicana,0.0,3.59,8064.0
1991-02-06,53,tropicana,0.0,3.59,10752.0
1991-02-13,53,tropicana,0.0,2.49,35328.0
1991-02-20,53,tropicana,0.0,3.59,7104.0
1991-02-27,53,tropicana,0.0,3.59,5824.0
1991-03-06,53,tropicana,0.0,3.59,8128.0
1991-03-13,53,tropicana,0.0,3.59,7680.0
1990-06-20,54,minute.maid,0.0,2.99,4032.0
1990-06-27,54,minute.maid,1.0,1.99,27328.0
1990-07-04,54,minute.maid,0.0,2.99,4352.0
1990-07-11,54,minute.maid,0.0,2.99,3520.0
1990-07-18,54,minute.maid,1.0,2.59,22656.0
1990-07-25,54,minute.maid,0.0,2.99,3648.0
1990-08-01,54,minute.maid,0.0,2.99,8128.0
1990-08-08,54,minute.maid,1.0,2.39,14336.0
1990-08-15,54,minute.maid,0.0,2.99,3584.0
1990-08-22,54,minute.maid,1.0,1.99,29184.0
1990-08-29,54,minute.maid,0.0,2.99,4288.0
1990-09-05,54,minute.maid,0.0,2.99,4736.0
1990-09-12,54,minute.maid,0.0,2.99,3968.0
1990-09-19,54,minute.maid,1.0,2.19,16448.0
1990-09-26,54,minute.maid,0.0,2.99,3200.0
1990-10-03,54,minute.maid,0.0,2.99,3008.0
1990-10-10,54,minute.maid,0.0,2.99,7744.0
1990-10-17,54,minute.maid,1.0,1.99,18624.0
1990-10-24,54,minute.maid,0.0,2.78,3840.0
1990-10-31,54,minute.maid,0.0,2.99,2880.0
1990-11-07,54,minute.maid,1.0,1.99,17984.0
1990-11-14,54,minute.maid,0.0,2.99,3008.0
1990-11-21,54,minute.maid,1.0,1.99,22144.0
1990-11-28,54,minute.maid,0.0,1.99,8832.0
1990-12-05,54,minute.maid,0.0,2.99,9152.0
1990-12-12,54,minute.maid,1.0,1.99,18112.0
1990-12-19,54,minute.maid,0.0,1.99,7296.0
1990-12-26,54,minute.maid,0.0,1.99,11136.0
1991-01-02,54,minute.maid,0.0,1.99,9216.0
1991-01-09,54,minute.maid,0.0,1.99,8576.0
1991-01-16,54,minute.maid,0.0,2.46,3520.0
1991-01-23,54,minute.maid,0.0,2.46,7104.0
1991-01-30,54,minute.maid,1.0,1.99,24064.0
1991-02-06,54,minute.maid,0.0,2.46,4800.0
1991-02-13,54,minute.maid,0.0,2.41,3968.0
1991-02-20,54,minute.maid,0.0,2.41,3648.0
1991-02-27,54,minute.maid,0.0,2.41,5568.0
1991-03-06,54,minute.maid,1.0,1.99,15168.0
1991-03-13,54,minute.maid,0.0,2.46,3008.0
1990-06-20,54,tropicana,0.0,3.66,7552.0
1990-06-27,54,tropicana,0.0,3.66,4416.0
1990-07-04,54,tropicana,0.0,3.66,5696.0
1990-07-11,54,tropicana,0.0,3.66,4032.0
1990-07-18,54,tropicana,0.0,3.66,2944.0
1990-07-25,54,tropicana,0.0,3.66,3520.0
1990-08-01,54,tropicana,0.0,3.66,3200.0
1990-08-08,54,tropicana,0.0,3.66,5376.0
1990-08-15,54,tropicana,0.0,3.66,4672.0
1990-08-22,54,tropicana,0.0,3.66,3584.0
1990-08-29,54,tropicana,0.0,3.66,5632.0
1990-09-05,54,tropicana,0.0,3.66,2560.0
1990-09-12,54,tropicana,0.0,3.29,5504.0
1990-09-19,54,tropicana,0.0,3.29,5440.0
1990-09-26,54,tropicana,0.0,3.29,6016.0
1990-10-03,54,tropicana,0.0,3.66,4096.0
1990-10-10,54,tropicana,1.0,3.29,5568.0
1990-10-17,54,tropicana,0.0,3.29,3776.0
1990-10-24,54,tropicana,0.0,3.51,3008.0
1990-10-31,54,tropicana,0.0,3.51,4800.0
1990-11-07,54,tropicana,0.0,3.51,4032.0
1990-11-14,54,tropicana,0.0,3.51,5056.0
1990-11-21,54,tropicana,0.0,3.66,5632.0
1990-11-28,54,tropicana,0.0,2.99,5760.0
1990-12-05,54,tropicana,0.0,2.99,8000.0
1990-12-12,54,tropicana,0.0,3.39,4224.0
1990-12-19,54,tropicana,0.0,3.39,4800.0
1990-12-26,54,tropicana,0.0,2.39,17536.0
1991-01-02,54,tropicana,0.0,2.39,8064.0
1991-01-09,54,tropicana,0.0,3.39,7296.0
1991-01-16,54,tropicana,0.0,2.59,9728.0
1991-01-23,54,tropicana,0.0,2.59,8000.0
1991-01-30,54,tropicana,0.0,3.39,3712.0
1991-02-06,54,tropicana,0.0,3.39,3648.0
1991-02-13,54,tropicana,0.0,2.49,10944.0
1991-02-20,54,tropicana,0.0,3.39,3968.0
1991-02-27,54,tropicana,0.0,3.39,4160.0
1991-03-06,54,tropicana,0.0,3.39,5120.0
1991-03-13,54,tropicana,0.0,3.39,3456.0
1990-06-20,56,minute.maid,0.0,2.99,1920.0
1990-06-27,56,minute.maid,1.0,1.99,29312.0
1990-07-04,56,minute.maid,0.0,2.99,4480.0
1990-07-11,56,minute.maid,0.0,2.99,3456.0
1990-07-18,56,minute.maid,1.0,2.59,31360.0
1990-07-25,56,minute.maid,0.228682783,2.326737768,24240.0
1990-08-01,56,minute.maid,0.228682783,2.326737768,17120.0
1990-08-08,56,minute.maid,0.228682783,2.326737768,10000.0
1990-08-15,56,minute.maid,0.0,2.99,2880.0
1990-08-22,56,minute.maid,1.0,1.99,27584.0
1990-08-29,56,minute.maid,0.0,2.99,2432.0
1990-09-05,56,minute.maid,0.0,2.99,3776.0
1990-09-12,56,minute.maid,0.0,2.99,2944.0
1990-09-19,56,minute.maid,1.0,2.19,17472.0
1990-09-26,56,minute.maid,0.0,2.99,2560.0
1990-10-03,56,minute.maid,0.0,2.99,2944.0
1990-10-10,56,minute.maid,0.0,2.99,10048.0
1990-10-17,56,minute.maid,1.0,1.99,22848.0
1990-10-24,56,minute.maid,0.0,2.74,4672.0
1990-10-31,56,minute.maid,0.0,2.99,2624.0
1990-11-07,56,minute.maid,1.0,1.99,18880.0
1990-11-14,56,minute.maid,0.0,2.99,2496.0
1990-11-21,56,minute.maid,1.0,1.99,23424.0
1990-11-28,56,minute.maid,0.0,1.99,6400.0
1990-12-05,56,minute.maid,0.0,2.99,9792.0
1990-12-12,56,minute.maid,1.0,1.99,18368.0
1990-12-19,56,minute.maid,0.0,1.99,8832.0
1990-12-26,56,minute.maid,0.0,1.99,11712.0
1991-01-02,56,minute.maid,0.0,1.99,8384.0
1991-01-09,56,minute.maid,0.0,1.99,10624.0
1991-01-16,56,minute.maid,0.0,2.46,3648.0
1991-01-23,56,minute.maid,0.0,2.46,5504.0
1991-01-30,56,minute.maid,1.0,1.99,27072.0
1991-02-06,56,minute.maid,0.0,2.46,3264.0
1991-02-13,56,minute.maid,0.0,2.41,3712.0
1991-02-20,56,minute.maid,0.0,2.41,3648.0
1991-02-27,56,minute.maid,0.0,2.41,5696.0
1991-03-06,56,minute.maid,1.0,1.99,16640.0
1991-03-13,56,minute.maid,0.0,2.46,4608.0
1990-06-20,56,tropicana,0.0,3.66,6144.0
1990-06-27,56,tropicana,0.0,3.66,3520.0
1990-07-04,56,tropicana,0.0,3.66,5952.0
1990-07-11,56,tropicana,0.0,3.66,5312.0
1990-07-18,56,tropicana,0.0,3.66,4160.0
1990-07-25,56,tropicana,0.228682783,2.326737768,5104.0
1990-08-01,56,tropicana,0.228682783,2.326737768,6048.0
1990-08-08,56,tropicana,0.228682783,2.326737768,6992.0
1990-08-15,56,tropicana,0.0,3.66,7936.0
1990-08-22,56,tropicana,0.0,3.66,3840.0
1990-08-29,56,tropicana,0.0,3.66,6848.0
1990-09-05,56,tropicana,0.0,3.66,4288.0
1990-09-12,56,tropicana,0.0,3.29,6080.0
1990-09-19,56,tropicana,0.0,3.29,7680.0
1990-09-26,56,tropicana,0.0,3.29,7424.0
1990-10-03,56,tropicana,0.0,3.66,5056.0
1990-10-10,56,tropicana,1.0,3.29,8192.0
1990-10-17,56,tropicana,0.0,3.29,5312.0
1990-10-24,56,tropicana,0.0,3.51,3776.0
1990-10-31,56,tropicana,0.0,3.51,6912.0
1990-11-07,56,tropicana,0.0,3.51,5760.0
1990-11-14,56,tropicana,0.0,3.51,5632.0
1990-11-21,56,tropicana,0.0,3.66,8448.0
1990-11-28,56,tropicana,0.0,2.99,9536.0
1990-12-05,56,tropicana,0.0,2.99,9024.0
1990-12-12,56,tropicana,0.0,3.39,6912.0
1990-12-19,56,tropicana,0.0,3.39,6272.0
1990-12-26,56,tropicana,0.0,2.39,17344.0
1991-01-02,56,tropicana,0.0,2.39,8832.0
1991-01-09,56,tropicana,0.0,3.39,8768.0
1991-01-16,56,tropicana,0.0,2.59,11392.0
1991-01-23,56,tropicana,0.0,2.59,8896.0
1991-01-30,56,tropicana,0.0,3.39,7552.0
1991-02-06,56,tropicana,0.0,3.39,6016.0
1991-02-13,56,tropicana,0.0,2.49,13504.0
1991-02-20,56,tropicana,0.0,3.39,8064.0
1991-02-27,56,tropicana,0.0,3.39,5952.0
1991-03-06,56,tropicana,0.0,3.39,4032.0
1991-03-13,56,tropicana,0.0,3.39,4480.0
