data/dominicks_oj_data/dominicks_oj_staggered.csv
date,store,brand,on_promotion,price,quantity
1990-06-20,59,minute.maid,0.0,2.62,2112.0
1990-06-27,59,minute.maid,0.228682783,2.326737768,2432.0
1990-07-04,59,minute.maid,0.228682783,2.326737768,2752.0
1990-07-11,59,minute.maid,0.0,2.62,3072.0
1990-07-18,59,minute.maid,0.228682783,2.326737768,3392.0
1990-07-25,59,minute.maid,0.0,2.62,3712.0
1990-08-01,59,minute.maid,0.0,2.62,3264.0
1990-08-08,59,minute.maid,1.0,2.39,12544.0
1990-08-15,59,minute.maid,0.0,2.62,2304.0
1990-08-22,59,minute.maid,0.228682783,2.326737768,1984.0
1990-08-29,59,minute.maid,0.0,2.62,1664.0
1990-09-05,59,minute.maid,0.0,2.62,3264.0
1990-09-12,59,minute.maid,0.0,2.62,2624.0
1990-09-19,59,minute.maid,1.0,1.49,160960.0
1990-09-26,59,minute.maid,0.0,2.62,2624.0
1990-10-03,59,minute.maid,0.0,2.62,3264.0
1990-10-10,59,minute.maid,0.0,2.62,5248.0
1990-10-17,59,minute.maid,1.0,1.99,31680.0
1990-10-24,59,minute.maid,0.0,2.48,2496.0
1990-10-31,59,minute.maid,0.0,2.62,3136.0
1990-11-07,59,minute.maid,1.0,1.99,25856.0
1990-11-14,59,minute.maid,0.0,2.62,3072.0
1990-11-21,59,minute.maid,1.0,1.99,36096.0
1990-11-28,59,minute.maid,0.0,1.99,11776.0
1990-12-05,59,minute.maid,0.0,2.62,5696.0
1990-12-12,59,minute.maid,1.0,1.99,13056.0
1990-12-19,59,minute.maid,0.0,1.99,6656.0
1990-12-26,59,minute.maid,0.0,1.99,8000.0
1991-01-02,59,minute.maid,0.0,1.99,4480.0
1991-01-09,59,minute.maid,0.0,1.99,7168.0
1991-01-16,59,minute.maid,0.0,1.98,4224.0
1991-01-23,59,minute.maid,0.0,1.98,3520.0
1991-01-30,59,minute.maid,1.0,1.98,29248.0
1991-02-06,59,minute.maid,0.0,1.98,8960.0
1991-02-13,59,minute.maid,0.0,1.89,12032.0
1991-02-20,59,minute.maid,0.0,1.89,4864.0
1991-02-27,59,minute.maid,0.0,1.89,5312.0
1991-03-06,59,minute.maid,1.0,1.98,7040.0
1991-03-13,59,minute.maid,0.0,1.98,3904.0
1990-06-20,59,tropicana,0.0,3.19,4864.0
1990-06-27,59,tropicana,0.228682783,2.326737768,4224.0
1990-07-04,59,tropicana,0.228682783,2.326737768,3584.0
1990-07-11,59,tropicana,0.0,3.19,2944.0
1990-07-18,59,tropicana,0.228682783,2.326737768,2880.0
1990-07-25,59,tropicana,0.0,3.19,2816.0
1990-08-01,59,tropicana,0.0,3.19,2560.0
1990-08-08,59,tropicana,0.0,3.19,4224.0
1990-08-15,59,tropicana,0.0,3.19,4032.0
1990-08-22,59,tropicana,0.228682783,2.326737768,3232.0
1990-08-29,59,tropicana,0.0,3.19,2432.0
1990-09-05,59,tropicana,0.0,3.19,2688.0
1990-09-12,59,tropicana,0.0,3.19,2112.0
1990-09-19,59,tropicana,0.0,3.19,3264.0
1990-09-26,59,tropicana,0.0,3.19,3712.0
1990-10-03,59,tropicana,0.0,3.19,3520.0
1990-10-10,59,tropicana,1.0,2.99,7104.0
1990-10-17,59,tropicana,0.0,3.19,3840.0
1990-10-24,59,tropicana,0.0,3.19,3072.0
1990-10-31,59,tropicana,0.0,3.19,3200.0
1990-11-07,59,tropicana,0.0,3.19,3264.0
1990-11-14,59,tropicana,0.0,3.19,3712.0
1990-11-21,59,tropicana,0.0,3.19,10624.0
1990-11-28,59,tropicana,0.0,2.99,5248.0
1990-12-05,59,tropicana,0.0,2.99,7552.0
1990-12-12,59,tropicana,0.0,2.73,3968.0
1990-12-19,59,tropicana,0.0,2.73,4672.0
1990-12-26,59,tropicana,0.0,2.39,16960.0
1991-01-02,59,tropicana,0.0,2.39,8576.0
1991-01-09,59,tropicana,0.0,2.73,5184.0
1991-01-16,59,tropicana,0.0,2.59,8576.0
1991-01-23,59,tropicana,0.0,2.59,5888.0
1991-01-30,59,tropicana,0.0,2.73,3264.0
1991-02-06,59,tropicana,0.0,2.73,4032.0
1991-02-13,59,tropicana,0.0,2.49,11328.0
1991-02-20,59,tropicana,0.0,2.73,4096.0
1991-02-27,59,tropicana,0.0,2.73,3200.0
1991-03-06,59,tropicana,0.0,2.73,4288.0
1991-03-13,59,tropicana,0.0,2.73,5248.0
1990-06-20,62,minute.maid,0.0,3.17,4672.0
1990-06-27,62,minute.maid,1.0,1.99,42944.0
1990-07-04,62,minute.maid,0.0,3.17,6336.0
1990-07-11,62,minute.maid,0.0,3.17,4864.0
1990-07-18,62,minute.maid,1.0,2.59,30144.0
1990-07-25,62,minute.maid,0.0,3.17,5056.0
1990-08-01,62,minute.maid,0.0,3.17,7872.0
1990-08-08,62,minute.maid,0.228682783,2.326737768,6112.0
1990-08-15,62,minute.maid,0.0,3.17,4352.0
1990-08-22,62,minute.maid,1.0,1.99,36992.0
1990-08-29,62,minute.maid,0.0,3.17,9984.0
1990-09-05,62,minute.maid,0.0,3.17,5952.0
1990-09-12,62,minute.maid,0.0,3.17,5440.0
1990-09-19,62,minute.maid,1.0,2.19,25344.0
1990-09-26,62,minute.maid,0.0,3.17,4352.0
1990-10-03,62,minute.maid,0.0,3.17,5952.0
1990-10-10,62,minute.maid,0.0,3.17,9664.0
1990-10-17,62,minute.maid,1.0,1.99,28032.0
1990-10-24,62,minute.maid,0.0,2.87,7040.0
1990-10-31,62,minute.maid,0.0,3.17,5120.0
1990-11-07,62,minute.maid,1.0,1.99,28288.0
1990-11-14,62,minute.maid,0.0,3.17,3520.0
1990-11-21,62,minute.maid,1.0,1.99,32832.0
1990-11-28,62,minute.maid,0.0,1.99,7616.0
1990-12-05,62,minute.maid,0.0,3.17,12416.0
1990-12-12,62,minute.maid,1.0,1.99,25856.0
1990-12-19,62,minute.maid,0.0,1.99,13888.0
1990-12-26,62,minute.maid,0.0,1.99,12800.0
1991-01-02,62,minute.maid,0.0,1.99,9216.0
1991-01-09,62,minute.maid,0.0,1.99,10432.0
1991-01-16,62,minute.maid,0.0,2.59,7360.0
1991-01-23,62,minute.maid,0.0,2.59,6848.0
1991-01-30,62,minute.maid,1.0,1.99,28416.0
1991-02-06,62,minute.maid,0.0,2.59,16896.0
1991-02-13,62,minute.maid,0.0,2.49,8128.0
1991-02-20,62,minute.maid,0.0,2.49,6080.0
1991-02-27,62,minute.maid,0.0,2.49,14336.0
1991-03-06,62,minute.maid,1.0,1.99,21056.0
1991-03-13,62,minute.maid,0.0,2.59,5632.0
1990-06-20,62,tropicana,0.0,3.87,11776.0
1990-06-27,62,tropicana,0.0,3.87,11712.0
1990-07-04,62,tropicana,0.0,3.87,14336.0
1990-07-11,62,tropicana,0.0,3.87,12096.0
1990-07-18,62,tropicana,0.0,3.87,11264.0
1990-07-25,62,tropicana,0.0,3.87,15232.0
1990-08-01,62,tropicana,0.0,3.87,10560.0
1990-08-08,62,tropicana,0.228682783,2.326737768,11968.0
1990-08-15,62,tropicana,0.0,3.87,13376.0
1990-08-22,62,tropicana,0.0,3.87,10368.0
1990-08-29,62,tropicana,0.0,3.87,13504.0
1990-09-05,62,tropicana,0.0,3.87,12224.0
1990-09-12,62,tropicana,0.0,3.29,16576.0
1990-09-19,62,tropicana,0.0,3.29,16192.0
1990-09-26,62,tropicana,0.0,3.29,15872.0
1990-10-03,62,tropicana,0.0,3.87,11712.0
1990-10-10,62,tropicana,1.0,3.29,16896.0
1990-10-17,62,tropicana,0.0,3.29,11456.0
1990-10-24,62,tropicana,0.0,3.56,10112.0
1990-10-31,62,tropicana,0.0,3.56,11968.0
1990-11-07,62,tropicana,0.0,3.56,10752.0
1990-11-14,62,tropicana,0.0,3.56,9216.0
1990-11-21,62,tropicana,0.0,3.87,19968.0
1990-11-28,62,tropicana,0.0,2.99,19200.0
1990-12-05,62,tropicana,0.0,2.99,16768.0
1990-12-12,62,tropicana,0.0,3.59,9920.0
1990-12-19,62,tropicana,0.0,3.59,11072.0
1990-12-26,62,tropicana,0.0,2.39,39296.0
1991-01-02,62,tropicana,0.0,2.39,22208.0
1991-01-09,62,tropicana,0.0,3.59,14912.0
1991-01-16,62,tropicana,0.0,2.59,30272.0
1991-01-23,62,tropicana,0.0,2.59,16128.0
1991-01-30,62,tropicana,0.0,3.59,11648.0
1991-02-06,62,tropicana,0.0,3.59,12032.0
1991-02-13,62,tropicana,0.0,2.49,29952.0
1991-02-20,62,tropicana,0.0,3.59,16960.0
1991-02-27,62,tropicana,0.0,3.59,10112.0
1991-03-06,62,tropicana,0.0,3.59,9024.0
1991-03-13,62,tropicana,0.0,3.59,9024.0
1990-06-20,64,minute.maid,0.0,2.62,3520.0
1990-06-27,64,minute.maid,1.0,1.99,15424.0
1990-07-04,64,minute.maid,0.0,2.62,4352.0
1990-07-11,64,minute.maid,0.0,2.62,4544.0
1990-07-18,64,minute.maid,1.0,2.59,13184.0
1990-07-25,64,minute.maid,0.0,2.99,3712.0
1990-08-01,64,minute.maid,0.0,2.99,3648.0
1990-08-08,64,minute.maid,1.0,2.39,9024.0
1990-08-15,64,minute.maid,0.0,2.99,2624.0
1990-08-22,64,minute.maid,1.0,1.99,21696.0
1990-08-29,64,minute.maid,0.0,2.99,2624.0
1990-09-05,64,minute.maid,0.0,2.99,4288.0
1990-09-12,64,minute.maid,0.0,2.99,3712.0
1990-09-19,64,minute.maid,1.0,2.19,9216.0
1990-09-26,64,minute.maid,0.0,2.99,2688.0
1990-10-03,64,minute.maid,0.0,2.99,3328.0
1990-10-10,64,minute.maid,0.0,2.99,4608.0
1990-10-17,64,minute.maid,1.0,1.99,20992.0
1990-10-24,64,minute.maid,0.0,2.76,3968.0
1990-10-31,64,minute.maid,0.0,2.99,3264.0
1990-11-07,64,minute.maid,1.0,1.99,14848.0
1990-11-14,64,minute.maid,0.228682783,2.326737768,15520.0
1990-11-21,64,minute.maid,1.0,1.99,16192.0
1990-11-28,64,minute.maid,0.0,1.99,8384.0
1990-12-05,64,minute.maid,0.0,2.99,6464.0
1990-12-12,64,minute.maid,1.0,1.99,15680.0
1990-12-19,64,minute.maid,0.0,1.99,7808.0
1990-12-26,64,minute.maid,0.0,1.99,10752.0
1991-01-02,64,minute.maid,0.0,1.99,8256.0
1991-01-09,64,minute.maid,0.0,1.99,9024.0
1991-01-16,64,minute.maid,0.0,2.46,2496.0
1991-01-23,64,minute.maid,0.0,2.46,3392.0
1991-01-30,64,minute.maid,1.0,1.99,17152.0
1991-02-06,64,minute.maid,0.0,2.46,3328.0
1991-02-13,64,minute.maid,0.0,2.41,2688.0
1991-02-20,64,minute.maid,0.0,2.41,2944.0
1991-02-27,64,minute.maid,0.0,2.41,5184.0
1991-03-06,64,minute.maid,1.0,1.99,16896.0
1991-03-13,64,minute.maid,0.0,2.46,2752.0
1990-06-20,64,tropicana,0.0,3.19,3008.0
1990-06-27,64,tropicana,0.0,3.19,2944.0
1990-07-04,64,tropicana,0.0,3.19,4736.0
1990-07-11,64,tropicana,0.0,3.19,2880.0
1990-07-18,64,tropicana,0.0,3.19,1920.0
1990-07-25,64,tropicana,0.0,3.66,3968.0
1990-08-01,64,tropicana,0.0,3.66,2816.0
1990-08-08,64,tropicana,0.0,3.66,2816.0
1990-08-15,64,tropicana,0.0,3.66,2560.0
1990-08-22,64,tropicana,0.0,3.66,2368.0
1990-08-29,64,tropicana,0.0,3.66,3456.0
1990-09-05,64,tropicana,0.0,3.66,2432.0
1990-09-12,64,tropicana,0.0,3.29,2944.0
1990-09-19,64,tropicana,0.0,3.29,2112.0
1990-09-26,64,tropicana,0.0,3.29,4608.0
1990-10-03,64,tropicana,0.0,3.66,3328.0
1990-10-10,64,tropicana,1.0,3.29,3328.0
1990-10-17,64,tropicana,0.0,3.29,2048.0
1990-10-24,64,tropicana,0.0,3.51,1408.0
1990-10-31,64,tropicana,0.0,3.51,3520.0
1990-11-07,64,tropicana,0.0,3.51,2624.0
1990-11-14,64,tropicana,0.228682783,2.326737768,2752.0
1990-11-21,64,tropicana,0.0,3.66,2880.0
1990-11-28,64,tropicana,0.0,2.99,3392.0
1990-12-05,64,tropicana,0.0,2.99,4224.0
1990-12-12,64,tropicana,0.0,3.39,2560.0
1990-12-19,64,tropicana,0.0,3.39,2048.0
1990-12-26,64,tropicana,0.0,2.39,8896.0
1991-01-02,64,tropicana,0.0,2.39,4544.0
1991-01-09,64,tropicana,0.0,3.39,4032.0
1991-01-16,64,tropicana,0.0,2.59,5632.0
1991-01-23,64,tropicana,0.0,2.59,5056.0
1991-01-30,64,tropicana,0.0,3.39,2112.0
1991-02-06,64,tropicana,0.0,3.39,2368.0
1991-02-13,64,tropicana,0.0,2.49,5632.0
1991-02-20,64,tropicana,0.0,3.39,5120.0
1991-02-27,64,tropicana,0.0,3.39,2624.0
1991-03-06,64,tropicana,0.0,3.39,2112.0
1991-03-13,64,tropicana,0.0,3.39,1600.0
1990-06-20,67,minute.maid,0.0,2.62,3200.0
1990-06-27,67,minute.maid,1.0,1.99,28544.0
1990-07-04,67,minute.maid,0.0,2.62,3648.0
1990-07-11,67,minute.maid,0.0,2.62,3136.0
1990-07-18,67,minute.maid,1.0,2.59,18624.0
1990-07-25,67,minute.maid,0.0,2.62,3136.0
1990-08-01,67,minute.maid,0.0,2.62,3968.0
1990-08-08,67,minute.maid,1.0,2.39,12736.0
1990-08-15,67,minute.maid,0.0,2.62,2752.0
1990-08-22,67,minute.maid,1.0,1.99,32256.0
1990-08-29,67,minute.maid,0.228682783,2.326737768,18240.0
1990-09-05,67,minute.maid,0.0,2.62,4224.0
1990-09-12,67,minute.maid,0.0,2.62,3200.0
1990-09-19,67,minute.maid,1.0,2.19,17920.0
1990-09-26,67,minute.maid,0.0,2.62,3584.0
1990-10-03,67,minute.maid,0.0,2.62,2688.0
1990-10-10,67,minute.maid,0.0,2.62,7040.0
1990-10-17,67,minute.maid,1.0,1.99,29440.0
1990-10-24,67,minute.maid,0.0,2.33,3264.0
1990-10-31,67,minute.maid,0.0,2.62,3648.0
1990-11-07,67,minute.maid,1.0,1.79,63680.0
1990-11-14,67,minute.maid,0.0,2.62,3200.0
1990-11-21,67,minute.maid,1.0,1.99,19904.0
1990-11-28,67,minute.maid,0.0,1.99,14272.0
1990-12-05,67,minute.maid,0.0,2.62,10944.0
1990-12-12,67,minute.maid,1.0,1.99,24512.0
1990-12-19,67,minute.maid,0.0,1.99,8832.0
1990-12-26,67,minute.maid,0.0,1.99,8704.0
1991-01-02,67,minute.maid,0.0,1.99,5696.0
1991-01-09,67,minute.maid,0.0,1.99,7360.0
1991-01-16,67,minute.maid,0.0,2.42,4288.0
1991-01-23,67,minute.maid,0.0,2.36,3648.0
1991-01-30,67,minute.maid,1.0,1.99,25920.0
1991-02-06,67,minute.maid,0.0,2.17,4544.0
1991-02-13,67,minute.maid,0.0,2.12,5952.0
1991-02-20,67,minute.maid,0.0,2.12,3968.0
1991-02-27,67,minute.maid,0.0,2.12,5696.0
1991-03-06,67,minute.maid,1.0,1.99,16896.0
1991-03-13,67,minute.maid,0.0,2.17,4416.0
1990-06-20,67,tropicana,0.0,3.19,5312.0
1990-06-27,67,tropicana,0.0,3.19,5504.0
1990-07-04,67,tropicana,0.0,3.19,6336.0
1990-07-11,67,tropicana,0.0,3.19,4416.0
1990-07-18,67,tropicana,0.0,3.19,4544.0
1990-07-25,67,tropicana,0.0,3.19,6016.0
1990-08-01,67,tropicana,0.0,3.19,5248.0
1990-08-08,67,tropicana,0.0,3.19,4096.0
1990-08-15,67,tropicana,0.0,3.19,5248.0
1990-08-22,67,tropicana,0.0,3.19,2688.0
1990-08-29,67,tropicana,0.228682783,2.326737768,4288.0
1990-09-05,67,tropicana,0.0,3.19,5888.0
1990-09-12,67,tropicana,0.0,3.19,7808.0
1990-09-19,67,tropicana,0.0,3.19,5888.0
1990-09-26,67,tropicana,0.0,3.19,6016.0
1990-10-03,67,tropicana,0.0,3.19,6336.0
1990-10-10,67,tropicana,1.0,3.19,5312.0
1990-10-17,67,tropicana,0.0,3.19,3904.0
1990-10-24,67,tropicana,0.0,3.04,4736.0
1990-10-31,67,tropicana,0.0,3.04,5888.0
1990-11-07,67,tropicana,0.0,3.04,5504.0
1990-11-14,67,tropicana,0.0,3.04,6144.0
1990-11-21,67,tropicana,0.0,3.19,8064.0
1990-11-28,67,tropicana,0.0,2.99,7040.0
1990-12-05,67,tropicana,0.0,2.99,7936.0
1990-12-12,67,tropicana,0.0,2.99,5504.0
1990-12-19,67,tropicana,0.0,2.99,5824.0
1990-12-26,67,tropicana,0.0,2.39,14144.0
1991-01-02,67,tropicana,0.0,2.39,11072.0
1991-01-09,67,tropicana,0.0,2.99,6656.0
1991-01-16,67,tropicana,0.0,2.59,11200.0
1991-01-23,67,tropicana,0.0,2.59,6720.0
1991-01-30,67,tropicana,0.0,2.99,5184.0
1991-02-06,67,tropicana,0.0,2.99,4672.0
1991-02-13,67,tropicana,0.0,2.49,7808.0
1991-02-20,67,tropicana,0.0,2.99,6272.0
1991-02-27,67,tropicana,0.0,2.99,5056.0
1991-03-06,67,tropicana,0.0,2.99,6208.0
1991-03-13,67,tropicana,0.0,2.99,5440.0
1990-06-20,68,minute.maid,0.0,3.17,3712.0
1990-06-27,68,minute.maid,1.0,1.99,35840.0
1990-07-04,68,minute.maid,0.0,3.17,3584.0
1990-07-11,68,minute.maid,0.0,3.17,3136.0
1990-07-18,68,minute.maid,1.0,2.59,30080.0
1990-07-25,68,minute.maid,0.0,3.17,4736.0
1990-08-01,68,minute.maid,0.0,3.17,3968.0
1990-08-08,68,minute.maid,1.0,2.39,21312.0
1990-08-15,68,minute.maid,0.0,3.17,3392.0
1990-08-22,68,minute.maid,1.0,1.99,48768.0
1990-08-29,68,minute.maid,0.0,3.17,4288.0
1990-09-05,68,minute.maid,0.0,3.17,3392.0
1990-09-12,68,minute.maid,0.0,3.17,4864.0
1990-09-19,68,minute.maid,0.228682783,2.326737768,4832.0
1990-09-26,68,minute.maid,0.0,3.17,4800.0
1990-10-03,68,minute.maid,0.228682783,2.326737768,7840.0
1990-10-10,68,minute.maid,0.0,3.17,10880.0
1990-10-17,68,minute.maid,1.0,1.99,41216.0
1990-10-24,68,minute.maid,0.0,3.13,2240.0
1990-10-31,68,minute.maid,0.0,3.17,2368.0
1990-11-07,68,minute.maid,1.0,1.99,35072.0
1990-11-14,68,minute.maid,0.0,3.17,2880.0
1990-11-21,68,minute.maid,1.0,1.99,49600.0
1990-11-28,68,minute.maid,0.0,1.99,10240.0
1990-12-05,68,minute.maid,0.0,3.17,12800.0
1990-12-12,68,minute.maid,1.0,1.99,40064.0
1990-12-19,68,minute.maid,0.0,1.99,14400.0
1990-12-26,68,minute.maid,0.0,1.99,17472.0
1991-01-02,68,minute.maid,0.0,1.99,11904.0
1991-01-09,68,minute.maid,0.0,1.99,13056.0
1991-01-16,68,minute.maid,0.0,2.59,3200.0
1991-01-23,68,minute.maid,0.0,2.59,6528.0
1991-01-30,68,minute.maid,1.0,1.99,42240.0
1991-02-06,68,minute.maid,0.0,2.59,7424.0
1991-02-13,68,minute.maid,0.0,2.49,5440.0
1991-02-20,68,minute.maid,0.0,2.49,7168.0
1991-02-27,68,minute.maid,0.0,2.49,14720.0
1991-03-06,68,minute.maid,1.0,1.99,28416.0
1991-03-13,68,minute.maid,0.0,2.59,5056.0
1990-06-20,68,tropicana,0.0,3.87,7872.0
1990-06-27,68,tropicana,0.0,3.87,5952.0
1990-07-04,68,tropicana,0.0,3.87,9408.0
1990-07-11,68,tropicana,0.0,3.87,6528.0
1990-07-18,68,tropicana,0.0,3.87,5184.0
1990-07-25,68,tropicana,0.0,3.87,6336.0
1990-08-01,68,tropicana,0.0,3.87,6016.0
1990-08-08,68,tropicana,0.0,3.87,5120.0
1990-08-15,68,tropicana,0.0,3.87,6272.0
1990-08-22,68,tropicana,0.0,3.87,5376.0
1990-08-29,68,tropicana,0.0,3.87,6976.0
1990-09-05,68,tropicana,0.0,3.87,6656.0
1990-09-12,68,tropicana,0.0,3.29,9088.0
1990-09-19,68,tropicana,0.228682783,2.326737768,8416.0
1990-09-26,68,tropicana,0.0,3.29,7744.0
1990-10-03,68,tropicana,0.228682783,2.326737768,11328.0
1990-10-10,68,tropicana,1.0,2.99,14912.0
1990-10-17,68,tropicana,0.0,2.99,9344.0
1990-10-24,68,tropicana,0.0,2.99,8704.0
1990-10-31,68,tropicana,0.0,3.87,5376.0
1990-11-07,68,tropicana,0.0,3.87,5376.0
1990-11-14,68,tropicana,0.0,3.87,4352.0
1990-11-21,68,tropicana,0.0,3.87,7296.0
1990-11-28,68,tropicana,0.0,2.99,12480.0
1990-12-05,68,tropicana,0.0,2.99,10816.0
1990-12-12,68,tropicana,0.0,3.59,6080.0
1990-12-19,68,tropicana,0.0,3.59,4800.0
1990-12-26,68,tropicana,0.0,2.39,20544.0
1991-01-02,68,tropicana,0.0,2.39,11456.0
1991-01-09,68,tropicana,0.0,3.59,9088.0
1991-01-16,68,tropicana,0.0,2.59,15808.0
1991-01-23,68,tropicana,0.0,2.59,8448.0
1991-01-30,68,tropicana,0.0,3.59,4480.0
1991-02-06,68,tropicana,0.0,3.59,5312.0
1991-02-13,68,tropicana,0.0,2.49,21568.0
1991-02-20,68,tropicana,0.0,3.59,6720.0
1991-02-27,68,tropicana,0.0,3.59,4672.0
1991-03-06,68,tropicana,0.0,3.59,5184.0
1991-03-13,68,tropicana,0.0,3.59,6336.0
