data/dominicks_oj_data/dominicks_oj_staggered.csv
date,store,brand,on_promotion,price,quantity
1990-06-20,70,minute.maid,0.0,2.62,5184.0
1990-06-27,70,minute.maid,1.0,1.99,24320.0
1990-07-04,70,minute.maid,0.0,2.62,6080.0
1990-07-11,70,minute.maid,0.0,2.62,6144.0
1990-07-18,70,minute.maid,1.0,2.59,20544.0
1990-07-25,70,minute.maid,0.0,2.62,5440.0
1990-08-01,70,minute.maid,0.0,2.62,11840.0
1990-08-08,70,minute.maid,1.0,2.39,12672.0
1990-08-15,70,minute.maid,0.0,2.62,5952.0
1990-08-22,70,minute.maid,1.0,1.99,29248.0
1990-08-29,70,minute.maid,0.0,2.62,5632.0
1990-09-05,70,minute.maid,0.0,2.62,6464.0
1990-09-12,70,minute.maid,0.0,2.62,5312.0
1990-09-19,70,minute.maid,1.0,2.19,25088.0
1990-09-26,70,minute.maid,0.0,2.62,5824.0
1990-10-03,70,minute.maid,0.0,2.62,5760.0
1990-10-10,70,minute.maid,0.0,2.62,10496.0
1990-10-17,70,minute.maid,1.0,1.99,27968.0
1990-10-24,70,minute.maid,0.0,2.51,6144.0
1990-10-31,70,minute.maid,0.0,2.62,5696.0
1990-11-07,70,minute.maid,1.0,1.99,29632.0
1990-11-14,70,minute.maid,0.0,2.62,6016.0
1990-11-21,70,minute.maid,1.0,1.99,28032.0
1990-11-28,70,minute.maid,0.0,1.99,8960.0
1990-12-05,70,minute.maid,0.0,2.62,10688.0
1990-12-12,70,minute.maid,1.0,1.99,22144.0
1990-12-19,70,minute.maid,0.0,1.99,13696.0
1990-12-26,70,minute.maid,0.0,1.99,15488.0
1991-01-02,70,minute.maid,0.0,1.99,10368.0
1991-01-09,70,minute.maid,0.0,1.99,10752.0
1991-01-16,70,minute.maid,0.0,1.98,8064.0
1991-01-23,70,minute.maid,0.0,1.98,9792.0
1991-01-30,70,minute.maid,1.0,1.98,28736.0
1991-02-06,70,minute.maid,0.0,1.98,11392.0
1991-02-13,70,minute.maid,0.0,1.89,15104.0
1991-02-20,70,minute.maid,0.0,1.89,11008.0
1991-02-27,70,minute.maid,0.0,1.89,14656.0
1991-03-06,70,minute.maid,1.0,1.98,12160.0
1991-03-13,70,minute.maid,0.0,1.98,7552.0
1990-06-20,70,tropicana,0.0,2.59,8000.0
1990-06-27,70,tropicana,0.0,2.64,9152.0
1990-07-04,70,tropicana,0.0,2.67,10432.0
1990-07-11,70,tropicana,0.0,2.66,9152.0
1990-07-18,70,tropicana,0.0,2.67,7808.0
1990-07-25,70,tropicana,0.0,2.65,9728.0
1990-08-01,70,tropicana,0.0,2.66,8512.0
1990-08-08,70,tropicana,0.0,2.65,8960.0
1990-08-15,70,tropicana,0.0,2.65,10496.0
1990-08-22,70,tropicana,0.0,2.68,8960.0
1990-08-29,70,tropicana,0.0,2.66,8768.0
1990-09-05,70,tropicana,0.0,2.66,9536.0
1990-09-12,70,tropicana,0.0,2.66,11008.0
1990-09-19,70,tropicana,0.0,2.64,10048.0
1990-09-26,70,tropicana,0.0,2.68,10112.0
1990-10-03,70,tropicana,0.0,2.66,10112.0
1990-10-10,70,tropicana,1.0,2.66,12864.0
1990-10-17,70,tropicana,0.0,2.64,7168.0
1990-10-24,70,tropicana,0.0,2.64,8192.0
1990-10-31,70,tropicana,0.0,2.64,8448.0
1990-11-07,70,tropicana,0.0,2.65,9472.0
1990-11-14,70,tropicana,0.0,2.65,9408.0
1990-11-21,70,tropicana,0.0,2.64,12416.0
1990-11-28,70,tropicana,0.0,2.65,7936.0
1990-12-05,70,tropicana,0.0,2.59,11136.0
1990-12-12,70,tropicana,0.0,2.59,9152.0
1990-12-19,70,tropicana,0.0,2.59,8832.0
1990-12-26,70,tropicana,0.0,2.39,19200.0
1991-01-02,70,tropicana,0.0,2.39,11840.0
1991-01-09,70,tropicana,0.0,2.59,7360.0
1991-01-16,70,tropicana,0.0,2.59,10816.0
1991-01-23,70,tropicana,0.0,2.59,6912.0
1991-01-30,70,tropicana,0.0,2.59,9024.0
1991-02-06,70,tropicana,0.0,2.59,7552.0
1991-02-13,70,tropicana,0.0,2.49,13632.0
1991-02-20,70,tropicana,0.0,2.59,10880.0
1991-02-27,70,tropicana,0.0,2.59,9472.0
1991-03-06,70,tropicana,0.0,2.59,9920.0
1991-03-13,70,tropicana,0.0,2.59,7296.0
1990-06-20,71,minute.maid,0.0,3.17,1984.0
1990-06-27,71,minute.maid,1.0,1.99,55808.0
1990-07-04,71,minute.maid,0.0,3.17,2944.0
1990-07-11,71,minute.maid,0.0,3.17,1920.0
1990-07-18,71,minute.maid,1.0,2.59,34240.0
1990-07-25,71,minute.maid,0.0,3.17,2496.0
1990-08-01,71,minute.maid,0.0,3.17,22272.0
1990-08-08,71,minute.maid,1.0,2.39,23680.0
1990-08-15,71,minute.maid,0.0,3.17,1728.0
1990-08-22,71,minute.maid,1.0,1.99,53888.0
1990-08-29,71,minute.maid,0.0,3.17,1984.0
1990-09-05,71,minute.maid,0.0,3.17,2944.0
1990-09-12,71,minute.maid,0.0,3.17,2048.0
1990-09-19,71,minute.maid,1.0,2.19,23360.0
1990-09-26,71,minute.maid,0.0,3.17,2240.0
1990-10-03,71,minute.maid,0.0,3.17,2240.0
1990-10-10,71,minute.maid,0.0,3.17,10240.0
1990-10-17,71,minute.maid,1.0,1.99,41152.0
1990-10-24,71,minute.maid,0.0,2.66,4800.0
1990-10-31,71,minute.maid,0.0,3.17,1280.0
1990-11-07,71,minute.maid,1.0,1.99,29376.0
1990-11-14,71,minute.maid,0.0,3.17,1664.0
1990-11-21,71,minute.maid,1.0,1.99,47744.0
1990-11-28,71,minute.maid,0.0,1.99,7552.0
1990-12-05,71,minute.maid,0.0,3.17,11840.0
1990-12-12,71,minute.maid,1.0,1.99,43968.0
1990-12-19,71,minute.maid,0.0,1.99,16256.0
1990-12-26,71,minute.maid,0.0,1.99,21248.0
1991-01-02,71,minute.maid,0.0,1.99,9664.0
1991-01-09,71,minute.maid,0.0,1.99,12800.0
1991-01-16,71,minute.maid,0.0,2.59,2432.0
1991-01-23,71,minute.maid,0.0,2.59,4096.0
1991-01-30,71,minute.maid,1.0,1.99,52352.0
1991-02-06,71,minute.maid,0.0,2.59,4928.0
1991-02-13,71,minute.maid,0.0,2.49,4224.0
1991-02-20,71,minute.maid,0.0,2.49,2816.0
1991-02-27,71,minute.maid,0.0,2.49,8320.0
1991-03-06,71,minute.maid,1.0,1.99,34048.0
1991-03-13,71,minute.maid,0.0,2.59,2240.0
1990-06-20,71,tropicana,0.0,3.87,5888.0
1990-06-27,71,tropicana,0.0,3.87,4224.0
1990-07-04,71,tropicana,0.0,3.87,5696.0
1990-07-11,71,tropicana,0.0,3.87,4096.0
1990-07-18,71,tropicana,0.0,3.87,2624.0
1990-07-25,71,tropicana,0.0,3.87,4672.0
1990-08-01,71,tropicana,0.0,3.87,3776.0
1990-08-08,71,tropicana,0.0,3.87,3584.0
1990-08-15,71,tropicana,0.0,3.87,4672.0
1990-08-22,71,tropicana,0.0,3.87,3584.0
1990-08-29,71,tropicana,0.0,3.87,4352.0
1990-09-05,71,tropicana,0.0,3.87,3904.0
1990-09-12,71,tropicana,0.0,3.29,6592.0
1990-09-19,71,tropicana,0.0,3.29,5184.0
1990-09-26,71,tropicana,0.0,3.29,6272.0
1990-10-03,71,tropicana,0.0,3.87,5376.0
1990-10-10,71,tropicana,1.0,3.29,8192.0
1990-10-17,71,tropicana,0.0,3.29,3904.0
1990-10-24,71,tropicana,0.0,3.56,4160.0
1990-10-31,71,tropicana,0.0,3.56,3072.0
1990-11-07,71,tropicana,0.0,3.56,7936.0
1990-11-14,71,tropicana,0.0,3.56,6848.0
1990-11-21,71,tropicana,0.0,3.87,6528.0
1990-11-28,71,tropicana,0.0,2.99,8960.0
1990-12-05,71,tropicana,0.0,2.99,9920.0
1990-12-12,71,tropicana,0.0,3.59,3776.0
1990-12-19,71,tropicana,0.0,3.59,4288.0
1990-12-26,71,tropicana,0.0,2.39,34112.0
1991-01-02,71,tropicana,0.0,2.39,10304.0
1991-01-09,71,tropicana,0.0,3.59,8128.0
1991-01-16,71,tropicana,0.0,2.59,17536.0
1991-01-23,71,tropicana,0.0,2.59,9728.0
1991-01-30,71,tropicana,0.0,3.59,4672.0
1991-02-06,71,tropicana,0.0,3.59,4608.0
1991-02-13,71,tropicana,0.0,2.49,23552.0
1991-02-20,71,tropicana,0.0,3.59,7232.0
1991-02-27,71,tropicana,0.0,3.59,5120.0
1991-03-06,71,tropicana,0.0,3.59,3584.0
1991-03-13,71,tropicana,0.0,3.59,4096.0
1990-06-20,72,minute.maid,0.0,3.17,4096.0
1990-06-27,72,minute.maid,0.228682783,2.326737768,4096.0
1990-07-04,72,minute.maid,0.228682783,2.326737768,4096.0
1990-07-11,72,minute.maid,0.0,3.17,4096.0
1990-07-18,72,minute.maid,1.0,2.59,42752.0
1990-07-25,72,minute.maid,0.0,3.17,13312.0
1990-08-01,72,minute.maid,0.0,3.17,6784.0
1990-08-08,72,minute.maid,1.0,2.39,24000.0
1990-08-15,72,minute.maid,0.0,3.17,2880.0
1990-08-22,72,minute.maid,0.228682783,2.326737768,3040.0
1990-08-29,72,minute.maid,0.0,3.17,3200.0
1990-09-05,72,minute.maid,0.0,3.17,2944.0
1990-09-12,72,minute.maid,0.0,3.17,3072.0
1990-09-19,72,minute.maid,1.0,2.19,27776.0
1990-09-26,72,minute.maid,0.0,3.17,3136.0
1990-10-03,72,minute.maid,0.0,3.17,3008.0
1990-10-10,72,minute.maid,0.0,3.17,6848.0
1990-10-17,72,minute.maid,1.0,1.99,38272.0
1990-10-24,72,minute.maid,0.0,2.61,5184.0
1990-10-31,72,minute.maid,0.0,3.17,8064.0
1990-11-07,72,minute.maid,1.0,1.99,32064.0
1990-11-14,72,minute.maid,0.0,3.17,3328.0
1990-11-21,72,minute.maid,1.0,1.99,38656.0
1990-11-28,72,minute.maid,0.0,1.99,16576.0
1990-12-05,72,minute.maid,0.0,3.17,13120.0
1990-12-12,72,minute.maid,1.0,1.99,33152.0
1990-12-19,72,minute.maid,0.0,1.99,16448.0
1990-12-26,72,minute.maid,0.0,1.99,17472.0
1991-01-02,72,minute.maid,0.0,1.99,10752.0
1991-01-09,72,minute.maid,0.0,1.99,16384.0
1991-01-16,72,minute.maid,0.0,2.59,4672.0
1991-01-23,72,minute.maid,0.0,2.59,5824.0
1991-01-30,72,minute.maid,1.0,1.99,39168.0
1991-02-06,72,minute.maid,0.0,2.59,6656.0
1991-02-13,72,minute.maid,0.0,2.49,5760.0
1991-02-20,72,minute.maid,0.0,2.49,4608.0
1991-02-27,72,minute.maid,0.0,2.49,7424.0
1991-03-06,72,minute.maid,1.0,1.99,31040.0
1991-03-13,72,minute.maid,0.0,2.59,3264.0
1990-06-20,72,tropicana,0.0,3.87,11264.0
1990-06-27,72,tropicana,0.228682783,2.326737768,10709.33333
1990-07-04,72,tropicana,0.228682783,2.326737768,10154.66667
1990-07-11,72,tropicana,0.0,3.87,9600.0
1990-07-18,72,tropicana,0.0,3.87,8320.0
1990-07-25,72,tropicana,0.0,3.87,8192.0
1990-08-01,72,tropicana,0.0,3.87,9664.0
1990-08-08,72,tropicana,0.0,3.87,7744.0
1990-08-15,72,tropicana,0.0,3.87,7040.0
1990-08-22,72,tropicana,0.228682783,2.326737768,7712.0
1990-08-29,72,tropicana,0.0,3.87,8384.0
1990-09-05,72,tropicana,0.0,3.87,6592.0
1990-09-12,72,tropicana,0.0,3.29,13952.0
1990-09-19,72,tropicana,0.0,3.29,11392.0
1990-09-26,72,tropicana,0.0,3.29,10368.0
1990-10-03,72,tropicana,0.0,3.87,8000.0
1990-10-10,72,tropicana,1.0,3.29,16128.0
1990-10-17,72,tropicana,0.0,3.29,9472.0
1990-10-24,72,tropicana,0.0,3.56,7168.0
1990-10-31,72,tropicana,0.0,3.56,7744.0
1990-11-07,72,tropicana,0.0,3.56,8000.0
1990-11-14,72,tropicana,0.0,3.56,7360.0
1990-11-21,72,tropicana,0.0,3.87,11456.0
1990-11-28,72,tropicana,0.0,2.99,17216.0
1990-12-05,72,tropicana,0.0,2.99,16064.0
1990-12-12,72,tropicana,0.0,3.59,6976.0
1990-12-19,72,tropicana,0.0,3.59,7680.0
1990-12-26,72,tropicana,0.0,2.39,37248.0
1991-01-02,72,tropicana,0.0,2.39,15616.0
1991-01-09,72,tropicana,0.0,3.59,10688.0
1991-01-16,72,tropicana,0.0,2.59,25088.0
1991-01-23,72,tropicana,0.0,2.59,12864.0
1991-01-30,72,tropicana,0.0,3.59,6144.0
1991-02-06,72,tropicana,0.0,3.59,7104.0
1991-02-13,72,tropicana,0.0,2.49,31552.0
1991-02-20,72,tropicana,0.0,3.59,8768.0
1991-02-27,72,tropicana,0.0,3.59,7488.0
1991-03-06,72,tropicana,0.0,3.59,6528.0
1991-03-13,72,tropicana,0.0,3.59,7168.0
1990-06-20,73,minute.maid,0.0,2.62,6976.0
1990-06-27,73,minute.maid,1.0,1.99,58048.0
1990-07-04,73,minute.maid,0.0,2.62,7488.0
1990-07-11,73,minute.maid,0.0,2.62,9536.0
1990-07-18,73,minute.maid,1.0,2.59,42304.0
1990-07-25,73,minute.maid,0.0,2.62,7680.0
1990-08-01,73,minute.maid,0.0,2.62,9152.0
1990-08-08,73,minute.maid,1.0,2.39,30848.0
1990-08-15,73,minute.maid,0.0,2.62,5824.0
1990-08-22,73,minute.maid,1.0,1.99,76096.0
1990-08-29,73,minute.maid,0.0,2.62,3648.0
1990-09-05,73,minute.maid,0.0,2.62,7168.0
1990-09-12,73,minute.maid,0.0,2.62,5888.0
1990-09-19,73,minute.maid,1.0,2.19,25792.0
1990-09-26,73,minute.maid,0.0,2.62,4288.0
1990-10-03,73,minute.maid,0.0,2.62,4544.0
1990-10-10,73,minute.maid,0.0,2.62,14656.0
1990-10-17,73,minute.maid,1.0,1.99,78528.0
1990-10-24,73,minute.maid,0.0,2.47,6336.0
1990-10-31,73,minute.maid,0.0,2.62,9600.0
1990-11-07,73,minute.maid,1.0,1.99,51200.0
1990-11-14,73,minute.maid,0.0,2.62,6976.0
1990-11-21,73,minute.maid,1.0,1.99,87040.0
1990-11-28,73,minute.maid,0.0,1.99,34048.0
1990-12-05,73,minute.maid,0.0,2.62,19776.0
1990-12-12,73,minute.maid,1.0,1.99,63680.0
1990-12-19,73,minute.maid,0.0,1.99,30080.0
1990-12-26,73,minute.maid,0.0,1.99,18624.0
1991-01-02,73,minute.maid,0.0,1.99,23040.0
1991-01-09,73,minute.maid,0.0,1.99,14400.0
1991-01-16,73,minute.maid,0.0,2.17,6528.0
1991-01-23,73,minute.maid,0.0,2.17,9856.0
1991-01-30,73,minute.maid,1.0,1.99,50432.0
1991-02-06,73,minute.maid,0.0,2.17,10432.0
1991-02-13,73,minute.maid,0.0,2.12,10240.0
1991-02-20,73,minute.maid,0.0,2.12,7744.0
1991-02-27,73,minute.maid,0.0,2.12,9664.0
1991-03-06,73,minute.maid,1.0,1.99,52096.0
1991-03-13,73,minute.maid,0.0,2.17,5632.0
1990-06-20,73,tropicana,0.0,3.19,12992.0
1990-06-27,73,tropicana,0.0,3.19,8832.0
1990-07-04,73,tropicana,0.0,3.19,11776.0
1990-07-11,73,tropicana,0.0,3.19,10112.0
1990-07-18,73,tropicana,0.0,3.19,7424.0
1990-07-25,73,tropicana,0.0,3.19,8832.0
1990-08-01,73,tropicana,0.0,3.19,8064.0
1990-08-08,73,tropicana,0.0,3.19,8128.0
1990-08-15,73,tropicana,0.0,3.19,10752.0
1990-08-22,73,tropicana,0.0,3.19,9216.0
1990-08-29,73,tropicana,0.0,3.19,8000.0
1990-09-05,73,tropicana,0.0,3.19,10432.0
1990-09-12,73,tropicana,0.0,3.19,8960.0
1990-09-19,73,tropicana,0.0,3.19,6336.0
1990-09-26,73,tropicana,0.0,3.19,7104.0
1990-10-03,73,tropicana,0.0,3.19,9024.0
1990-10-10,73,tropicana,1.0,3.19,13248.0
1990-10-17,73,tropicana,0.0,3.19,8512.0
1990-10-24,73,tropicana,0.0,3.04,7744.0
1990-10-31,73,tropicana,0.0,3.04,10240.0
1990-11-07,73,tropicana,0.0,3.04,8512.0
1990-11-14,73,tropicana,0.0,3.04,8896.0
1990-11-21,73,tropicana,0.0,3.19,11264.0
1990-11-28,73,tropicana,0.0,2.99,15296.0
1990-12-05,73,tropicana,0.0,2.99,12096.0
1990-12-12,73,tropicana,0.0,2.99,8960.0
1990-12-19,73,tropicana,0.0,2.99,8000.0
1990-12-26,73,tropicana,0.0,2.39,51264.0
1991-01-02,73,tropicana,0.0,2.39,35712.0
1991-01-09,73,tropicana,0.0,2.99,17216.0
1991-01-16,73,tropicana,0.0,2.59,23168.0
1991-01-23,73,tropicana,0.0,2.59,14912.0
1991-01-30,73,tropicana,0.0,2.99,8832.0
1991-02-06,73,tropicana,0.0,2.99,11968.0
1991-02-13,73,tropicana,0.0,2.49,23872.0
1991-02-20,73,tropicana,0.0,2.99,11008.0
1991-02-27,73,tropicana,0.0,2.99,7488.0
1991-03-06,73,tropicana,0.0,2.99,10112.0
1991-03-13,73,tropicana,0.0,2.99,7616.0
1990-06-20,75,minute.maid,0.0,3.17,4096.0
1990-06-27,75,minute.maid,1.0,1.99,46912.0
1990-07-04,75,minute.maid,0.0,3.17,4736.0
1990-07-11,75,minute.maid,0.0,3.17,4480.0
1990-07-18,75,minute.maid,1.0,2.59,33472.0
1990-07-25,75,minute.maid,0.0,3.17,3712.0
1990-08-01,75,minute.maid,0.0,3.17,8704.0
1990-08-08,75,minute.maid,1.0,2.39,28224.0
1990-08-15,75,minute.maid,0.0,3.17,3328.0
1990-08-22,75,minute.maid,1.0,1.99,43968.0
1990-08-29,75,minute.maid,0.0,3.17,3392.0
1990-09-05,75,minute.maid,0.0,3.17,4800.0
1990-09-12,75,minute.maid,0.0,3.17,4032.0
1990-09-19,75,minute.maid,1.0,2.19,17856.0
1990-09-26,75,minute.maid,0.0,3.17,2752.0
1990-10-03,75,minute.maid,0.0,3.17,3584.0
1990-10-10,75,minute.maid,0.0,3.17,10112.0
1990-10-17,75,minute.maid,1.0,1.99,41984.0
1990-10-24,75,minute.maid,0.0,2.85,4608.0
1990-10-31,75,minute.maid,0.0,3.17,3008.0
1990-11-07,75,minute.maid,1.0,1.99,43520.0
1990-11-14,75,minute.maid,0.0,3.17,3136.0
1990-11-21,75,minute.maid,1.0,1.99,51328.0
1990-11-28,75,minute.maid,0.0,1.99,16320.0
1990-12-05,75,minute.maid,0.0,3.17,11648.0
1990-12-12,75,minute.maid,1.0,1.99,40064.0
1990-12-19,75,minute.maid,0.0,1.99,21888.0
1990-12-26,75,minute.maid,0.0,1.99,18368.0
1991-01-02,75,minute.maid,0.0,1.99,13952.0
1991-01-09,75,minute.maid,0.0,1.99,17408.0
1991-01-16,75,minute.maid,0.0,2.59,3968.0
1991-01-23,75,minute.maid,0.0,2.59,7168.0
1991-01-30,75,minute.maid,1.0,1.99,39872.0
1991-02-06,75,minute.maid,0.0,2.59,7936.0
1991-02-13,75,minute.maid,0.0,2.49,6464.0
1991-02-20,75,minute.maid,0.0,2.49,16960.0
1991-02-27,75,minute.maid,0.0,2.49,12288.0
1991-03-06,75,minute.maid,1.0,1.99,36480.0
1991-03-13,75,minute.maid,0.0,2.59,3200.0
1990-06-20,75,tropicana,0.0,3.87,7872.0
1990-06-27,75,tropicana,0.0,3.87,4416.0
1990-07-04,75,tropicana,0.0,3.87,8256.0
1990-07-11,75,tropicana,0.0,3.87,5568.0
1990-07-18,75,tropicana,0.0,3.87,4800.0
1990-07-25,75,tropicana,0.0,3.87,7168.0
1990-08-01,75,tropicana,0.0,3.87,5824.0
1990-08-08,75,tropicana,0.0,3.87,6464.0
1990-08-15,75,tropicana,0.0,3.87,7744.0
1990-08-22,75,tropicana,0.0,3.87,4608.0
1990-08-29,75,tropicana,0.0,3.87,6912.0
1990-09-05,75,tropicana,0.0,3.87,6464.0
1990-09-12,75,tropicana,0.0,3.29,10368.0
1990-09-19,75,tropicana,0.0,3.29,6848.0
1990-09-26,75,tropicana,0.0,3.29,8640.0
1990-10-03,75,tropicana,0.0,3.87,5120.0
1990-10-10,75,tropicana,1.0,2.99,18816.0
1990-10-17,75,tropicana,0.0,2.99,11840.0
1990-10-24,75,tropicana,0.0,2.99,11648.0
1990-10-31,75,tropicana,0.0,3.87,5888.0
1990-11-07,75,tropicana,0.0,3.87,4544.0
1990-11-14,75,tropicana,0.0,3.87,6208.0
1990-11-21,75,tropicana,0.0,3.87,8320.0
1990-11-28,75,tropicana,0.0,2.99,11648.0
1990-12-05,75,tropicana,0.0,2.99,13760.0
1990-12-12,75,tropicana,0.0,3.59,4800.0
1990-12-19,75,tropicana,0.0,3.59,5824.0
1990-12-26,75,tropicana,0.0,2.39,19072.0
1991-01-02,75,tropicana,0.0,2.39,13184.0
1991-01-09,75,tropicana,0.0,3.59,9920.0
1991-01-16,75,tropicana,0.0,2.59,22144.0
1991-01-23,75,tropicana,0.0,2.59,13056.0
1991-01-30,75,tropicana,0.0,3.59,6912.0
1991-02-06,75,tropicana,0.0,3.59,6912.0
1991-02-13,75,tropicana,0.0,2.49,23680.0
1991-02-20,75,tropicana,0.0,3.59,7808.0
1991-02-27,75,tropicana,0.0,3.59,7552.0
1991-03-06,75,tropicana,0.0,3.59,6080.0
1991-03-13,75,tropicana,0.0,3.59,5824.0
