data/dominicks_oj_data/dominicks_oj_staggered.csv
date,store,brand,on_promotion,price,quantity
1990-06-20,76,minute.maid,0.0,2.62,5312.0
1990-06-27,76,minute.maid,1.0,1.99,42176.0
1990-07-04,76,minute.maid,0.0,2.62,5568.0
1990-07-11,76,minute.maid,0.0,2.62,6272.0
1990-07-18,76,minute.maid,1.0,2.59,30144.0
1990-07-25,76,minute.maid,0.228682783,2.326737768,28522.66667
1990-08-01,76,minute.maid,0.228682783,2.326737768,26901.33333
1990-08-08,76,minute.maid,1.0,2.39,25280.0
1990-08-15,76,minute.maid,0.0,2.62,4672.0
1990-08-22,76,minute.maid,1.0,1.99,53120.0
1990-08-29,76,minute.maid,0.0,2.62,4096.0
1990-09-05,76,minute.maid,0.0,2.99,5888.0
1990-09-12,76,minute.maid,0.0,2.99,4160.0
1990-09-19,76,minute.maid,1.0,2.62,29184.0
1990-09-26,76,minute.maid,0.0,2.62,4224.0
1990-10-03,76,minute.maid,0.228682783,2.326737768,17941.33333
1990-10-10,76,minute.maid,0.228682783,2.326737768,31658.66667
1990-10-17,76,minute.maid,1.0,1.99,45376.0
1990-10-24,76,minute.maid,0.0,2.54,4672.0
1990-10-31,76,minute.maid,0.0,2.62,4352.0
1990-11-07,76,minute.maid,1.0,1.99,31232.0
1990-11-14,76,minute.maid,0.0,2.74,3392.0
1990-11-21,76,minute.maid,1.0,1.99,58112.0
1990-11-28,76,minute.maid,0.0,1.99,6912.0
1990-12-05,76,minute.maid,0.0,2.74,11072.0
1990-12-12,76,minute.maid,1.0,1.99,49408.0
1990-12-19,76,minute.maid,0.0,1.99,13312.0
1990-12-26,76,minute.maid,0.0,1.99,16896.0
1991-01-02,76,minute.maid,0.0,1.99,9088.0
1991-01-09,76,minute.maid,0.0,1.99,14016.0
1991-01-16,76,minute.maid,0.0,2.74,3072.0
1991-01-23,76,minute.maid,0.0,2.74,5760.0
1991-01-30,76,minute.maid,1.0,1.99,55680.0
1991-02-06,76,minute.maid,0.0,2.46,5952.0
1991-02-13,76,minute.maid,0.0,2.41,6400.0
1991-02-20,76,minute.maid,0.0,2.41,6080.0
1991-02-27,76,minute.maid,0.0,2.41,8128.0
1991-03-06,76,minute.maid,1.0,1.99,38016.0
1991-03-13,76,minute.maid,0.0,2.46,4736.0
1990-06-20,76,tropicana,0.0,3.19,8128.0
1990-06-27,76,tropicana,0.0,3.19,5888.0
1990-07-04,76,tropicana,0.0,3.19,10368.0
1990-07-11,76,tropicana,0.0,3.19,6912.0
1990-07-18,76,tropicana,0.0,3.19,5120.0
1990-07-25,76,tropicana,0.228682783,2.326737768,5205.333333
1990-08-01,76,tropicana,0.228682783,2.326737768,5290.666667
1990-08-08,76,tropicana,0.0,3.19,5376.0
1990-08-15,76,tropicana,0.0,3.19,6336.0
1990-08-22,76,tropicana,0.0,3.19,7552.0
1990-08-29,76,tropicana,0.0,3.19,5184.0
1990-09-05,76,tropicana,0.0,3.66,7232.0
1990-09-12,76,tropicana,0.0,3.29,6784.0
1990-09-19,76,tropicana,0.0,3.29,6656.0
1990-09-26,76,tropicana,0.0,3.29,5376.0
1990-10-03,76,tropicana,0.228682783,2.326737768,6784.0
1990-10-10,76,tropicana,0.228682783,2.326737768,8192.0
1990-10-17,76,tropicana,0.0,2.99,9600.0
1990-10-24,76,tropicana,0.0,2.99,7552.0
1990-10-31,76,tropicana,0.0,3.66,3840.0
1990-11-07,76,tropicana,0.0,3.66,4992.0
1990-11-14,76,tropicana,0.0,3.66,4864.0
1990-11-21,76,tropicana,0.0,3.66,7936.0
1990-11-28,76,tropicana,0.0,2.99,15040.0
1990-12-05,76,tropicana,0.0,2.99,11520.0
1990-12-12,76,tropicana,0.0,3.39,5376.0
1990-12-19,76,tropicana,0.0,3.39,6336.0
1990-12-26,76,tropicana,0.0,2.39,32000.0
1991-01-02,76,tropicana,0.0,2.39,11136.0
1991-01-09,76,tropicana,0.0,3.39,7232.0
1991-01-16,76,tropicana,0.0,2.59,18752.0
1991-01-23,76,tropicana,0.0,2.59,9280.0
1991-01-30,76,tropicana,0.0,3.39,4544.0
1991-02-06,76,tropicana,0.0,3.39,5184.0
1991-02-13,76,tropicana,0.0,2.49,30720.0
1991-02-20,76,tropicana,0.0,3.39,6400.0
1991-02-27,76,tropicana,0.0,3.39,5824.0
1991-03-06,76,tropicana,0.0,3.39,5504.0
1991-03-13,76,tropicana,0.0,3.39,4288.0
1990-06-20,77,minute.maid,0.0,2.62,6272.0
1990-06-27,77,minute.maid,1.0,1.99,24128.0
1990-07-04,77,minute.maid,0.228682783,2.326737768,14368.0
1990-07-11,77,minute.maid,0.0,2.62,4608.0
1990-07-18,77,minute.maid,1.0,2.59,18560.0
1990-07-25,77,minute.maid,0.0,2.62,4480.0
1990-08-01,77,minute.maid,0.0,2.62,8960.0
1990-08-08,77,minute.maid,1.0,2.39,13824.0
1990-08-15,77,minute.maid,0.0,2.62,4352.0
1990-08-22,77,minute.maid,1.0,1.99,29568.0
1990-08-29,77,minute.maid,0.0,2.62,4352.0
1990-09-05,77,minute.maid,0.0,2.62,6848.0
1990-09-12,77,minute.maid,0.0,2.62,5696.0
1990-09-19,77,minute.maid,1.0,2.19,19968.0
1990-09-26,77,minute.maid,0.0,2.62,5632.0
1990-10-03,77,minute.maid,0.0,2.62,6144.0
1990-10-10,77,minute.maid,0.0,2.62,9920.0
1990-10-17,77,minute.maid,1.0,1.99,26560.0
1990-10-24,77,minute.maid,0.0,2.44,7104.0
1990-10-31,77,minute.maid,0.0,2.62,5056.0
1990-11-07,77,minute.maid,1.0,1.99,26496.0
1990-11-14,77,minute.maid,0.0,2.62,4416.0
1990-11-21,77,minute.maid,1.0,1.99,22592.0
1990-11-28,77,minute.maid,0.0,1.99,8128.0
1990-12-05,77,minute.maid,0.0,2.62,10176.0
1990-12-12,77,minute.maid,1.0,1.99,16000.0
1990-12-19,77,minute.maid,0.0,1.99,10304.0
1990-12-26,77,minute.maid,0.0,1.99,12288.0
1991-01-02,77,minute.maid,0.0,1.99,8320.0
1991-01-09,77,minute.maid,0.0,1.99,10688.0
1991-01-16,77,minute.maid,0.0,1.98,6016.0
1991-01-23,77,minute.maid,0.0,1.98,5824.0
1991-01-30,77,minute.maid,1.0,1.98,19328.0
1991-02-06,77,minute.maid,0.0,1.98,9088.0
1991-02-13,77,minute.maid,0.0,1.89,9344.0
1991-02-20,77,minute.maid,0.0,1.89,6272.0
1991-02-27,77,minute.maid,0.0,1.89,9152.0
1991-03-06,77,minute.maid,1.0,1.98,12096.0
1991-03-13,77,minute.maid,0.0,1.98,6592.0
1990-06-20,77,tropicana,0.0,3.19,9728.0
1990-06-27,77,tropicana,0.0,3.19,6400.0
1990-07-04,77,tropicana,0.228682783,2.326737768,6272.0
1990-07-11,77,tropicana,0.0,3.19,6144.0
1990-07-18,77,tropicana,0.0,3.19,6272.0
1990-07-25,77,tropicana,0.0,3.19,7040.0
1990-08-01,77,tropicana,0.0,3.19,6272.0
1990-08-08,77,tropicana,0.0,3.19,4800.0
1990-08-15,77,tropicana,0.0,3.19,6784.0
1990-08-22,77,tropicana,0.0,3.19,5568.0
1990-08-29,77,tropicana,0.0,3.19,8832.0
1990-09-05,77,tropicana,0.0,3.19,6400.0
1990-09-12,77,tropicana,0.0,3.19,8320.0
1990-09-19,77,tropicana,0.0,3.19,6528.0
1990-09-26,77,tropicana,0.0,3.19,12672.0
1990-10-03,77,tropicana,0.0,3.19,7552.0
1990-10-10,77,tropicana,1.0,3.19,8960.0
1990-10-17,77,tropicana,0.0,3.19,6400.0
1990-10-24,77,tropicana,0.0,3.19,5312.0
1990-10-31,77,tropicana,0.0,3.19,7040.0
1990-11-07,77,tropicana,0.0,3.19,6080.0
1990-11-14,77,tropicana,0.0,3.19,6592.0
1990-11-21,77,tropicana,0.0,3.19,7552.0
1990-11-28,77,tropicana,0.0,2.99,11072.0
1990-12-05,77,tropicana,0.0,2.99,11520.0
1990-12-12,77,tropicana,0.0,2.73,8896.0
1990-12-19,77,tropicana,0.0,2.73,8768.0
1990-12-26,77,tropicana,0.0,2.39,19520.0
1991-01-02,77,tropicana,0.0,2.39,14720.0
1991-01-09,77,tropicana,0.0,2.73,11840.0
1991-01-16,77,tropicana,0.0,2.59,12352.0
1991-01-23,77,tropicana,0.0,2.59,9920.0
1991-01-30,77,tropicana,0.0,2.73,8960.0
1991-02-06,77,tropicana,0.0,2.73,7744.0
1991-02-13,77,tropicana,0.0,2.49,12544.0
1991-02-20,77,tropicana,0.0,2.73,8896.0
1991-02-27,77,tropicana,0.0,2.73,9280.0
1991-03-06,77,tropicana,0.0,2.73,7552.0
1991-03-13,77,tropicana,0.0,2.73,7744.0
1990-06-20,78,minute.maid,0.0,2.62,4800.0
1990-06-27,78,minute.maid,1.0,1.99,52480.0
1990-07-04,78,minute.maid,0.0,2.62,4736.0
1990-07-11,78,minute.maid,0.0,2.62,5632.0
1990-07-18,78,minute.maid,1.0,2.59,32832.0
1990-07-25,78,minute.maid,0.0,2.62,4480.0
1990-08-01,78,minute.maid,0.0,2.62,10304.0
1990-08-08,78,minute.maid,1.0,2.39,19712.0
1990-08-15,78,minute.maid,0.0,2.62,3776.0
1990-08-22,78,minute.maid,1.0,1.99,44736.0
1990-08-29,78,minute.maid,0.0,2.62,4992.0
1990-09-05,78,minute.maid,0.0,2.62,5952.0
1990-09-12,78,minute.maid,0.0,2.62,4800.0
1990-09-19,78,minute.maid,1.0,2.19,24640.0
1990-09-26,78,minute.maid,0.0,2.62,4992.0
1990-10-03,78,minute.maid,0.0,2.62,6464.0
1990-10-10,78,minute.maid,0.0,2.62,9856.0
1990-10-17,78,minute.maid,1.0,1.99,36864.0
1990-10-24,78,minute.maid,0.0,2.49,5120.0
1990-10-31,78,minute.maid,0.0,2.62,4672.0
1990-11-07,78,minute.maid,1.0,1.99,36544.0
1990-11-14,78,minute.maid,0.0,2.62,3648.0
1990-11-21,78,minute.maid,1.0,1.99,39616.0
1990-11-28,78,minute.maid,0.0,1.99,8832.0
1990-12-05,78,minute.maid,0.0,2.62,9792.0
1990-12-12,78,minute.maid,1.0,1.99,28096.0
1990-12-19,78,minute.maid,0.0,1.99,9216.0
1990-12-26,78,minute.maid,0.0,1.99,12608.0
1991-01-02,78,minute.maid,0.0,1.99,7936.0
1991-01-09,78,minute.maid,0.0,1.99,11712.0
1991-01-16,78,minute.maid,0.0,1.98,4736.0
1991-01-23,78,minute.maid,0.0,1.98,7168.0
1991-01-30,78,minute.maid,1.0,1.98,41664.0
1991-02-06,78,minute.maid,0.0,1.98,11072.0
1991-02-13,78,minute.maid,0.0,1.89,11008.0
1991-02-20,78,minute.maid,0.0,1.89,10816.0
1991-02-27,78,minute.maid,0.0,1.89,8896.0
1991-03-06,78,minute.maid,1.0,1.98,21056.0
1991-03-13,78,minute.maid,0.0,1.98,5504.0
1990-06-20,78,tropicana,0.0,3.19,5632.0
1990-06-27,78,tropicana,0.0,3.19,3968.0
1990-07-04,78,tropicana,0.0,3.19,6848.0
1990-07-11,78,tropicana,0.0,3.19,5376.0
1990-07-18,78,tropicana,0.0,3.19,4800.0
1990-07-25,78,tropicana,0.0,3.19,6336.0
1990-08-01,78,tropicana,0.0,3.19,4992.0
1990-08-08,78,tropicana,0.0,3.19,5312.0
1990-08-15,78,tropicana,0.0,3.19,6976.0
1990-08-22,78,tropicana,0.0,3.19,4928.0
1990-08-29,78,tropicana,0.0,3.19,6592.0
1990-09-05,78,tropicana,0.0,3.19,4928.0
1990-09-12,78,tropicana,0.0,3.19,5376.0
1990-09-19,78,tropicana,0.0,3.19,6208.0
1990-09-26,78,tropicana,0.0,3.19,7872.0
1990-10-03,78,tropicana,0.0,3.19,6208.0
1990-10-10,78,tropicana,1.0,3.19,5888.0
1990-10-17,78,tropicana,0.0,3.19,5248.0
1990-10-24,78,tropicana,0.0,3.19,3904.0
1990-10-31,78,tropicana,0.0,3.19,4992.0
1990-11-07,78,tropicana,0.0,3.19,5760.0
1990-11-14,78,tropicana,0.0,3.19,4288.0
1990-11-21,78,tropicana,0.0,3.19,8000.0
1990-11-28,78,tropicana,0.0,2.99,7360.0
1990-12-05,78,tropicana,0.0,2.99,9088.0
1990-12-12,78,tropicana,0.0,2.73,5760.0
1990-12-19,78,tropicana,0.0,2.73,6976.0
1990-12-26,78,tropicana,0.0,2.39,22656.0
1991-01-02,78,tropicana,0.0,2.39,8960.0
1991-01-09,78,tropicana,0.0,2.73,8768.0
1991-01-16,78,tropicana,0.0,2.59,11584.0
1991-01-23,78,tropicana,0.0,2.59,7424.0
1991-01-30,78,tropicana,0.0,2.73,5760.0
1991-02-06,78,tropicana,0.0,2.73,7744.0
1991-02-13,78,tropicana,0.0,2.49,14464.0
1991-02-20,78,tropicana,0.0,2.73,9216.0
1991-02-27,78,tropicana,0.0,2.73,8128.0
1991-03-06,78,tropicana,0.0,2.73,7360.0
1991-03-13,78,tropicana,0.0,2.73,5888.0
1990-06-20,80,minute.maid,0.0,2.62,9984.0
1990-06-27,80,minute.maid,0.228682783,2.326737768,10026.66667
1990-07-04,80,minute.maid,0.228682783,2.326737768,10069.33333
1990-07-11,80,minute.maid,0.0,2.62,10112.0
1990-07-18,80,minute.maid,1.0,2.59,24192.0
1990-07-25,80,minute.maid,0.0,2.62,9984.0
1990-08-01,80,minute.maid,0.0,2.62,16448.0
1990-08-08,80,minute.maid,1.0,2.39,23552.0
1990-08-15,80,minute.maid,0.0,2.62,11136.0
1990-08-22,80,minute.maid,1.0,1.99,38464.0
1990-08-29,80,minute.maid,0.0,2.62,7936.0
1990-09-05,80,minute.maid,0.0,2.62,8960.0
1990-09-12,80,minute.maid,0.0,2.62,10240.0
1990-09-19,80,minute.maid,1.0,2.19,31232.0
1990-09-26,80,minute.maid,0.0,2.62,7168.0
1990-10-03,80,minute.maid,0.0,2.62,8192.0
1990-10-10,80,minute.maid,0.0,2.62,13568.0
1990-10-17,80,minute.maid,1.0,1.99,46720.0
1990-10-24,80,minute.maid,0.0,2.35,7552.0
1990-10-31,80,minute.maid,0.0,2.62,9280.0
1990-11-07,80,minute.maid,1.0,1.99,42432.0
1990-11-14,80,minute.maid,0.0,2.62,7360.0
1990-11-21,80,minute.maid,1.0,1.99,39680.0
1990-11-28,80,minute.maid,0.0,1.99,13056.0
1990-12-05,80,minute.maid,0.0,2.62,12608.0
1990-12-12,80,minute.maid,1.0,1.99,29056.0
1990-12-19,80,minute.maid,0.0,1.99,12608.0
1990-12-26,80,minute.maid,0.0,1.99,16832.0
1991-01-02,80,minute.maid,0.0,1.99,9344.0
1991-01-09,80,minute.maid,0.0,1.99,12864.0
1991-01-16,80,minute.maid,0.0,1.98,9984.0
1991-01-23,80,minute.maid,0.0,1.98,7936.0
1991-01-30,80,minute.maid,1.0,1.98,30144.0
1991-02-06,80,minute.maid,0.0,1.98,12096.0
1991-02-13,80,minute.maid,0.0,1.89,14272.0
1991-02-20,80,minute.maid,0.0,1.89,10560.0
1991-02-27,80,minute.maid,0.0,1.89,12224.0
1991-03-06,80,minute.maid,1.0,1.98,12096.0
1991-03-13,80,minute.maid,0.0,1.98,8128.0
1990-06-20,80,tropicana,0.0,3.19,21376.0
1990-06-27,80,tropicana,0.228682783,2.326737768,18602.66667
1990-07-04,80,tropicana,0.228682783,2.326737768,15829.33333
1990-07-11,80,tropicana,0.0,3.19,13056.0
1990-07-18,80,tropicana,0.0,3.19,12672.0
1990-07-25,80,tropicana,0.0,3.19,13888.0
1990-08-01,80,tropicana,0.0,3.19,12864.0
1990-08-08,80,tropicana,0.0,3.19,12672.0
1990-08-15,80,tropicana,0.0,3.19,15808.0
1990-08-22,80,tropicana,0.0,3.19,11456.0
1990-08-29,80,tropicana,0.0,3.19,14784.0
1990-09-05,80,tropicana,0.0,3.19,11072.0
1990-09-12,80,tropicana,0.0,3.19,10816.0
1990-09-19,80,tropicana,0.0,3.19,13888.0
1990-09-26,80,tropicana,0.0,3.19,17472.0
1990-10-03,80,tropicana,0.0,3.19,15296.0
1990-10-10,80,tropicana,1.0,3.19,13568.0
1990-10-17,80,tropicana,0.0,3.19,12096.0
1990-10-24,80,tropicana,0.0,3.19,11136.0
1990-10-31,80,tropicana,0.0,3.19,11392.0
1990-11-07,80,tropicana,0.0,3.19,11456.0
1990-11-14,80,tropicana,0.0,3.19,11520.0
1990-11-21,80,tropicana,0.0,3.19,16960.0
1990-11-28,80,tropicana,0.0,2.99,15488.0
1990-12-05,80,tropicana,0.0,2.99,15552.0
1990-12-12,80,tropicana,0.0,2.73,13760.0
1990-12-19,80,tropicana,0.0,2.73,12544.0
1990-12-26,80,tropicana,0.0,2.39,25984.0
1991-01-02,80,tropicana,0.0,2.39,16320.0
1991-01-09,80,tropicana,0.0,2.73,13376.0
1991-01-16,80,tropicana,0.0,2.59,16448.0
1991-01-23,80,tropicana,0.0,2.59,12288.0
1991-01-30,80,tropicana,0.0,2.73,12160.0
1991-02-06,80,tropicana,0.0,2.73,10816.0
1991-02-13,80,tropicana,0.0,2.49,22976.0
1991-02-20,80,tropicana,0.0,2.73,13824.0
1991-02-27,80,tropicana,0.0,2.73,13376.0
1991-03-06,80,tropicana,0.0,2.73,12160.0
1991-03-13,80,tropicana,0.0,2.73,11072.0
1990-06-20,81,minute.maid,0.0,2.99,4992.0
1990-06-27,81,minute.maid,1.0,1.99,54272.0
1990-07-04,81,minute.maid,0.0,2.99,6208.0
1990-07-11,81,minute.maid,0.0,2.99,7168.0
1990-07-18,81,minute.maid,1.0,2.59,41664.0
1990-07-25,81,minute.maid,0.0,2.99,4992.0
1990-08-01,81,minute.maid,0.0,2.99,12608.0
1990-08-08,81,minute.maid,1.0,2.39,26944.0
1990-08-15,81,minute.maid,0.0,2.99,4992.0
1990-08-22,81,minute.maid,1.0,1.99,56192.0
1990-08-29,81,minute.maid,0.0,2.99,4352.0
1990-09-05,81,minute.maid,0.0,2.99,5632.0
1990-09-12,81,minute.maid,0.228682783,2.326737768,4906.666667
1990-09-19,81,minute.maid,0.228682783,2.326737768,4181.333333
1990-09-26,81,minute.maid,0.0,2.99,3456.0
1990-10-03,81,minute.maid,0.0,2.99,5760.0
1990-10-10,81,minute.maid,0.0,2.99,10112.0
1990-10-17,81,minute.maid,1.0,1.99,46720.0
1990-10-24,81,minute.maid,0.0,2.74,5504.0
1990-10-31,81,minute.maid,0.0,2.99,4352.0
1990-11-07,81,minute.maid,1.0,1.73,65280.0
1990-11-14,81,minute.maid,0.0,2.99,3904.0
1990-11-21,81,minute.maid,1.0,1.99,57408.0
1990-11-28,81,minute.maid,0.0,1.99,14528.0
1990-12-05,81,minute.maid,0.0,2.99,13888.0
1990-12-12,81,minute.maid,0.228682783,2.326737768,14080.0
1990-12-19,81,minute.maid,0.0,1.99,14272.0
1990-12-26,81,minute.maid,0.0,1.99,18176.0
1991-01-02,81,minute.maid,0.0,1.99,12416.0
1991-01-09,81,minute.maid,0.0,1.99,13952.0
1991-01-16,81,minute.maid,0.0,2.71,5696.0
1991-01-23,81,minute.maid,0.0,2.69,8832.0
1991-01-30,81,minute.maid,1.0,1.99,51904.0
1991-02-06,81,minute.maid,0.0,2.46,8960.0
1991-02-13,81,minute.maid,0.0,2.41,8320.0
1991-02-20,81,minute.maid,0.0,2.41,6848.0
1991-02-27,81,minute.maid,0.0,2.41,10624.0
1991-03-06,81,minute.maid,1.0,1.99,26048.0
1991-03-13,81,minute.maid,0.0,2.46,5120.0
1990-06-20,81,tropicana,0.0,3.66,6848.0
1990-06-27,81,tropicana,0.0,3.66,4544.0
1990-07-04,81,tropicana,0.0,3.66,6912.0
1990-07-11,81,tropicana,0.0,3.66,6912.0
1990-07-18,81,tropicana,0.0,3.66,4800.0
1990-07-25,81,tropicana,0.0,3.66,5120.0
1990-08-01,81,tropicana,0.0,3.66,6656.0
1990-08-08,81,tropicana,0.0,3.66,6976.0
1990-08-15,81,tropicana,0.0,3.66,6848.0
1990-08-22,81,tropicana,0.0,3.66,5056.0
1990-08-29,81,tropicana,0.0,3.66,5312.0
1990-09-05,81,tropicana,0.0,3.66,6144.0
1990-09-12,81,tropicana,0.228682783,2.326737768,7786.666667
1990-09-19,81,tropicana,0.228682783,2.326737768,9429.333333
1990-09-26,81,tropicana,0.0,3.29,11072.0
1990-10-03,81,tropicana,0.0,3.66,5824.0
1990-10-10,81,tropicana,1.0,3.29,10816.0
1990-10-17,81,tropicana,0.0,3.29,6016.0
1990-10-24,81,tropicana,0.0,3.51,4736.0
1990-10-31,81,tropicana,0.0,3.51,4544.0
1990-11-07,81,tropicana,0.0,3.51,4928.0
1990-11-14,81,tropicana,0.0,3.51,4928.0
1990-11-21,81,tropicana,0.0,3.66,6272.0
1990-11-28,81,tropicana,0.0,2.99,16896.0
1990-12-05,81,tropicana,0.0,2.99,9472.0
1990-12-12,81,tropicana,0.228682783,2.326737768,6880.0
1990-12-19,81,tropicana,0.0,3.39,4288.0
1990-12-26,81,tropicana,0.0,2.39,35904.0
1991-01-02,81,tropicana,0.0,2.39,9984.0
1991-01-09,81,tropicana,0.0,3.39,8320.0
1991-01-16,81,tropicana,0.0,2.59,16960.0
1991-01-23,81,tropicana,0.0,2.59,7936.0
1991-01-30,81,tropicana,0.0,3.39,4480.0
1991-02-06,81,tropicana,0.0,3.39,5632.0
1991-02-13,81,tropicana,0.0,2.49,23936.0
1991-02-20,81,tropicana,0.0,3.39,7488.0
1991-02-27,81,tropicana,0.0,3.39,6080.0
1991-03-06,81,tropicana,0.0,3.39,5248.0
1991-03-13,81,tropicana,0.0,3.39,5248.0
