data/dominicks_oj_data/dominicks_oj_staggered.csv
date,store,brand,on_promotion,price,quantity
1990-06-20,83,dominicks,1.0,1.59,22720.0
1990-06-27,83,dominicks,0.0,2.29,2048.0
1990-07-04,83,dominicks,0.228682783,2.326737768,3104.0
1990-07-11,83,dominicks,0.0,2.29,4160.0
1990-07-18,83,dominicks,0.0,2.29,2944.0
1990-07-25,83,dominicks,0.0,2.29,3776.0
1990-08-01,83,dominicks,0.0,2.29,4160.0
1990-08-08,83,dominicks,1.0,2.09,3520.0
1990-08-15,83,dominicks,0.0,2.09,3072.0
1990-08-22,83,dominicks,0.0,2.09,2176.0
1990-08-29,83,dominicks,0.0,2.09,1472.0
1990-09-05,83,dominicks,1.0,1.89,53760.0
1990-09-12,83,dominicks,0.0,1.89,17856.0
1990-09-19,83,dominicks,0.0,1.89,13568.0
1990-09-26,83,dominicks,0.0,1.79,13888.0
1990-10-03,83,dominicks,1.0,1.79,64960.0
1990-10-10,83,dominicks,0.0,1.79,9216.0
1990-10-17,83,dominicks,0.0,2.29,2688.0
1990-10-24,83,dominicks,1.0,1.14,195648.0
1990-10-31,83,dominicks,0.0,1.59,2752.0
1990-11-07,83,dominicks,1.0,1.59,76032.0
1990-11-14,83,dominicks,0.0,1.29,18048.0
1990-11-21,83,dominicks,0.0,0.99,33984.0
1990-11-28,83,dominicks,1.0,1.59,54400.0
1990-12-05,83,dominicks,1.0,2.29,82432.0
1990-12-12,83,dominicks,0.0,1.79,44864.0
1990-12-19,83,dominicks,1.0,1.39,108096.0
1990-12-26,83,dominicks,0.0,1.79,7296.0
1991-01-02,83,dominicks,0.0,1.79,6592.0
1991-01-09,83,dominicks,0.0,1.79,31488.0
1991-01-16,83,dominicks,1.0,0.99,276288.0
1991-01-23,83,dominicks,0.0,1.79,40640.0
1991-01-30,83,dominicks,0.0,1.79,26624.0
1991-02-06,83,dominicks,1.0,1.49,113984.0
1991-02-13,83,dominicks,0.0,1.49,52992.0
1991-02-20,83,dominicks,0.0,1.79,2816.0
1991-02-27,83,dominicks,0.0,1.79,2688.0
1991-03-06,83,dominicks,1.0,1.79,10752.0
1991-03-13,83,dominicks,1.0,0.89,237312.0
1990-06-20,83,minute.maid,0.0,2.62,4416.0
1990-06-27,83,minute.maid,1.0,1.99,56256.0
1990-07-04,83,minute.maid,0.228682783,2.326737768,30848.0
1990-07-11,83,minute.maid,0.0,2.62,5440.0
1990-07-18,83,minute.maid,1.0,2.59,31168.0
1990-07-25,83,minute.maid,0.0,2.62,4224.0
1990-08-01,83,minute.maid,0.0,2.62,6016.0
1990-08-08,83,minute.maid,1.0,2.39,20736.0
1990-08-15,83,minute.maid,0.0,2.62,4096.0
1990-08-22,83,minute.maid,1.0,1.99,47616.0
1990-08-29,83,minute.maid,0.0,2.62,3904.0
1990-09-05,83,minute.maid,0.0,2.62,4608.0
1990-09-12,83,minute.maid,0.0,2.62,4096.0
1990-09-19,83,minute.maid,1.0,2.19,19456.0
1990-09-26,83,minute.maid,0.0,2.62,3904.0
1990-10-03,83,minute.maid,0.0,2.62,4544.0
1990-10-10,83,minute.maid,0.0,2.62,7808.0
1990-10-17,83,minute.maid,1.0,1.99,44608.0
1990-10-24,83,minute.maid,0.0,2.48,5120.0
1990-10-31,83,minute.maid,0.0,2.62,4928.0
1990-11-07,83,minute.maid,1.0,1.99,24384.0
1990-11-14,83,minute.maid,0.0,2.62,3200.0
1990-11-21,83,minute.maid,1.0,1.99,60544.0
1990-11-28,83,minute.maid,0.0,1.99,6400.0
1990-12-05,83,minute.maid,0.0,2.62,8768.0
1990-12-12,83,minute.maid,1.0,1.99,21504.0
1990-12-19,83,minute.maid,0.0,1.99,8640.0
1990-12-26,83,minute.maid,0.0,1.99,14464.0
1991-01-02,83,minute.maid,0.0,1.99,11072.0
1991-01-09,83,minute.maid,0.0,1.99,9024.0
1991-01-16,83,minute.maid,0.0,1.98,5312.0
1991-01-23,83,minute.maid,0.0,1.98,6848.0
1991-01-30,83,minute.maid,1.0,1.98,44544.0
1991-02-06,83,minute.maid,0.0,1.98,10752.0
1991-02-13,83,minute.maid,0.0,1.89,10240.0
1991-02-20,83,minute.maid,0.0,1.89,7040.0
1991-02-27,83,minute.maid,0.0,1.89,7168.0
1991-03-06,83,minute.maid,1.0,1.98,7552.0
1991-03-13,83,minute.maid,0.0,1.98,5376.0
1990-06-20,83,tropicana,0.0,3.19,6016.0
1990-06-27,83,tropicana,0.0,3.19,5120.0
1990-07-04,83,tropicana,0.228682783,2.326737768,5024.0
1990-07-11,83,tropicana,0.0,3.19,4928.0
1990-07-18,83,tropicana,0.0,3.19,5184.0
1990-07-25,83,tropicana,0.0,3.19,5376.0
1990-08-01,83,tropicana,0.0,3.19,5440.0
1990-08-08,83,tropicana,0.0,3.19,6016.0
1990-08-15,83,tropicana,0.0,3.19,6976.0
1990-08-22,83,tropicana,0.0,3.19,4736.0
1990-08-29,83,tropicana,0.0,3.19,11072.0
1990-09-05,83,tropicana,0.0,3.19,6144.0
1990-09-12,83,tropicana,0.0,3.19,5120.0
1990-09-19,83,tropicana,0.0,3.19,5696.0
1990-09-26,83,tropicana,0.0,3.19,7360.0
1990-10-03,83,tropicana,0.0,3.19,6208.0
1990-10-10,83,tropicana,1.0,3.19,5376.0
1990-10-17,83,tropicana,0.0,3.19,4352.0
1990-10-24,83,tropicana,0.0,3.19,5312.0
1990-10-31,83,tropicana,0.0,3.19,6912.0
1990-11-07,83,tropicana,0.0,3.19,4416.0
1990-11-14,83,tropicana,0.0,3.19,5952.0
1990-11-21,83,tropicana,0.0,3.19,8192.0
1990-11-28,83,tropicana,0.0,2.99,12096.0
1990-12-05,83,tropicana,0.0,2.99,10880.0
1990-12-12,83,tropicana,0.0,2.73,6336.0
1990-12-19,83,tropicana,0.0,2.73,7296.0
1990-12-26,83,tropicana,0.0,2.39,31744.0
1991-01-02,83,tropicana,0.0,2.39,13504.0
1991-01-09,83,tropicana,0.0,2.73,10560.0
1991-01-16,83,tropicana,0.0,2.59,11456.0
1991-01-23,83,tropicana,0.0,2.59,8832.0
1991-01-30,83,tropicana,0.0,2.73,7296.0
1991-02-06,83,tropicana,0.0,2.73,7104.0
1991-02-13,83,tropicana,0.0,2.49,17088.0
1991-02-20,83,tropicana,0.0,2.73,7360.0
1991-02-27,83,tropicana,0.0,2.73,6912.0
1991-03-06,83,tropicana,0.0,2.73,10112.0
1991-03-13,83,tropicana,0.0,2.73,6272.0
1990-06-20,84,minute.maid,0.0,2.99,3840.0
1990-06-27,84,minute.maid,1.0,1.99,21312.0
1990-07-04,84,minute.maid,0.0,2.99,6208.0
1990-07-11,84,minute.maid,0.0,2.99,6400.0
1990-07-18,84,minute.maid,1.0,2.59,32896.0
1990-07-25,84,minute.maid,0.0,2.99,4544.0
1990-08-01,84,minute.maid,0.0,2.99,8128.0
1990-08-08,84,minute.maid,1.0,2.39,20672.0
1990-08-15,84,minute.maid,0.0,2.99,4736.0
1990-08-22,84,minute.maid,1.0,1.99,33920.0
1990-08-29,84,minute.maid,0.0,2.99,4288.0
1990-09-05,84,minute.maid,0.0,2.99,5824.0
1990-09-12,84,minute.maid,0.0,2.99,4800.0
1990-09-19,84,minute.maid,1.0,2.19,20864.0
1990-09-26,84,minute.maid,0.0,2.99,4224.0
1990-10-03,84,minute.maid,0.0,2.99,3840.0
1990-10-10,84,minute.maid,0.0,2.99,9984.0
1990-10-17,84,minute.maid,1.0,1.99,43264.0
1990-10-24,84,minute.maid,0.0,2.64,4544.0
1990-10-31,84,minute.maid,0.0,2.99,4224.0
1990-11-07,84,minute.maid,1.0,1.99,33984.0
1990-11-14,84,minute.maid,0.0,2.99,5248.0
1990-11-21,84,minute.maid,1.0,1.99,46720.0
1990-11-28,84,minute.maid,0.0,1.99,11328.0
1990-12-05,84,minute.maid,0.0,2.99,10688.0
1990-12-12,84,minute.maid,1.0,1.99,26752.0
1990-12-19,84,minute.maid,0.0,1.99,12672.0
1990-12-26,84,minute.maid,0.0,1.99,17344.0
1991-01-02,84,minute.maid,0.0,1.99,10496.0
1991-01-09,84,minute.maid,0.0,1.99,11648.0
1991-01-16,84,minute.maid,0.0,2.46,5248.0
1991-01-23,84,minute.maid,0.0,2.46,5888.0
1991-01-30,84,minute.maid,1.0,1.99,40256.0
1991-02-06,84,minute.maid,0.0,2.46,5696.0
1991-02-13,84,minute.maid,0.0,2.41,6144.0
1991-02-20,84,minute.maid,0.0,2.41,5248.0
1991-02-27,84,minute.maid,0.0,2.41,9344.0
1991-03-06,84,minute.maid,1.0,1.99,16320.0
1991-03-13,84,minute.maid,0.0,2.46,3392.0
1990-06-20,84,tropicana,0.0,3.66,5824.0
1990-06-27,84,tropicana,0.0,3.66,3648.0
1990-07-04,84,tropicana,0.0,3.66,4352.0
1990-07-11,84,tropicana,0.0,3.66,3904.0
1990-07-18,84,tropicana,0.0,3.66,2624.0
1990-07-25,84,tropicana,0.0,3.66,4736.0
1990-08-01,84,tropicana,0.0,3.66,3840.0
1990-08-08,84,tropicana,0.0,3.66,4288.0
1990-08-15,84,tropicana,0.0,3.66,4352.0
1990-08-22,84,tropicana,0.0,3.66,3456.0
1990-08-29,84,tropicana,0.0,3.66,5248.0
1990-09-05,84,tropicana,0.0,3.66,4480.0
1990-09-12,84,tropicana,0.0,3.29,5888.0
1990-09-19,84,tropicana,0.0,3.29,4224.0
1990-09-26,84,tropicana,0.0,3.29,5376.0
1990-10-03,84,tropicana,0.0,3.66,5056.0
1990-10-10,84,tropicana,1.0,3.29,6656.0
1990-10-17,84,tropicana,0.0,3.29,4992.0
1990-10-24,84,tropicana,0.0,3.51,3264.0
1990-10-31,84,tropicana,0.0,3.51,4800.0
1990-11-07,84,tropicana,0.0,3.51,3968.0
1990-11-14,84,tropicana,0.0,3.51,4416.0
1990-11-21,84,tropicana,0.0,3.66,6784.0
1990-11-28,84,tropicana,0.0,2.99,9344.0
1990-12-05,84,tropicana,0.0,2.99,8640.0
1990-12-12,84,tropicana,0.0,3.39,3456.0
1990-12-19,84,tropicana,0.0,3.39,3584.0
1990-12-26,84,tropicana,0.0,2.39,14080.0
1991-01-02,84,tropicana,0.0,2.39,9344.0
1991-01-09,84,tropicana,0.0,3.39,5952.0
1991-01-16,84,tropicana,0.0,2.59,13056.0
1991-01-23,84,tropicana,0.0,2.59,5440.0
1991-01-30,84,tropicana,0.0,3.39,4224.0
1991-02-06,84,tropicana,0.0,3.39,4864.0
1991-02-13,84,tropicana,0.0,2.49,18176.0
1991-02-20,84,tropicana,0.0,3.39,4736.0
1991-02-27,84,tropicana,0.0,3.39,6464.0
1991-03-06,84,tropicana,0.0,3.39,3904.0
1991-03-13,84,tropicana,0.0,3.39,3840.0
1990-06-20,86,dominicks,1.0,1.59,14784.0
1990-06-27,86,dominicks,0.0,2.29,1408.0
1990-07-04,86,dominicks,0.0,2.29,1728.0
1990-07-11,86,dominicks,0.0,2.29,1920.0
1990-07-18,86,dominicks,0.0,2.29,1920.0
1990-07-25,86,dominicks,0.0,2.29,3008.0
1990-08-01,86,dominicks,0.0,2.29,2432.0
1990-08-08,86,dominicks,1.0,2.09,4160.0
1990-08-15,86,dominicks,0.0,2.09,2496.0
1990-08-22,86,dominicks,0.0,2.09,896.0
1990-08-29,86,dominicks,0.0,2.09,1792.0
1990-09-05,86,dominicks,1.0,1.89,20864.0
1990-09-12,86,dominicks,0.0,1.89,10624.0
1990-09-19,86,dominicks,0.0,1.89,9728.0
1990-09-26,86,dominicks,0.0,1.79,11072.0
1990-10-03,86,dominicks,1.0,1.79,26240.0
1990-10-10,86,dominicks,0.0,1.79,6144.0
1990-10-17,86,dominicks,0.0,2.49,640.0
1990-10-24,86,dominicks,1.0,1.24,75712.0
1990-10-31,86,dominicks,0.0,1.59,576.0
1990-11-07,86,dominicks,1.0,1.59,28672.0
1990-11-14,86,dominicks,0.0,1.29,16320.0
1990-11-21,86,dominicks,0.0,0.99,40000.0
1990-11-28,86,dominicks,1.0,1.59,16448.0
1990-12-05,86,dominicks,1.0,2.49,36672.0
1990-12-12,86,dominicks,0.0,2.19,7296.0
1990-12-19,86,dominicks,1.0,1.39,45056.0
1990-12-26,86,dominicks,0.0,2.19,1664.0
1991-01-02,86,dominicks,0.0,2.19,1344.0
1991-01-09,86,dominicks,0.0,2.19,5824.0
1991-01-16,86,dominicks,1.0,0.99,175680.0
1991-01-23,86,dominicks,0.0,2.19,42752.0
1991-01-30,86,dominicks,0.0,2.19,10112.0
1991-02-06,86,dominicks,1.0,1.49,72192.0
1991-02-13,86,dominicks,0.0,1.49,16320.0
1991-02-20,86,dominicks,0.0,2.19,5440.0
1991-02-27,86,dominicks,0.0,2.19,2816.0
1991-03-06,86,dominicks,1.0,1.99,6976.0
1991-03-13,86,dominicks,1.0,1.09,89088.0
1990-06-20,86,minute.maid,0.0,2.62,3712.0
1990-06-27,86,minute.maid,1.0,1.99,45952.0
1990-07-04,86,minute.maid,0.0,2.62,3328.0
1990-07-11,86,minute.maid,0.0,2.62,4736.0
1990-07-18,86,minute.maid,1.0,2.59,27264.0
1990-07-25,86,minute.maid,0.0,2.62,3712.0
1990-08-01,86,minute.maid,0.0,2.62,5568.0
1990-08-08,86,minute.maid,1.0,2.39,15232.0
1990-08-15,86,minute.maid,0.0,2.62,3840.0
1990-08-22,86,minute.maid,1.0,1.99,40448.0
1990-08-29,86,minute.maid,0.0,2.62,3200.0
1990-09-05,86,minute.maid,0.0,2.99,4608.0
1990-09-12,86,minute.maid,0.0,2.99,3584.0
1990-09-19,86,minute.maid,1.0,2.62,22976.0
1990-09-26,86,minute.maid,0.0,2.62,4480.0
1990-10-03,86,minute.maid,0.0,2.62,4992.0
1990-10-10,86,minute.maid,0.0,2.62,10944.0
1990-10-17,86,minute.maid,1.0,1.99,37632.0
1990-10-24,86,minute.maid,0.0,2.48,4224.0
1990-10-31,86,minute.maid,0.0,2.62,3584.0
1990-11-07,86,minute.maid,1.0,1.99,36928.0
1990-11-14,86,minute.maid,0.0,2.73,3072.0
1990-11-21,86,minute.maid,1.0,1.99,48960.0
1990-11-28,86,minute.maid,0.0,1.99,11392.0
1990-12-05,86,minute.maid,0.0,2.74,14720.0
1990-12-12,86,minute.maid,1.0,1.99,41152.0
1990-12-19,86,minute.maid,0.0,1.99,21440.0
1990-12-26,86,minute.maid,0.0,1.99,12864.0
1991-01-02,86,minute.maid,0.0,1.99,9920.0
1991-01-09,86,minute.maid,0.0,1.99,11904.0
1991-01-16,86,minute.maid,0.0,2.74,3264.0
1991-01-23,86,minute.maid,0.0,2.74,6080.0
1991-01-30,86,minute.maid,1.0,1.99,46208.0
1991-02-06,86,minute.maid,0.0,2.46,5376.0
1991-02-13,86,minute.maid,0.0,2.41,4032.0
1991-02-20,86,minute.maid,0.0,2.41,4928.0
1991-02-27,86,minute.maid,0.0,2.41,6208.0
1991-03-06,86,minute.maid,1.0,1.99,28544.0
1991-03-13,86,minute.maid,0.0,2.46,3328.0
1990-06-20,86,tropicana,0.0,3.19,7552.0
1990-06-27,86,tropicana,0.0,3.19,6592.0
1990-07-04,86,tropicana,0.0,3.19,11456.0
1990-07-11,86,tropicana,0.0,3.19,7616.0
1990-07-18,86,tropicana,0.0,3.19,6208.0
1990-07-25,86,tropicana,0.0,3.19,6208.0
1990-08-01,86,tropicana,0.0,3.19,7168.0
1990-08-08,86,tropicana,0.0,3.19,7360.0
1990-08-15,86,tropicana,0.0,3.19,7296.0
1990-08-22,86,tropicana,0.0,3.19,6592.0
1990-08-29,86,tropicana,0.0,3.19,7296.0
1990-09-05,86,tropicana,0.0,3.66,6976.0
1990-09-12,86,tropicana,0.0,3.29,5632.0
1990-09-19,86,tropicana,0.0,3.29,7488.0
1990-09-26,86,tropicana,0.0,3.29,8320.0
1990-10-03,86,tropicana,0.0,3.66,6208.0
1990-10-10,86,tropicana,1.0,2.99,17920.0
1990-10-17,86,tropicana,0.0,2.99,8448.0
1990-10-24,86,tropicana,0.0,2.99,8256.0
1990-10-31,86,tropicana,0.0,3.66,5184.0
1990-11-07,86,tropicana,0.0,3.66,4288.0
1990-11-14,86,tropicana,0.0,3.66,4480.0
1990-11-21,86,tropicana,0.0,3.66,7616.0
1990-11-28,86,tropicana,0.0,2.99,17024.0
1990-12-05,86,tropicana,0.0,2.99,12736.0
1990-12-12,86,tropicana,0.0,3.39,5888.0
1990-12-19,86,tropicana,0.0,3.39,8512.0
1990-12-26,86,tropicana,0.0,2.39,26048.0
1991-01-02,86,tropicana,0.0,2.39,16256.0
1991-01-09,86,tropicana,0.0,3.39,8448.0
1991-01-16,86,tropicana,0.0,2.59,16064.0
1991-01-23,86,tropicana,0.0,2.59,8256.0
1991-01-30,86,tropicana,0.0,3.39,5184.0
1991-02-06,86,tropicana,0.0,3.39,6272.0
1991-02-13,86,tropicana,0.0,2.49,24256.0
1991-02-20,86,tropicana,0.0,3.39,11712.0
1991-02-27,86,tropicana,0.0,3.39,6336.0
1991-03-06,86,tropicana,0.0,3.39,5568.0
1991-03-13,86,tropicana,0.0,3.39,5568.0
1990-06-20,88,minute.maid,0.0,2.99,4096.0
1990-06-27,88,minute.maid,1.0,1.99,34816.0
1990-07-04,88,minute.maid,0.0,2.99,3648.0
1990-07-11,88,minute.maid,0.0,2.99,3776.0
1990-07-18,88,minute.maid,1.0,2.59,24960.0
1990-07-25,88,minute.maid,0.0,2.99,3136.0
1990-08-01,88,minute.maid,0.0,2.99,7296.0
1990-08-08,88,minute.maid,1.0,2.39,18752.0
1990-08-15,88,minute.maid,0.0,2.99,2880.0
1990-08-22,88,minute.maid,1.0,1.99,37184.0
1990-08-29,88,minute.maid,0.0,2.99,2688.0
1990-09-05,88,minute.maid,0.0,2.99,4480.0
1990-09-12,88,minute.maid,0.0,2.99,3328.0
1990-09-19,88,minute.maid,1.0,2.19,20864.0
1990-09-26,88,minute.maid,0.0,2.99,2880.0
1990-10-03,88,minute.maid,0.0,2.99,4160.0
1990-10-10,88,minute.maid,0.0,2.99,8576.0
1990-10-17,88,minute.maid,1.0,1.99,34240.0
1990-10-24,88,minute.maid,0.0,2.62,6464.0
1990-10-31,88,minute.maid,0.0,2.99,3008.0
1990-11-07,88,minute.maid,1.0,1.99,35008.0
1990-11-14,88,minute.maid,0.0,2.99,3584.0
1990-11-21,88,minute.maid,1.0,1.99,21824.0
1990-11-28,88,minute.maid,0.0,1.99,8384.0
1990-12-05,88,minute.maid,0.0,2.99,9152.0
1990-12-12,88,minute.maid,1.0,1.99,32704.0
1990-12-19,88,minute.maid,0.0,1.99,12288.0
1990-12-26,88,minute.maid,0.0,1.99,11584.0
1991-01-02,88,minute.maid,0.0,1.99,9984.0
1991-01-09,88,minute.maid,0.0,1.99,6976.0
1991-01-16,88,minute.maid,0.0,2.46,4864.0
1991-01-23,88,minute.maid,0.0,2.46,6080.0
1991-01-30,88,minute.maid,0.228682783,2.326737768,6037.333333
1991-02-06,88,minute.maid,0.228682783,2.326737768,5994.666667
1991-02-13,88,minute.maid,0.0,2.41,5952.0
1991-02-20,88,minute.maid,0.0,2.41,4544.0
1991-02-27,88,minute.maid,0.0,2.41,7680.0
1991-03-06,88,minute.maid,1.0,1.99,21120.0
1991-03-13,88,minute.maid,0.0,2.46,3776.0
1990-06-20,88,tropicana,0.0,3.66,4992.0
1990-06-27,88,tropicana,0.0,3.66,4288.0
1990-07-04,88,tropicana,0.0,3.66,5376.0
1990-07-11,88,tropicana,0.0,3.66,3968.0
1990-07-18,88,tropicana,0.0,3.66,3264.0
1990-07-25,88,tropicana,0.0,3.66,3328.0
1990-08-01,88,tropicana,0.0,3.66,4032.0
1990-08-08,88,tropicana,0.0,3.66,3264.0
1990-08-15,88,tropicana,0.0,3.66,5312.0
1990-08-22,88,tropicana,0.0,3.66,3840.0
1990-08-29,88,tropicana,0.0,3.66,3520.0
1990-09-05,88,tropicana,0.0,3.66,3904.0
1990-09-12,88,tropicana,0.0,3.29,11392.0
1990-09-19,88,tropicana,0.0,3.29,4864.0
1990-09-26,88,tropicana,0.0,3.29,4800.0
1990-10-03,88,tropicana,0.0,3.66,4480.0
1990-10-10,88,tropicana,1.0,2.99,13248.0
1990-10-17,88,tropicana,0.0,2.99,5184.0
1990-10-24,88,tropicana,0.0,2.99,5888.0
1990-10-31,88,tropicana,0.0,3.66,3008.0
1990-11-07,88,tropicana,0.0,3.66,3456.0
1990-11-14,88,tropicana,0.0,3.66,3392.0
1990-11-21,88,tropicana,0.0,3.66,4288.0
1990-11-28,88,tropicana,0.0,2.99,9536.0
1990-12-05,88,tropicana,0.0,2.99,6656.0
1990-12-12,88,tropicana,0.0,3.39,2880.0
1990-12-19,88,tropicana,0.0,3.39,4800.0
1990-12-26,88,tropicana,0.0,2.39,16192.0
1991-01-02,88,tropicana,0.0,2.39,7616.0
1991-01-09,88,tropicana,0.0,3.39,6400.0
1991-01-16,88,tropicana,0.0,2.59,10304.0
1991-01-23,88,tropicana,0.0,2.59,4736.0
1991-01-30,88,tropicana,0.228682783,2.326737768,9664.0
1991-02-06,88,tropicana,0.228682783,2.326737768,14592.0
1991-02-13,88,tropicana,0.0,2.49,19520.0
1991-02-20,88,tropicana,0.0,3.39,3712.0
1991-02-27,88,tropicana,0.0,3.39,4032.0
1991-03-06,88,tropicana,0.0,3.39,2880.0
1991-03-13,88,tropicana,0.0,3.39,3328.0
1990-06-20,89,minute.maid,0.0,2.99,2752.0
1990-06-27,89,minute.maid,1.0,1.99,52224.0
1990-07-04,89,minute.maid,0.0,2.99,3904.0
1990-07-11,89,minute.maid,0.0,2.99,4416.0
1990-07-18,89,minute.maid,1.0,2.59,23104.0
1990-07-25,89,minute.maid,0.0,2.99,2432.0
1990-08-01,89,minute.maid,0.0,2.99,8128.0
1990-08-08,89,minute.maid,1.0,2.39,17792.0
1990-08-15,89,minute.maid,0.0,2.99,2560.0
1990-08-22,89,minute.maid,1.0,1.99,48704.0
1990-08-29,89,minute.maid,0.0,2.99,2880.0
1990-09-05,89,minute.maid,0.0,2.99,3456.0
1990-09-12,89,minute.maid,0.0,2.99,4416.0
1990-09-19,89,minute.maid,1.0,2.19,25984.0
1990-09-26,89,minute.maid,0.0,2.99,3584.0
1990-10-03,89,minute.maid,0.0,2.99,3456.0
1990-10-10,89,minute.maid,0.0,2.99,6272.0
1990-10-17,89,minute.maid,1.0,1.99,36800.0
1990-10-24,89,minute.maid,0.0,2.75,6656.0
1990-10-31,89,minute.maid,0.0,2.99,2496.0
1990-11-07,89,minute.maid,1.0,1.99,25088.0
1990-11-14,89,minute.maid,0.0,2.99,2304.0
1990-11-21,89,minute.maid,1.0,1.99,36224.0
1990-11-28,89,minute.maid,0.0,1.99,10688.0
1990-12-05,89,minute.maid,0.0,2.99,12480.0
1990-12-12,89,minute.maid,1.0,1.99,37120.0
1990-12-19,89,minute.maid,0.0,1.99,12544.0
1990-12-26,89,minute.maid,0.0,1.99,12736.0
1991-01-02,89,minute.maid,0.0,1.99,9664.0
1991-01-09,89,minute.maid,0.0,1.99,11392.0
1991-01-16,89,minute.maid,0.0,2.46,3456.0
1991-01-23,89,minute.maid,0.0,2.46,3776.0
1991-01-30,89,minute.maid,1.0,1.99,44544.0
1991-02-06,89,minute.maid,0.0,2.46,5824.0
1991-02-13,89,minute.maid,0.0,2.41,4352.0
1991-02-20,89,minute.maid,0.0,2.41,3584.0
1991-02-27,89,minute.maid,0.0,2.41,6400.0
1991-03-06,89,minute.maid,1.0,1.99,32000.0
1991-03-13,89,minute.maid,0.0,2.46,3200.0
