data/dominicks_oj_data/dominicks_oj_staggered.csv
date,store,brand,on_promotion,price,quantity
1990-06-20,89,tropicana,0.0,3.66,4608.0
1990-06-27,89,tropicana,0.0,3.66,2240.0
1990-07-04,89,tropicana,0.0,3.66,7104.0
1990-07-11,89,tropicana,0.0,3.66,2944.0
1990-07-18,89,tropicana,0.0,3.66,1600.0
1990-07-25,89,tropicana,0.0,3.66,2944.0
1990-08-01,89,tropicana,0.0,3.66,2240.0
1990-08-08,89,tropicana,0.0,3.66,3456.0
1990-08-15,89,tropicana,0.0,3.66,2688.0
1990-08-22,89,tropicana,0.0,3.66,2560.0
1990-08-29,89,tropicana,0.0,3.66,4096.0
1990-09-05,89,tropicana,0.0,3.66,3008.0
1990-09-12,89,tropicana,0.0,3.29,6272.0
1990-09-19,89,tropicana,0.0,3.29,5568.0
1990-09-26,89,tropicana,0.0,3.29,6976.0
1990-10-03,89,tropicana,0.0,3.66,5056.0
1990-10-10,89,tropicana,1.0,2.99,11776.0
1990-10-17,89,tropicana,0.0,2.99,8384.0
1990-10-24,89,tropicana,0.0,2.99,6272.0
1990-10-31,89,tropicana,0.0,3.66,3392.0
1990-11-07,89,tropicana,0.0,3.66,2624.0
1990-11-14,89,tropicana,0.0,3.66,1920.0
1990-11-21,89,tropicana,0.0,3.66,4480.0
1990-11-28,89,tropicana,0.0,2.99,5568.0
1990-12-05,89,tropicana,0.0,2.99,7936.0
1990-12-12,89,tropicana,0.0,3.39,3072.0
1990-12-19,89,tropicana,0.0,3.39,3264.0
1990-12-26,89,tropicana,0.0,2.39,19840.0
1991-01-02,89,tropicana,0.0,2.39,11776.0
1991-01-09,89,tropicana,0.0,3.39,4224.0
1991-01-16,89,tropicana,0.0,2.59,9472.0
1991-01-23,89,tropicana,0.0,2.59,5056.0
1991-01-30,89,tropicana,0.0,3.39,1920.0
1991-02-06,89,tropicana,0.0,3.39,2112.0
1991-02-13,89,tropicana,0.0,2.49,16640.0
1991-02-20,89,tropicana,0.0,3.39,3008.0
1991-02-27,89,tropicana,0.0,3.39,2624.0
1991-03-06,89,tropicana,0.0,3.39,2240.0
1991-03-13,89,tropicana,0.0,3.39,1856.0
1990-06-20,90,minute.maid,0.0,2.99,3392.0
1990-06-27,90,minute.maid,1.0,1.99,46976.0
1990-07-04,90,minute.maid,0.0,2.99,2880.0
1990-07-11,90,minute.maid,0.0,2.99,3456.0
1990-07-18,90,minute.maid,1.0,2.59,30336.0
1990-07-25,90,minute.maid,0.0,2.99,2240.0
1990-08-01,90,minute.maid,0.0,2.99,3072.0
1990-08-08,90,minute.maid,1.0,2.39,17024.0
1990-08-15,90,minute.maid,0.0,2.99,2624.0
1990-08-22,90,minute.maid,1.0,1.99,44544.0
1990-08-29,90,minute.maid,0.0,2.99,2496.0
1990-09-05,90,minute.maid,0.0,2.99,2880.0
1990-09-12,90,minute.maid,0.0,2.99,3200.0
1990-09-19,90,minute.maid,1.0,2.19,23744.0
1990-09-26,90,minute.maid,0.0,2.99,2880.0
1990-10-03,90,minute.maid,0.0,2.99,3776.0
1990-10-10,90,minute.maid,0.0,2.99,7104.0
1990-10-17,90,minute.maid,1.0,1.99,39296.0
1990-10-24,90,minute.maid,0.0,2.79,2752.0
1990-10-31,90,minute.maid,0.0,2.99,2176.0
1990-11-07,90,minute.maid,1.0,1.99,29312.0
1990-11-14,90,minute.maid,0.0,2.99,2432.0
1990-11-21,90,minute.maid,1.0,1.99,36544.0
1990-11-28,90,minute.maid,0.0,1.99,6784.0
1990-12-05,90,minute.maid,0.0,2.99,12416.0
1990-12-12,90,minute.maid,1.0,1.99,29056.0
1990-12-19,90,minute.maid,0.0,1.99,9088.0
1990-12-26,90,minute.maid,0.0,1.99,13440.0
1991-01-02,90,minute.maid,0.0,1.99,6336.0
1991-01-09,90,minute.maid,0.0,1.99,9664.0
1991-01-16,90,minute.maid,0.0,2.59,2944.0
1991-01-23,90,minute.maid,0.0,2.59,4736.0
1991-01-30,90,minute.maid,1.0,1.99,36480.0
1991-02-06,90,minute.maid,0.0,2.59,5568.0
1991-02-13,90,minute.maid,0.0,2.49,4288.0
1991-02-20,90,minute.maid,0.0,2.49,4352.0
1991-02-27,90,minute.maid,0.0,2.49,5632.0
1991-03-06,90,minute.maid,1.0,1.99,31168.0
1991-03-13,90,minute.maid,0.0,2.59,3136.0
1990-06-20,90,tropicana,0.0,3.66,2688.0
1990-06-27,90,tropicana,0.0,3.66,2944.0
1990-07-04,90,tropicana,0.0,3.66,5568.0
1990-07-11,90,tropicana,0.0,3.66,2112.0
1990-07-18,90,tropicana,0.0,3.66,1600.0
1990-07-25,90,tropicana,0.0,3.66,2560.0
1990-08-01,90,tropicana,0.0,3.66,1728.0
1990-08-08,90,tropicana,0.0,3.66,2688.0
1990-08-15,90,tropicana,0.0,3.66,2112.0
1990-08-22,90,tropicana,0.0,3.66,2368.0
1990-08-29,90,tropicana,0.0,3.66,3328.0
1990-09-05,90,tropicana,0.0,3.66,1664.0
1990-09-12,90,tropicana,0.0,3.29,2944.0
1990-09-19,90,tropicana,0.0,3.29,2880.0
1990-09-26,90,tropicana,0.0,3.29,4800.0
1990-10-03,90,tropicana,0.0,3.66,2944.0
1990-10-10,90,tropicana,1.0,2.99,7552.0
1990-10-17,90,tropicana,0.0,2.99,4416.0
1990-10-24,90,tropicana,0.0,2.99,4352.0
1990-10-31,90,tropicana,0.0,3.66,2816.0
1990-11-07,90,tropicana,0.0,3.66,2112.0
1990-11-14,90,tropicana,0.0,3.66,1728.0
1990-11-21,90,tropicana,0.0,3.66,3136.0
1990-11-28,90,tropicana,0.0,2.99,7808.0
1990-12-05,90,tropicana,0.0,2.99,3712.0
1990-12-12,90,tropicana,0.0,3.39,1920.0
1990-12-19,90,tropicana,0.0,3.39,1856.0
1990-12-26,90,tropicana,0.0,2.39,19136.0
1991-01-02,90,tropicana,0.0,2.39,6720.0
1991-01-09,90,tropicana,0.0,3.39,4480.0
1991-01-16,90,tropicana,0.0,2.59,7488.0
1991-01-23,90,tropicana,0.0,2.59,4544.0
1991-01-30,90,tropicana,0.0,3.39,2112.0
1991-02-06,90,tropicana,0.0,3.39,3072.0
1991-02-13,90,tropicana,0.0,2.49,12544.0
1991-02-20,90,tropicana,0.0,3.39,5888.0
1991-02-27,90,tropicana,0.0,3.39,3648.0
1991-03-06,90,tropicana,0.0,3.39,2496.0
1991-03-13,90,tropicana,0.0,3.39,1600.0
1990-06-20,91,minute.maid,0.0,2.99,3328.0
1990-06-27,91,minute.maid,0.228682783,2.326737768,3136.0
1990-07-04,91,minute.maid,0.0,2.99,2944.0
1990-07-11,91,minute.maid,0.0,2.99,3520.0
1990-07-18,91,minute.maid,1.0,2.59,22336.0
1990-07-25,91,minute.maid,0.228682783,2.326737768,14816.0
1990-08-01,91,minute.maid,0.0,2.99,7296.0
1990-08-08,91,minute.maid,0.228682783,2.326737768,5856.0
1990-08-15,91,minute.maid,0.0,2.99,4416.0
1990-08-22,91,minute.maid,1.0,1.99,31360.0
1990-08-29,91,minute.maid,0.0,2.99,4096.0
1990-09-05,91,minute.maid,0.0,2.99,3200.0
1990-09-12,91,minute.maid,0.0,2.99,2944.0
1990-09-19,91,minute.maid,1.0,2.19,26880.0
1990-09-26,91,minute.maid,0.0,2.99,2368.0
1990-10-03,91,minute.maid,0.0,2.99,2752.0
1990-10-10,91,minute.maid,0.0,2.99,7552.0
1990-10-17,91,minute.maid,1.0,1.99,34624.0
1990-10-24,91,minute.maid,0.0,2.68,3648.0
1990-10-31,91,minute.maid,0.0,2.99,2880.0
1990-11-07,91,minute.maid,1.0,1.99,23168.0
1990-11-14,91,minute.maid,0.0,2.99,2112.0
1990-11-21,91,minute.maid,1.0,1.99,29824.0
1990-11-28,91,minute.maid,0.0,1.99,8192.0
1990-12-05,91,minute.maid,0.0,2.99,9920.0
1990-12-12,91,minute.maid,1.0,1.99,28352.0
1990-12-19,91,minute.maid,0.0,1.99,8832.0
1990-12-26,91,minute.maid,0.0,1.99,11968.0
1991-01-02,91,minute.maid,0.0,1.99,6528.0
1991-01-09,91,minute.maid,0.0,1.99,8640.0
1991-01-16,91,minute.maid,0.0,2.46,2112.0
1991-01-23,91,minute.maid,0.0,2.46,3840.0
1991-01-30,91,minute.maid,1.0,1.99,41728.0
1991-02-06,91,minute.maid,0.0,2.46,3968.0
1991-02-13,91,minute.maid,0.0,2.41,3648.0
1991-02-20,91,minute.maid,0.0,2.41,2880.0
1991-02-27,91,minute.maid,0.0,2.41,5056.0
1991-03-06,91,minute.maid,1.0,1.99,18880.0
1991-03-13,91,minute.maid,0.0,2.46,2432.0
1990-06-20,91,tropicana,0.0,3.66,4736.0
1990-06-27,91,tropicana,0.228682783,2.326737768,4704.0
1990-07-04,91,tropicana,0.0,3.66,4672.0
1990-07-11,91,tropicana,0.0,3.66,2560.0
1990-07-18,91,tropicana,0.0,3.66,2048.0
1990-07-25,91,tropicana,0.228682783,2.326737768,2112.0
1990-08-01,91,tropicana,0.0,3.66,2176.0
1990-08-08,91,tropicana,0.228682783,2.326737768,2560.0
1990-08-15,91,tropicana,0.0,3.66,2944.0
1990-08-22,91,tropicana,0.0,3.66,2048.0
1990-08-29,91,tropicana,0.0,3.66,4352.0
1990-09-05,91,tropicana,0.0,3.66,2816.0
1990-09-12,91,tropicana,0.0,3.29,3840.0
1990-09-19,91,tropicana,0.0,3.29,3776.0
1990-09-26,91,tropicana,0.0,3.29,3200.0
1990-10-03,91,tropicana,0.0,3.66,3328.0
1990-10-10,91,tropicana,1.0,3.29,4800.0
1990-10-17,91,tropicana,0.0,3.29,3712.0
1990-10-24,91,tropicana,0.0,3.51,1728.0
1990-10-31,91,tropicana,0.0,3.51,2624.0
1990-11-07,91,tropicana,0.0,3.51,2816.0
1990-11-14,91,tropicana,0.0,3.51,2496.0
1990-11-21,91,tropicana,0.0,3.66,4416.0
1990-11-28,91,tropicana,0.0,2.99,5632.0
1990-12-05,91,tropicana,0.0,2.99,5248.0
1990-12-12,91,tropicana,0.0,3.39,3008.0
1990-12-19,91,tropicana,0.0,3.39,2944.0
1990-12-26,91,tropicana,0.0,2.39,21440.0
1991-01-02,91,tropicana,0.0,2.39,7744.0
1991-01-09,91,tropicana,0.0,3.39,4224.0
1991-01-16,91,tropicana,0.0,2.59,10944.0
1991-01-23,91,tropicana,0.0,2.59,6208.0
1991-01-30,91,tropicana,0.0,3.39,2752.0
1991-02-06,91,tropicana,0.0,3.39,3456.0
1991-02-13,91,tropicana,0.0,2.49,16192.0
1991-02-20,91,tropicana,0.0,3.39,4672.0
1991-02-27,91,tropicana,0.0,3.39,4672.0
1991-03-06,91,tropicana,0.0,3.39,2176.0
1991-03-13,91,tropicana,0.0,3.39,2816.0
1990-06-20,92,minute.maid,0.0,2.99,4160.0
1990-06-27,92,minute.maid,1.0,1.99,42688.0
1990-07-04,92,minute.maid,0.0,2.99,3904.0
1990-07-11,92,minute.maid,0.0,2.99,3712.0
1990-07-18,92,minute.maid,1.0,2.59,29312.0
1990-07-25,92,minute.maid,0.0,2.99,2496.0
1990-08-01,92,minute.maid,0.0,2.99,8320.0
1990-08-08,92,minute.maid,1.0,2.39,18368.0
1990-08-15,92,minute.maid,0.0,2.99,3200.0
1990-08-22,92,minute.maid,1.0,1.99,38272.0
1990-08-29,92,minute.maid,0.0,2.99,3456.0
1990-09-05,92,minute.maid,0.0,2.99,4224.0
1990-09-12,92,minute.maid,0.0,2.99,3008.0
1990-09-19,92,minute.maid,1.0,2.19,23872.0
1990-09-26,92,minute.maid,0.0,2.99,2816.0
1990-10-03,92,minute.maid,0.0,2.99,3072.0
1990-10-10,92,minute.maid,0.0,2.99,9664.0
1990-10-17,92,minute.maid,1.0,1.99,34048.0
1990-10-24,92,minute.maid,0.0,2.58,6144.0
1990-10-31,92,minute.maid,0.0,2.99,3520.0
1990-11-07,92,minute.maid,1.0,1.99,19136.0
1990-11-14,92,minute.maid,0.0,2.99,2176.0
1990-11-21,92,minute.maid,1.0,1.99,42496.0
1990-11-28,92,minute.maid,0.0,1.99,13184.0
1990-12-05,92,minute.maid,0.0,2.99,9472.0
1990-12-12,92,minute.maid,1.0,1.99,28864.0
1990-12-19,92,minute.maid,0.0,1.99,16768.0
1990-12-26,92,minute.maid,0.0,1.99,17280.0
1991-01-02,92,minute.maid,0.0,1.99,10368.0
1991-01-09,92,minute.maid,0.0,1.99,9728.0
1991-01-16,92,minute.maid,0.0,2.46,2880.0
1991-01-23,92,minute.maid,0.0,2.46,3968.0
1991-01-30,92,minute.maid,1.0,1.99,34304.0
1991-02-06,92,minute.maid,0.0,2.46,5056.0
1991-02-13,92,minute.maid,0.0,2.41,5312.0
1991-02-20,92,minute.maid,0.0,2.41,2816.0
1991-02-27,92,minute.maid,0.0,2.41,5312.0
1991-03-06,92,minute.maid,1.0,1.99,25152.0
1991-03-13,92,minute.maid,0.0,2.46,3648.0
1990-06-20,92,tropicana,0.0,3.66,5312.0
1990-06-27,92,tropicana,0.0,3.66,2624.0
1990-07-04,92,tropicana,0.0,3.66,5952.0
1990-07-11,92,tropicana,0.0,3.66,2496.0
1990-07-18,92,tropicana,0.0,3.66,2496.0
1990-07-25,92,tropicana,0.0,3.66,3328.0
1990-08-01,92,tropicana,0.0,3.66,2880.0
1990-08-08,92,tropicana,0.0,3.66,2880.0
1990-08-15,92,tropicana,0.0,3.66,4544.0
1990-08-22,92,tropicana,0.0,3.66,2752.0
1990-08-29,92,tropicana,0.0,3.66,3968.0
1990-09-05,92,tropicana,0.0,3.66,3392.0
1990-09-12,92,tropicana,0.0,3.29,4032.0
1990-09-19,92,tropicana,0.0,3.29,4800.0
1990-09-26,92,tropicana,0.0,3.29,3456.0
1990-10-03,92,tropicana,0.0,3.66,3136.0
1990-10-10,92,tropicana,1.0,3.29,5312.0
1990-10-17,92,tropicana,0.0,3.29,3776.0
1990-10-24,92,tropicana,0.0,3.51,2048.0
1990-10-31,92,tropicana,0.0,3.51,4544.0
1990-11-07,92,tropicana,0.0,3.51,2880.0
1990-11-14,92,tropicana,0.0,3.51,2944.0
1990-11-21,92,tropicana,0.0,3.66,5632.0
1990-11-28,92,tropicana,0.0,2.99,6720.0
1990-12-05,92,tropicana,0.0,2.99,5888.0
1990-12-12,92,tropicana,0.0,3.39,2752.0
1990-12-19,92,tropicana,0.0,3.39,2560.0
1990-12-26,92,tropicana,0.0,2.39,17472.0
1991-01-02,92,tropicana,0.0,2.39,11520.0
1991-01-09,92,tropicana,0.0,3.39,4672.0
1991-01-16,92,tropicana,0.0,2.59,9536.0
1991-01-23,92,tropicana,0.0,2.59,4416.0
1991-01-30,92,tropicana,0.0,3.39,4544.0
1991-02-06,92,tropicana,0.0,3.39,3328.0
1991-02-13,92,tropicana,0.0,2.49,13248.0
1991-02-20,92,tropicana,0.0,3.39,4736.0
1991-02-27,92,tropicana,0.0,3.39,3968.0
1991-03-06,92,tropicana,0.0,3.39,2816.0
1991-03-13,92,tropicana,0.0,3.39,2304.0
1990-06-20,93,minute.maid,0.0,3.17,3584.0
1990-06-27,93,minute.maid,0.228682783,2.326737768,3712.0
1990-07-04,93,minute.maid,0.0,3.17,3840.0
1990-07-11,93,minute.maid,0.0,3.17,4480.0
1990-07-18,93,minute.maid,1.0,2.59,35072.0
1990-07-25,93,minute.maid,0.0,3.17,3264.0
1990-08-01,93,minute.maid,0.0,3.17,8960.0
1990-08-08,93,minute.maid,1.0,2.39,26816.0
1990-08-15,93,minute.maid,0.0,3.17,3584.0
1990-08-22,93,minute.maid,1.0,1.99,48320.0
1990-08-29,93,minute.maid,0.0,3.17,2944.0
1990-09-05,93,minute.maid,0.0,3.17,4032.0
1990-09-12,93,minute.maid,0.0,3.17,3136.0
1990-09-19,93,minute.maid,1.0,2.19,39168.0
1990-09-26,93,minute.maid,0.0,3.17,3264.0
1990-10-03,93,minute.maid,0.0,3.17,3456.0
1990-10-10,93,minute.maid,0.0,3.17,11392.0
1990-10-17,93,minute.maid,1.0,1.99,34176.0
1990-10-24,93,minute.maid,0.0,3.03,4096.0
1990-10-31,93,minute.maid,0.0,3.17,3776.0
1990-11-07,93,minute.maid,1.0,1.99,33408.0
1990-11-14,93,minute.maid,0.0,3.17,3648.0
1990-11-21,93,minute.maid,1.0,1.99,39488.0
1990-11-28,93,minute.maid,0.0,1.99,5568.0
1990-12-05,93,minute.maid,0.0,3.17,9792.0
1990-12-12,93,minute.maid,1.0,1.99,30528.0
1990-12-19,93,minute.maid,0.0,1.99,11136.0
1990-12-26,93,minute.maid,0.0,1.99,11072.0
1991-01-02,93,minute.maid,0.228682783,2.326737768,8618.666667
1991-01-09,93,minute.maid,0.228682783,2.326737768,6165.333333
1991-01-16,93,minute.maid,0.0,2.59,3712.0
1991-01-23,93,minute.maid,0.0,2.59,6720.0
1991-01-30,93,minute.maid,1.0,1.99,32000.0
1991-02-06,93,minute.maid,0.0,2.59,6272.0
1991-02-13,93,minute.maid,0.0,2.49,6080.0
1991-02-20,93,minute.maid,0.0,2.49,6272.0
1991-02-27,93,minute.maid,0.0,2.49,9344.0
1991-03-06,93,minute.maid,1.0,1.99,19456.0
1991-03-13,93,minute.maid,0.0,2.59,4800.0
1990-06-20,93,tropicana,0.0,3.87,11264.0
1990-06-27,93,tropicana,0.228682783,2.326737768,7744.0
1990-07-04,93,tropicana,0.0,3.87,4224.0
1990-07-11,93,tropicana,0.0,3.87,7360.0
1990-07-18,93,tropicana,0.0,3.87,7680.0
1990-07-25,93,tropicana,0.0,3.87,6912.0
1990-08-01,93,tropicana,0.0,3.87,8576.0
1990-08-08,93,tropicana,0.0,3.87,7360.0
1990-08-15,93,tropicana,0.0,3.87,8384.0
1990-08-22,93,tropicana,0.0,3.87,5952.0
1990-08-29,93,tropicana,0.0,3.87,6592.0
1990-09-05,93,tropicana,0.0,3.87,7104.0
1990-09-12,93,tropicana,0.0,3.29,10240.0
1990-09-19,93,tropicana,0.0,3.29,9280.0
1990-09-26,93,tropicana,0.0,3.29,11328.0
1990-10-03,93,tropicana,0.0,3.87,7168.0
1990-10-10,93,tropicana,1.0,3.29,13824.0
1990-10-17,93,tropicana,0.0,3.29,8320.0
1990-10-24,93,tropicana,0.0,3.56,6272.0
1990-10-31,93,tropicana,0.0,3.56,6464.0
1990-11-07,93,tropicana,0.0,3.56,7040.0
1990-11-14,93,tropicana,0.0,3.56,7808.0
1990-11-21,93,tropicana,0.0,3.87,9280.0
1990-11-28,93,tropicana,0.0,2.99,14464.0
1990-12-05,93,tropicana,0.0,2.99,11648.0
1990-12-12,93,tropicana,0.0,3.59,6272.0
1990-12-19,93,tropicana,0.0,3.59,5120.0
1990-12-26,93,tropicana,0.0,2.39,26240.0
1991-01-02,93,tropicana,0.228682783,2.326737768,25152.0
1991-01-09,93,tropicana,0.228682783,2.326737768,24064.0
1991-01-16,93,tropicana,0.0,2.59,22976.0
1991-01-23,93,tropicana,0.0,2.59,11328.0
1991-01-30,93,tropicana,0.0,3.59,6208.0
1991-02-06,93,tropicana,0.0,3.59,5760.0
1991-02-13,93,tropicana,0.0,2.49,21376.0
1991-02-20,93,tropicana,0.0,3.59,7040.0
1991-02-27,93,tropicana,0.0,3.59,7104.0
1991-03-06,93,tropicana,0.0,3.59,5696.0
1991-03-13,93,tropicana,0.0,3.59,4992.0
1990-06-20,94,minute.maid,0.0,2.62,4864.0
1990-06-27,94,minute.maid,1.0,1.99,25088.0
1990-07-04,94,minute.maid,0.0,2.62,6080.0
1990-07-11,94,minute.maid,0.0,2.62,7168.0
1990-07-18,94,minute.maid,1.0,2.59,20672.0
1990-07-25,94,minute.maid,0.0,2.62,4352.0
1990-08-01,94,minute.maid,0.0,2.62,8512.0
1990-08-08,94,minute.maid,1.0,2.39,13760.0
1990-08-15,94,minute.maid,0.0,2.62,4416.0
1990-08-22,94,minute.maid,1.0,1.99,28352.0
1990-08-29,94,minute.maid,0.0,2.62,5632.0
1990-09-05,94,minute.maid,0.0,2.62,5120.0
1990-09-12,94,minute.maid,0.0,2.62,5952.0
1990-09-19,94,minute.maid,1.0,2.19,18624.0
1990-09-26,94,minute.maid,0.0,2.62,4160.0
1990-10-03,94,minute.maid,0.0,2.62,6208.0
1990-10-10,94,minute.maid,0.0,2.62,9664.0
1990-10-17,94,minute.maid,1.0,1.99,23488.0
1990-10-24,94,minute.maid,0.0,2.44,7360.0
1990-10-31,94,minute.maid,0.0,2.62,5504.0
1990-11-07,94,minute.maid,1.0,1.99,20352.0
1990-11-14,94,minute.maid,0.0,2.62,4800.0
1990-11-21,94,minute.maid,1.0,1.99,25984.0
1990-11-28,94,minute.maid,0.0,1.99,14144.0
1990-12-05,94,minute.maid,0.0,2.62,11904.0
1990-12-12,94,minute.maid,1.0,1.99,23040.0
1990-12-19,94,minute.maid,0.0,1.99,13312.0
1990-12-26,94,minute.maid,0.0,1.99,19008.0
1991-01-02,94,minute.maid,0.0,1.99,12928.0
1991-01-09,94,minute.maid,0.0,1.99,14080.0
1991-01-16,94,minute.maid,0.0,2.17,6592.0
1991-01-23,94,minute.maid,0.0,2.17,6784.0
1991-01-30,94,minute.maid,1.0,1.99,30784.0
1991-02-06,94,minute.maid,0.0,2.17,7744.0
1991-02-13,94,minute.maid,0.0,2.12,6400.0
1991-02-20,94,minute.maid,0.228682783,2.326737768,7264.0
1991-02-27,94,minute.maid,0.0,2.12,8128.0
1991-03-06,94,minute.maid,1.0,1.99,20864.0
1991-03-13,94,minute.maid,0.0,2.17,4800.0
1990-06-20,94,tropicana,0.0,3.19,5248.0
1990-06-27,94,tropicana,0.0,3.19,5184.0
1990-07-04,94,tropicana,0.0,3.19,6784.0
1990-07-11,94,tropicana,0.0,3.19,5696.0
1990-07-18,94,tropicana,0.0,3.19,4928.0
1990-07-25,94,tropicana,0.0,3.19,5312.0
1990-08-01,94,tropicana,0.0,3.19,4736.0
1990-08-08,94,tropicana,0.0,3.19,4800.0
1990-08-15,94,tropicana,0.0,3.19,6208.0
1990-08-22,94,tropicana,0.0,3.19,4480.0
1990-08-29,94,tropicana,0.0,3.19,6272.0
1990-09-05,94,tropicana,0.0,3.19,5120.0
1990-09-12,94,tropicana,0.0,3.19,6144.0
1990-09-19,94,tropicana,0.0,3.19,6016.0
1990-09-26,94,tropicana,0.0,3.19,8384.0
1990-10-03,94,tropicana,0.0,3.19,6400.0
1990-10-10,94,tropicana,1.0,3.19,7040.0
1990-10-17,94,tropicana,0.0,3.19,6080.0
1990-10-24,94,tropicana,0.0,3.04,4288.0
1990-10-31,94,tropicana,0.0,3.04,5952.0
1990-11-07,94,tropicana,0.0,3.04,8320.0
1990-11-14,94,tropicana,0.0,3.04,6016.0
1990-11-21,94,tropicana,0.0,3.19,7808.0
1990-11-28,94,tropicana,0.0,2.99,9664.0
1990-12-05,94,tropicana,0.0,2.99,10304.0
1990-12-12,94,tropicana,0.0,2.99,6784.0
1990-12-19,94,tropicana,0.0,2.99,6784.0
1990-12-26,94,tropicana,0.0,2.39,15104.0
1991-01-02,94,tropicana,0.0,2.39,9856.0
1991-01-09,94,tropicana,0.0,2.99,9024.0
1991-01-16,94,tropicana,0.0,2.59,13760.0
1991-01-23,94,tropicana,0.0,2.59,8832.0
1991-01-30,94,tropicana,0.0,2.99,5568.0
1991-02-06,94,tropicana,0.0,2.99,6592.0
1991-02-13,94,tropicana,0.0,2.49,11008.0
1991-02-20,94,tropicana,0.228682783,2.326737768,8192.0
1991-02-27,94,tropicana,0.0,2.99,5376.0
1991-03-06,94,tropicana,0.0,2.99,7232.0
1991-03-13,94,tropicana,0.0,2.99,5376.0
