data/dominicks_oj_data/dominicks_oj_staggered.csv
date,store,brand,on_promotion,price,quantity
1990-06-20,97,minute.maid,0.0,2.99,2496.0
1990-06-27,97,minute.maid,1.0,1.99,24576.0
1990-07-04,97,minute.maid,0.0,2.99,2432.0
1990-07-11,97,minute.maid,0.0,2.99,2432.0
1990-07-18,97,minute.maid,1.0,2.59,14784.0
1990-07-25,97,minute.maid,0.0,2.99,2624.0
1990-08-01,97,minute.maid,0.0,2.99,2880.0
1990-08-08,97,minute.maid,1.0,2.39,12352.0
1990-08-15,97,minute.maid,0.0,2.99,2752.0
1990-08-22,97,minute.maid,1.0,1.99,22656.0
1990-08-29,97,minute.maid,0.0,2.99,2752.0
1990-09-05,97,minute.maid,0.0,2.99,3584.0
1990-09-12,97,minute.maid,0.0,2.99,2624.0
1990-09-19,97,minute.maid,1.0,2.19,12160.0
1990-09-26,97,minute.maid,0.0,2.99,1664.0
1990-10-03,97,minute.maid,0.0,2.99,2752.0
1990-10-10,97,minute.maid,0.0,2.99,5376.0
1990-10-17,97,minute.maid,1.0,1.99,20992.0
1990-10-24,97,minute.maid,0.0,2.73,3648.0
1990-10-31,97,minute.maid,0.0,2.99,2944.0
1990-11-07,97,minute.maid,1.0,1.99,16128.0
1990-11-14,97,minute.maid,0.0,2.99,2368.0
1990-11-21,97,minute.maid,1.0,1.99,19008.0
1990-11-28,97,minute.maid,0.0,1.99,7424.0
1990-12-05,97,minute.maid,0.0,2.99,5760.0
1990-12-12,97,minute.maid,1.0,1.99,11136.0
1990-12-19,97,minute.maid,0.0,1.99,6016.0
1990-12-26,97,minute.maid,0.0,1.99,9920.0
1991-01-02,97,minute.maid,0.0,1.99,6656.0
1991-01-09,97,minute.maid,0.0,1.99,8512.0
1991-01-16,97,minute.maid,0.0,2.46,4160.0
1991-01-23,97,minute.maid,0.0,2.46,4096.0
1991-01-30,97,minute.maid,1.0,1.99,17664.0
1991-02-06,97,minute.maid,0.0,2.46,3456.0
1991-02-13,97,minute.maid,0.0,2.41,3136.0
1991-02-20,97,minute.maid,0.0,2.41,3328.0
1991-02-27,97,minute.maid,0.0,2.41,6784.0
1991-03-06,97,minute.maid,1.0,1.99,10496.0
1991-03-13,97,minute.maid,0.0,2.46,2112.0
1990-06-20,97,tropicana,0.0,3.66,2688.0
1990-06-27,97,tropicana,0.0,3.66,1344.0
1990-07-04,97,tropicana,0.0,3.66,2048.0
1990-07-11,97,tropicana,0.0,3.66,2048.0
1990-07-18,97,tropicana,0.0,3.66,1088.0
1990-07-25,97,tropicana,0.0,3.66,1536.0
1990-08-01,97,tropicana,0.0,3.66,1216.0
1990-08-08,97,tropicana,0.0,3.66,1280.0
1990-08-15,97,tropicana,0.0,3.66,2112.0
1990-08-22,97,tropicana,0.0,3.66,1472.0
1990-08-29,97,tropicana,0.0,3.66,1728.0
1990-09-05,97,tropicana,0.0,3.66,1472.0
1990-09-12,97,tropicana,0.0,3.29,1536.0
1990-09-19,97,tropicana,0.0,3.29,1920.0
1990-09-26,97,tropicana,0.0,3.29,2368.0
1990-10-03,97,tropicana,0.0,3.66,1792.0
1990-10-10,97,tropicana,1.0,2.99,5056.0
1990-10-17,97,tropicana,0.0,2.99,3072.0
1990-10-24,97,tropicana,0.0,2.99,3328.0
1990-10-31,97,tropicana,0.0,3.66,1472.0
1990-11-07,97,tropicana,0.0,3.66,896.0
1990-11-14,97,tropicana,0.0,3.66,1408.0
1990-11-21,97,tropicana,0.0,3.66,2624.0
1990-11-28,97,tropicana,0.0,2.99,3008.0
1990-12-05,97,tropicana,0.0,2.99,3264.0
1990-12-12,97,tropicana,0.0,3.39,1600.0
1990-12-19,97,tropicana,0.0,3.39,1088.0
1990-12-26,97,tropicana,0.0,2.39,6272.0
1991-01-02,97,tropicana,0.0,2.39,3264.0
1991-01-09,97,tropicana,0.0,3.19,2240.0
1991-01-16,97,tropicana,0.0,2.59,6336.0
1991-01-23,97,tropicana,0.0,2.59,1728.0
1991-01-30,97,tropicana,0.0,3.19,1216.0
1991-02-06,97,tropicana,0.0,3.19,1408.0
1991-02-13,97,tropicana,0.0,2.49,6528.0
1991-02-20,97,tropicana,0.0,3.19,2816.0
1991-02-27,97,tropicana,0.0,3.19,1792.0
1991-03-06,97,tropicana,0.0,3.19,1984.0
1991-03-13,97,tropicana,0.0,3.19,1216.0
1990-06-20,101,minute.maid,0.0,2.99,4800.0
1990-06-27,101,minute.maid,1.0,1.99,56640.0
1990-07-04,101,minute.maid,0.0,2.99,4032.0
1990-07-11,101,minute.maid,0.0,2.99,5952.0
1990-07-18,101,minute.maid,1.0,2.59,34752.0
1990-07-25,101,minute.maid,0.0,2.99,3904.0
1990-08-01,101,minute.maid,0.0,2.99,6208.0
1990-08-08,101,minute.maid,1.0,2.39,23936.0
1990-08-15,101,minute.maid,0.0,2.99,3840.0
1990-08-22,101,minute.maid,1.0,1.99,54784.0
1990-08-29,101,minute.maid,0.0,2.99,3968.0
1990-09-05,101,minute.maid,0.0,2.99,4864.0
1990-09-12,101,minute.maid,0.0,2.99,5248.0
1990-09-19,101,minute.maid,1.0,2.19,30464.0
1990-09-26,101,minute.maid,0.0,2.99,3776.0
1990-10-03,101,minute.maid,0.0,2.99,5376.0
1990-10-10,101,minute.maid,0.0,2.99,11072.0
1990-10-17,101,minute.maid,1.0,1.99,43200.0
1990-10-24,101,minute.maid,0.0,2.74,6720.0
1990-10-31,101,minute.maid,0.0,2.99,4672.0
1990-11-07,101,minute.maid,1.0,1.99,38784.0
1990-11-14,101,minute.maid,0.0,2.99,4288.0
1990-11-21,101,minute.maid,1.0,1.99,47616.0
1990-11-28,101,minute.maid,0.0,1.99,10048.0
1990-12-05,101,minute.maid,0.0,2.99,13632.0
1990-12-12,101,minute.maid,1.0,1.99,30784.0
1990-12-19,101,minute.maid,0.0,1.99,13184.0
1990-12-26,101,minute.maid,0.0,1.99,13760.0
1991-01-02,101,minute.maid,0.0,1.99,10176.0
1991-01-09,101,minute.maid,0.0,1.99,13632.0
1991-01-16,101,minute.maid,0.0,2.46,5568.0
1991-01-23,101,minute.maid,0.0,2.46,6464.0
1991-01-30,101,minute.maid,1.0,1.99,40448.0
1991-02-06,101,minute.maid,0.0,2.46,6592.0
1991-02-13,101,minute.maid,0.0,2.41,6080.0
1991-02-20,101,minute.maid,0.0,2.41,5056.0
1991-02-27,101,minute.maid,0.0,2.41,8384.0
1991-03-06,101,minute.maid,1.0,1.99,19392.0
1991-03-13,101,minute.maid,0.0,2.46,5376.0
1990-06-20,101,tropicana,0.0,3.66,7680.0
1990-06-27,101,tropicana,0.0,3.66,5632.0
1990-07-04,101,tropicana,0.0,3.66,5632.0
1990-07-11,101,tropicana,0.0,3.66,7744.0
1990-07-18,101,tropicana,0.0,3.66,6336.0
1990-07-25,101,tropicana,0.0,3.66,5888.0
1990-08-01,101,tropicana,0.0,3.66,8384.0
1990-08-08,101,tropicana,0.0,3.66,5632.0
1990-08-15,101,tropicana,0.0,3.66,9216.0
1990-08-22,101,tropicana,0.0,3.66,6912.0
1990-08-29,101,tropicana,0.0,3.66,6848.0
1990-09-05,101,tropicana,0.0,3.66,5696.0
1990-09-12,101,tropicana,0.0,3.29,8960.0
1990-09-19,101,tropicana,0.0,3.29,9408.0
1990-09-26,101,tropicana,0.0,3.29,7104.0
1990-10-03,101,tropicana,0.0,3.66,6336.0
1990-10-10,101,tropicana,1.0,2.99,18496.0
1990-10-17,101,tropicana,0.0,2.99,10432.0
1990-10-24,101,tropicana,0.0,2.99,9408.0
1990-10-31,101,tropicana,0.0,3.66,5440.0
1990-11-07,101,tropicana,0.0,3.66,6208.0
1990-11-14,101,tropicana,0.0,3.66,6656.0
1990-11-21,101,tropicana,0.0,3.66,7488.0
1990-11-28,101,tropicana,0.0,2.99,12800.0
1990-12-05,101,tropicana,0.0,2.99,13824.0
1990-12-12,101,tropicana,0.0,3.39,7744.0
1990-12-19,101,tropicana,0.0,3.39,5376.0
1990-12-26,101,tropicana,0.0,2.39,27904.0
1991-01-02,101,tropicana,0.0,2.39,11200.0
1991-01-09,101,tropicana,0.0,3.39,10752.0
1991-01-16,101,tropicana,0.0,2.59,19072.0
1991-01-23,101,tropicana,0.0,2.59,9792.0
1991-01-30,101,tropicana,0.0,3.39,6144.0
1991-02-06,101,tropicana,0.0,3.39,4160.0
1991-02-13,101,tropicana,0.0,2.49,18944.0
1991-02-20,101,tropicana,0.0,3.39,6080.0
1991-02-27,101,tropicana,0.0,3.39,6720.0
1991-03-06,101,tropicana,0.0,3.39,6784.0
1991-03-13,101,tropicana,0.0,3.39,5056.0
1990-06-20,103,minute.maid,0.0,2.62,2560.0
1990-06-27,103,minute.maid,1.0,1.99,35584.0
1990-07-04,103,minute.maid,0.0,2.62,3200.0
1990-07-11,103,minute.maid,0.0,2.62,2560.0
1990-07-18,103,minute.maid,1.0,2.59,17920.0
1990-07-25,103,minute.maid,0.0,2.62,2752.0
1990-08-01,103,minute.maid,0.0,2.62,2368.0
1990-08-08,103,minute.maid,1.0,2.39,8320.0
1990-08-15,103,minute.maid,0.0,2.62,2048.0
1990-08-22,103,minute.maid,1.0,1.99,30272.0
1990-08-29,103,minute.maid,0.0,2.62,2368.0
1990-09-05,103,minute.maid,0.228682783,2.326737768,2560.0
1990-09-12,103,minute.maid,0.0,2.62,2752.0
1990-09-19,103,minute.maid,1.0,2.19,19264.0
1990-09-26,103,minute.maid,0.0,2.62,2560.0
1990-10-03,103,minute.maid,0.0,2.62,4032.0
1990-10-10,103,minute.maid,0.0,2.62,7680.0
1990-10-17,103,minute.maid,1.0,1.99,31936.0
1990-10-24,103,minute.maid,0.0,2.46,3584.0
1990-10-31,103,minute.maid,0.0,2.62,2112.0
1990-11-07,103,minute.maid,1.0,1.99,24064.0
1990-11-14,103,minute.maid,0.0,2.62,3392.0
1990-11-21,103,minute.maid,1.0,1.99,33216.0
1990-11-28,103,minute.maid,0.0,1.99,9920.0
1990-12-05,103,minute.maid,0.0,2.62,7424.0
1990-12-12,103,minute.maid,1.0,1.99,22144.0
1990-12-19,103,minute.maid,0.0,1.99,7232.0
1990-12-26,103,minute.maid,0.0,1.99,9152.0
1991-01-02,103,minute.maid,0.0,1.99,4864.0
1991-01-09,103,minute.maid,0.0,1.99,6592.0
1991-01-16,103,minute.maid,0.0,2.17,2816.0
1991-01-23,103,minute.maid,0.0,2.17,3456.0
1991-01-30,103,minute.maid,1.0,1.99,29504.0
1991-02-06,103,minute.maid,0.0,2.17,4672.0
1991-02-13,103,minute.maid,0.0,2.12,5120.0
1991-02-20,103,minute.maid,0.228682783,2.326737768,5312.0
1991-02-27,103,minute.maid,0.0,2.12,5504.0
1991-03-06,103,minute.maid,1.0,1.99,16576.0
1991-03-13,103,minute.maid,0.0,2.17,2624.0
1990-06-20,103,tropicana,0.0,3.19,3648.0
1990-06-27,103,tropicana,0.0,3.19,2560.0
1990-07-04,103,tropicana,0.0,3.19,2816.0
1990-07-11,103,tropicana,0.0,3.19,2240.0
1990-07-18,103,tropicana,0.0,3.19,2624.0
1990-07-25,103,tropicana,0.0,3.19,2432.0
1990-08-01,103,tropicana,0.0,3.19,1984.0
1990-08-08,103,tropicana,0.0,3.19,2432.0
1990-08-15,103,tropicana,0.0,3.19,2816.0
1990-08-22,103,tropicana,0.0,3.19,1280.0
1990-08-29,103,tropicana,0.0,3.19,1920.0
1990-09-05,103,tropicana,0.228682783,2.326737768,1568.0
1990-09-12,103,tropicana,0.0,3.19,1216.0
1990-09-19,103,tropicana,0.0,3.19,1600.0
1990-09-26,103,tropicana,0.0,3.19,3456.0
1990-10-03,103,tropicana,0.0,3.19,2176.0
1990-10-10,103,tropicana,1.0,3.19,3776.0
1990-10-17,103,tropicana,0.0,3.19,2240.0
1990-10-24,103,tropicana,0.0,3.04,1792.0
1990-10-31,103,tropicana,0.0,3.04,1984.0
1990-11-07,103,tropicana,0.0,3.04,2048.0
1990-11-14,103,tropicana,0.0,3.04,2368.0
1990-11-21,103,tropicana,0.0,3.19,3072.0
1990-11-28,103,tropicana,0.0,2.99,4160.0
1990-12-05,103,tropicana,0.0,2.99,3264.0
1990-12-12,103,tropicana,0.0,2.99,1664.0
1990-12-19,103,tropicana,0.0,2.99,1792.0
1990-12-26,103,tropicana,0.0,2.39,11008.0
1991-01-02,103,tropicana,0.0,2.39,5952.0
1991-01-09,103,tropicana,0.0,2.99,4672.0
1991-01-16,103,tropicana,0.0,2.59,4096.0
1991-01-23,103,tropicana,0.0,2.59,2496.0
1991-01-30,103,tropicana,0.0,2.99,2432.0
1991-02-06,103,tropicana,0.0,2.99,3456.0
1991-02-13,103,tropicana,0.0,2.49,4992.0
1991-02-20,103,tropicana,0.228682783,2.326737768,3776.0
1991-02-27,103,tropicana,0.0,2.99,2560.0
1991-03-06,103,tropicana,0.0,2.99,2368.0
1991-03-13,103,tropicana,0.0,2.99,2112.0
1990-06-20,104,minute.maid,0.0,2.99,2816.0
1990-06-27,104,minute.maid,1.0,1.99,34624.0
1990-07-04,104,minute.maid,0.228682783,2.326737768,31914.66667
1990-07-11,104,minute.maid,0.228682783,2.326737768,29205.33333
1990-07-18,104,minute.maid,1.0,2.59,26496.0
1990-07-25,104,minute.maid,0.0,2.99,3264.0
1990-08-01,104,minute.maid,0.0,2.99,5568.0
1990-08-08,104,minute.maid,1.0,2.39,16192.0
1990-08-15,104,minute.maid,0.0,2.99,2880.0
1990-08-22,104,minute.maid,1.0,1.99,33728.0
1990-08-29,104,minute.maid,0.0,2.99,2368.0
1990-09-05,104,minute.maid,0.0,2.99,3648.0
1990-09-12,104,minute.maid,0.0,2.99,3136.0
1990-09-19,104,minute.maid,1.0,2.19,17088.0
1990-09-26,104,minute.maid,0.0,2.99,3200.0
1990-10-03,104,minute.maid,0.0,2.99,3264.0
1990-10-10,104,minute.maid,0.0,2.99,9216.0
1990-10-17,104,minute.maid,1.0,1.99,33408.0
1990-10-24,104,minute.maid,0.0,2.82,4992.0
1990-10-31,104,minute.maid,0.0,2.99,2432.0
1990-11-07,104,minute.maid,1.0,1.99,24576.0
1990-11-14,104,minute.maid,0.0,2.99,3328.0
1990-11-21,104,minute.maid,1.0,1.99,32384.0
1990-11-28,104,minute.maid,0.0,1.99,4736.0
1990-12-05,104,minute.maid,0.0,2.99,8640.0
1990-12-12,104,minute.maid,1.0,1.99,24448.0
1990-12-19,104,minute.maid,0.0,1.99,8512.0
1990-12-26,104,minute.maid,0.0,1.99,13056.0
1991-01-02,104,minute.maid,0.0,1.99,7232.0
1991-01-09,104,minute.maid,0.0,1.99,7872.0
1991-01-16,104,minute.maid,0.0,2.46,3648.0
1991-01-23,104,minute.maid,0.228682783,2.326737768,3733.333333
1991-01-30,104,minute.maid,0.228682783,2.326737768,3818.666667
1991-02-06,104,minute.maid,0.0,2.46,3904.0
1991-02-13,104,minute.maid,0.0,2.41,5248.0
1991-02-20,104,minute.maid,0.0,2.41,4288.0
1991-02-27,104,minute.maid,0.0,2.41,5440.0
1991-03-06,104,minute.maid,1.0,1.99,13824.0
1991-03-13,104,minute.maid,0.0,2.46,3776.0
1990-06-20,104,tropicana,0.0,3.66,3968.0
1990-06-27,104,tropicana,0.0,3.66,2816.0
1990-07-04,104,tropicana,0.228682783,2.326737768,2858.666667
1990-07-11,104,tropicana,0.228682783,2.326737768,2901.333333
1990-07-18,104,tropicana,0.0,3.66,2944.0
1990-07-25,104,tropicana,0.0,3.66,2944.0
1990-08-01,104,tropicana,0.0,3.66,3648.0
1990-08-08,104,tropicana,0.0,3.66,3840.0
1990-08-15,104,tropicana,0.0,3.66,3712.0
1990-08-22,104,tropicana,0.0,3.66,3328.0
1990-08-29,104,tropicana,0.0,3.66,2688.0
1990-09-05,104,tropicana,0.0,3.66,3136.0
1990-09-12,104,tropicana,0.0,3.29,3712.0
1990-09-19,104,tropicana,0.0,3.29,3712.0
1990-09-26,104,tropicana,0.0,3.29,3968.0
1990-10-03,104,tropicana,0.0,3.66,2624.0
1990-10-10,104,tropicana,1.0,3.29,7808.0
1990-10-17,104,tropicana,0.0,3.29,2816.0
1990-10-24,104,tropicana,0.0,3.51,2496.0
1990-10-31,104,tropicana,0.0,3.51,3392.0
1990-11-07,104,tropicana,0.0,3.51,3904.0
1990-11-14,104,tropicana,0.0,3.51,2304.0
1990-11-21,104,tropicana,0.0,3.66,4480.0
1990-11-28,104,tropicana,0.0,2.99,5376.0
1990-12-05,104,tropicana,0.0,2.99,5440.0
1990-12-12,104,tropicana,0.0,3.39,3392.0
1990-12-19,104,tropicana,0.0,3.39,3200.0
1990-12-26,104,tropicana,0.0,2.39,12224.0
1991-01-02,104,tropicana,0.0,2.39,9024.0
1991-01-09,104,tropicana,0.0,3.19,5824.0
1991-01-16,104,tropicana,0.0,2.59,9856.0
1991-01-23,104,tropicana,0.228682783,2.326737768,7872.0
1991-01-30,104,tropicana,0.228682783,2.326737768,5888.0
1991-02-06,104,tropicana,0.0,3.19,3904.0
1991-02-13,104,tropicana,0.0,2.49,13760.0
1991-02-20,104,tropicana,0.0,3.19,5056.0
1991-02-27,104,tropicana,0.0,3.19,3136.0
1991-03-06,104,tropicana,0.0,3.19,2880.0
1991-03-13,104,tropicana,0.0,3.19,2944.0
1990-06-20,105,minute.maid,0.0,2.62,4992.0
1990-06-27,105,minute.maid,1.0,1.99,43136.0
1990-07-04,105,minute.maid,0.228682783,2.326737768,24928.0
1990-07-11,105,minute.maid,0.0,2.62,6720.0
1990-07-18,105,minute.maid,1.0,2.59,37056.0
1990-07-25,105,minute.maid,0.0,2.62,5440.0
1990-08-01,105,minute.maid,0.0,2.62,6848.0
1990-08-08,105,minute.maid,1.0,2.39,23040.0
1990-08-15,105,minute.maid,0.0,2.62,4736.0
1990-08-22,105,minute.maid,1.0,1.99,60608.0
1990-08-29,105,minute.maid,0.0,2.62,4672.0
1990-09-05,105,minute.maid,0.0,2.62,5248.0
1990-09-12,105,minute.maid,0.0,2.62,4800.0
1990-09-19,105,minute.maid,1.0,2.19,26816.0
1990-09-26,105,minute.maid,0.0,2.62,3776.0
1990-10-03,105,minute.maid,0.0,2.62,6784.0
1990-10-10,105,minute.maid,0.0,2.62,14080.0
1990-10-17,105,minute.maid,1.0,1.99,45440.0
1990-10-24,105,minute.maid,0.0,2.52,5184.0
1990-10-31,105,minute.maid,0.0,2.62,5184.0
1990-11-07,105,minute.maid,1.0,1.99,35584.0
1990-11-14,105,minute.maid,0.0,2.62,3968.0
1990-11-21,105,minute.maid,1.0,1.99,43072.0
1990-11-28,105,minute.maid,0.0,1.99,12800.0
1990-12-05,105,minute.maid,0.0,2.62,17984.0
1990-12-12,105,minute.maid,1.0,1.99,34560.0
1990-12-19,105,minute.maid,0.0,1.99,11392.0
1990-12-26,105,minute.maid,0.0,1.99,14080.0
1991-01-02,105,minute.maid,0.0,1.99,8448.0
1991-01-09,105,minute.maid,0.0,1.99,15296.0
1991-01-16,105,minute.maid,0.0,2.17,5056.0
1991-01-23,105,minute.maid,0.0,2.17,4608.0
1991-01-30,105,minute.maid,1.0,1.99,46144.0
1991-02-06,105,minute.maid,0.0,2.17,6400.0
1991-02-13,105,minute.maid,0.0,2.12,7872.0
1991-02-20,105,minute.maid,0.0,2.12,4992.0
1991-02-27,105,minute.maid,0.0,2.12,7680.0
1991-03-06,105,minute.maid,1.0,1.99,36992.0
1991-03-13,105,minute.maid,0.0,2.17,3648.0
1990-06-20,105,tropicana,0.0,3.19,5248.0
1990-06-27,105,tropicana,0.0,3.19,5632.0
1990-07-04,105,tropicana,0.228682783,2.326737768,4896.0
1990-07-11,105,tropicana,0.0,3.19,4160.0
1990-07-18,105,tropicana,0.0,3.19,4224.0
1990-07-25,105,tropicana,0.0,3.19,4800.0
1990-08-01,105,tropicana,0.0,3.19,4224.0
1990-08-08,105,tropicana,0.0,3.19,4352.0
1990-08-15,105,tropicana,0.0,3.19,4672.0
1990-08-22,105,tropicana,0.0,3.19,4160.0
1990-08-29,105,tropicana,0.0,3.19,4864.0
1990-09-05,105,tropicana,0.0,3.19,5056.0
1990-09-12,105,tropicana,0.0,3.19,3968.0
1990-09-19,105,tropicana,0.0,3.19,5440.0
1990-09-26,105,tropicana,0.0,3.19,5184.0
1990-10-03,105,tropicana,0.0,3.19,6144.0
1990-10-10,105,tropicana,1.0,2.99,11648.0
1990-10-17,105,tropicana,0.0,2.99,9536.0
1990-10-24,105,tropicana,0.0,2.99,5504.0
1990-10-31,105,tropicana,0.0,3.19,4928.0
1990-11-07,105,tropicana,0.0,3.19,3968.0
1990-11-14,105,tropicana,0.0,3.19,3840.0
1990-11-21,105,tropicana,0.0,3.19,4864.0
1990-11-28,105,tropicana,0.0,2.99,5504.0
1990-12-05,105,tropicana,0.0,2.99,11200.0
1990-12-12,105,tropicana,0.0,2.99,4736.0
1990-12-19,105,tropicana,0.0,2.99,6336.0
1990-12-26,105,tropicana,0.0,2.39,20608.0
1991-01-02,105,tropicana,0.0,2.39,14016.0
1991-01-09,105,tropicana,0.0,2.99,7296.0
1991-01-16,105,tropicana,0.0,2.59,9216.0
1991-01-23,105,tropicana,0.0,2.59,7616.0
1991-01-30,105,tropicana,0.0,2.99,4928.0
1991-02-06,105,tropicana,0.0,2.99,7488.0
1991-02-13,105,tropicana,0.0,2.49,14016.0
1991-02-20,105,tropicana,0.0,2.99,8448.0
1991-02-27,105,tropicana,0.0,2.99,8320.0
1991-03-06,105,tropicana,0.0,2.99,6656.0
1991-03-13,105,tropicana,0.0,2.99,4800.0
