data/dominicks_oj_data/dominicks_oj_staggered.csv
date,store,brand,on_promotion,price,quantity
1990-06-20,106,minute.maid,0.0,2.99,2176.0
1990-06-27,106,minute.maid,1.0,1.99,19008.0
1990-07-04,106,minute.maid,0.0,2.99,2304.0
1990-07-11,106,minute.maid,0.0,2.99,2880.0
1990-07-18,106,minute.maid,1.0,2.59,15552.0
1990-07-25,106,minute.maid,0.0,2.99,2432.0
1990-08-01,106,minute.maid,0.228682783,2.326737768,5312.0
1990-08-08,106,minute.maid,1.0,2.39,8192.0
1990-08-15,106,minute.maid,0.0,2.99,2176.0
1990-08-22,106,minute.maid,1.0,1.99,20672.0
1990-08-29,106,minute.maid,0.0,2.99,2112.0
1990-09-05,106,minute.maid,0.0,2.99,2048.0
1990-09-12,106,minute.maid,0.0,2.99,2176.0
1990-09-19,106,minute.maid,1.0,2.19,8768.0
1990-09-26,106,minute.maid,0.0,2.99,1792.0
1990-10-03,106,minute.maid,0.0,2.99,1984.0
1990-10-10,106,minute.maid,0.0,2.99,4800.0
1990-10-17,106,minute.maid,1.0,1.99,12480.0
1990-10-24,106,minute.maid,0.0,2.73,2048.0
1990-10-31,106,minute.maid,0.0,2.99,1344.0
1990-11-07,106,minute.maid,1.0,1.99,10496.0
1990-11-14,106,minute.maid,0.0,2.99,2176.0
1990-11-21,106,minute.maid,1.0,1.99,17344.0
1990-11-28,106,minute.maid,0.0,1.99,3712.0
1990-12-05,106,minute.maid,0.0,2.99,4544.0
1990-12-12,106,minute.maid,1.0,1.99,11392.0
1990-12-19,106,minute.maid,0.0,1.99,4800.0
1990-12-26,106,minute.maid,0.0,1.99,6784.0
1991-01-02,106,minute.maid,0.0,1.99,3584.0
1991-01-09,106,minute.maid,0.0,1.99,5632.0
1991-01-16,106,minute.maid,0.0,2.46,2240.0
1991-01-23,106,minute.maid,0.0,2.46,3712.0
1991-01-30,106,minute.maid,1.0,1.99,20096.0
1991-02-06,106,minute.maid,0.0,2.46,3776.0
1991-02-13,106,minute.maid,0.0,2.41,3072.0
1991-02-20,106,minute.maid,0.0,2.41,2880.0
1991-02-27,106,minute.maid,0.0,2.41,2880.0
1991-03-06,106,minute.maid,1.0,1.99,10496.0
1991-03-13,106,minute.maid,0.0,2.46,1344.0
1990-06-20,106,tropicana,0.0,3.66,2816.0
1990-06-27,106,tropicana,0.0,3.66,1408.0
1990-07-04,106,tropicana,0.0,3.66,1984.0
1990-07-11,106,tropicana,0.0,3.66,1408.0
1990-07-18,106,tropicana,0.0,3.66,896.0
1990-07-25,106,tropicana,0.0,3.66,1792.0
1990-08-01,106,tropicana,0.228682783,2.326737768,1856.0
1990-08-08,106,tropicana,0.0,3.66,1920.0
1990-08-15,106,tropicana,0.0,3.66,3072.0
1990-08-22,106,tropicana,0.0,3.66,1472.0
1990-08-29,106,tropicana,0.0,3.66,1472.0
1990-09-05,106,tropicana,0.0,3.66,1664.0
1990-09-12,106,tropicana,0.0,3.29,1664.0
1990-09-19,106,tropicana,0.0,3.29,2432.0
1990-09-26,106,tropicana,0.0,3.29,2176.0
1990-10-03,106,tropicana,0.0,3.66,2240.0
1990-10-10,106,tropicana,1.0,2.99,4416.0
1990-10-17,106,tropicana,0.0,2.99,2944.0
1990-10-24,106,tropicana,0.0,2.99,2624.0
1990-10-31,106,tropicana,0.0,3.66,1280.0
1990-11-07,106,tropicana,0.0,3.66,2112.0
1990-11-14,106,tropicana,0.0,3.66,1728.0
1990-11-21,106,tropicana,0.0,3.66,2240.0
1990-11-28,106,tropicana,0.0,2.99,2688.0
1990-12-05,106,tropicana,0.0,2.99,3136.0
1990-12-12,106,tropicana,0.0,3.39,1472.0
1990-12-19,106,tropicana,0.0,3.39,1792.0
1990-12-26,106,tropicana,0.0,2.39,7488.0
1991-01-02,106,tropicana,0.0,2.39,2816.0
1991-01-09,106,tropicana,0.0,3.19,3456.0
1991-01-16,106,tropicana,0.0,2.59,4928.0
1991-01-23,106,tropicana,0.0,2.59,2496.0
1991-01-30,106,tropicana,0.0,3.19,1408.0
1991-02-06,106,tropicana,0.0,3.19,1344.0
1991-02-13,106,tropicana,0.0,2.49,5760.0
1991-02-20,106,tropicana,0.0,3.19,1536.0
1991-02-27,106,tropicana,0.0,3.19,2368.0
1991-03-06,106,tropicana,0.0,3.19,2240.0
1991-03-13,106,tropicana,0.0,3.19,1536.0
1990-06-20,107,minute.maid,0.0,2.99,5376.0
1990-06-27,107,minute.maid,1.0,1.99,55296.0
1990-07-04,107,minute.maid,0.0,2.99,5696.0
1990-07-11,107,minute.maid,0.0,2.99,6336.0
1990-07-18,107,minute.maid,1.0,2.59,29888.0
1990-07-25,107,minute.maid,0.0,2.99,4416.0
1990-08-01,107,minute.maid,0.0,2.99,9536.0
1990-08-08,107,minute.maid,1.0,2.39,17600.0
1990-08-15,107,minute.maid,0.0,2.99,3904.0
1990-08-22,107,minute.maid,1.0,1.99,47680.0
1990-08-29,107,minute.maid,0.0,2.99,3200.0
1990-09-05,107,minute.maid,0.0,2.99,6016.0
1990-09-12,107,minute.maid,0.0,2.99,4800.0
1990-09-19,107,minute.maid,1.0,2.19,28416.0
1990-09-26,107,minute.maid,0.0,2.99,4224.0
1990-10-03,107,minute.maid,0.0,2.99,4480.0
1990-10-10,107,minute.maid,0.0,2.99,5696.0
1990-10-17,107,minute.maid,1.0,1.99,33728.0
1990-10-24,107,minute.maid,0.0,2.67,9088.0
1990-10-31,107,minute.maid,0.0,2.99,12096.0
1990-11-07,107,minute.maid,1.0,1.99,38720.0
1990-11-14,107,minute.maid,0.0,2.99,3712.0
1990-11-21,107,minute.maid,1.0,1.99,30656.0
1990-11-28,107,minute.maid,0.0,1.99,6400.0
1990-12-05,107,minute.maid,0.0,2.99,13696.0
1990-12-12,107,minute.maid,1.0,1.99,35200.0
1990-12-19,107,minute.maid,0.0,1.99,6976.0
1990-12-26,107,minute.maid,0.0,1.99,5184.0
1991-01-02,107,minute.maid,0.0,1.99,4352.0
1991-01-09,107,minute.maid,0.0,1.99,4096.0
1991-01-16,107,minute.maid,0.0,2.46,5248.0
1991-01-23,107,minute.maid,0.0,2.46,5248.0
1991-01-30,107,minute.maid,1.0,1.99,57280.0
1991-02-06,107,minute.maid,0.0,2.46,5312.0
1991-02-13,107,minute.maid,0.0,2.41,5632.0
1991-02-20,107,minute.maid,0.0,2.41,4992.0
1991-02-27,107,minute.maid,0.0,2.41,8448.0
1991-03-06,107,minute.maid,1.0,1.99,28352.0
1991-03-13,107,minute.maid,0.0,2.46,4992.0
1990-06-20,107,tropicana,0.0,3.66,9920.0
1990-06-27,107,tropicana,0.0,3.66,7680.0
1990-07-04,107,tropicana,0.0,3.66,9984.0
1990-07-11,107,tropicana,0.0,3.66,8704.0
1990-07-18,107,tropicana,0.0,3.66,6016.0
1990-07-25,107,tropicana,0.0,3.66,8128.0
1990-08-01,107,tropicana,0.0,3.66,8128.0
1990-08-08,107,tropicana,0.0,3.66,7616.0
1990-08-15,107,tropicana,0.0,3.66,9920.0
1990-08-22,107,tropicana,0.0,3.66,6912.0
1990-08-29,107,tropicana,0.0,3.66,7424.0
1990-09-05,107,tropicana,0.0,3.66,8000.0
1990-09-12,107,tropicana,0.0,3.29,10816.0
1990-09-19,107,tropicana,0.0,3.29,9984.0
1990-09-26,107,tropicana,0.0,3.29,11456.0
1990-10-03,107,tropicana,0.0,3.66,8448.0
1990-10-10,107,tropicana,1.0,3.29,14144.0
1990-10-17,107,tropicana,0.0,3.29,9088.0
1990-10-24,107,tropicana,0.0,3.51,7680.0
1990-10-31,107,tropicana,0.0,3.51,8384.0
1990-11-07,107,tropicana,0.0,3.51,8896.0
1990-11-14,107,tropicana,0.0,3.51,7744.0
1990-11-21,107,tropicana,0.0,3.66,9728.0
1990-11-28,107,tropicana,0.0,2.99,10880.0
1990-12-05,107,tropicana,0.0,2.99,9856.0
1990-12-12,107,tropicana,0.0,3.39,7872.0
1990-12-19,107,tropicana,0.0,3.39,9664.0
1990-12-26,107,tropicana,0.0,2.39,36288.0
1991-01-02,107,tropicana,0.0,2.39,16512.0
1991-01-09,107,tropicana,0.0,3.39,11520.0
1991-01-16,107,tropicana,0.0,2.59,25216.0
1991-01-23,107,tropicana,0.0,2.59,13312.0
1991-01-30,107,tropicana,0.0,3.39,7488.0
1991-02-06,107,tropicana,0.0,3.39,8320.0
1991-02-13,107,tropicana,0.0,2.49,27264.0
1991-02-20,107,tropicana,0.0,3.39,9472.0
1991-02-27,107,tropicana,0.0,3.39,7616.0
1991-03-06,107,tropicana,0.0,3.39,7232.0
1991-03-13,107,tropicana,0.0,3.39,7232.0
1990-06-20,109,minute.maid,0.0,3.17,7168.0
1990-06-27,109,minute.maid,1.0,1.99,85824.0
1990-07-04,109,minute.maid,0.0,3.17,7104.0
1990-07-11,109,minute.maid,0.0,3.17,7936.0
1990-07-18,109,minute.maid,1.0,2.59,54848.0
1990-07-25,109,minute.maid,0.0,3.17,6016.0
1990-08-01,109,minute.maid,0.0,3.17,14336.0
1990-08-08,109,minute.maid,1.0,2.39,40768.0
1990-08-15,109,minute.maid,0.0,3.17,6208.0
1990-08-22,109,minute.maid,1.0,1.99,73536.0
1990-08-29,109,minute.maid,0.0,3.17,6976.0
1990-09-05,109,minute.maid,0.0,3.17,8128.0
1990-09-12,109,minute.maid,0.0,3.17,6400.0
1990-09-19,109,minute.maid,1.0,2.19,57152.0
1990-09-26,109,minute.maid,0.0,3.17,4736.0
1990-10-03,109,minute.maid,0.0,3.17,7872.0
1990-10-10,109,minute.maid,0.0,3.17,12928.0
1990-10-17,109,minute.maid,1.0,1.99,52992.0
1990-10-24,109,minute.maid,0.0,2.85,9728.0
1990-10-31,109,minute.maid,0.0,3.17,8000.0
1990-11-07,109,minute.maid,1.0,1.99,68928.0
1990-11-14,109,minute.maid,0.0,3.17,6656.0
1990-11-21,109,minute.maid,1.0,1.99,86016.0
1990-11-28,109,minute.maid,0.0,1.99,15168.0
1990-12-05,109,minute.maid,0.0,3.17,14784.0
1990-12-12,109,minute.maid,1.0,1.99,52288.0
1990-12-19,109,minute.maid,0.0,1.99,21248.0
1990-12-26,109,minute.maid,0.0,1.99,22400.0
1991-01-02,109,minute.maid,0.0,1.99,15680.0
1991-01-09,109,minute.maid,0.0,1.99,19520.0
1991-01-16,109,minute.maid,0.0,2.59,9472.0
1991-01-23,109,minute.maid,0.0,2.59,10624.0
1991-01-30,109,minute.maid,1.0,1.99,57856.0
1991-02-06,109,minute.maid,0.0,2.59,11456.0
1991-02-13,109,minute.maid,0.0,2.49,11008.0
1991-02-20,109,minute.maid,0.0,2.49,9856.0
1991-02-27,109,minute.maid,0.0,2.49,14784.0
1991-03-06,109,minute.maid,1.0,1.99,43968.0
1991-03-13,109,minute.maid,0.0,2.59,8000.0
1990-06-20,109,tropicana,0.0,3.87,21888.0
1990-06-27,109,tropicana,0.0,3.87,12800.0
1990-07-04,109,tropicana,0.0,3.87,21312.0
1990-07-11,109,tropicana,0.0,3.87,16256.0
1990-07-18,109,tropicana,0.0,3.87,11840.0
1990-07-25,109,tropicana,0.0,3.87,13952.0
1990-08-01,109,tropicana,0.0,3.87,11584.0
1990-08-08,109,tropicana,0.0,3.87,14464.0
1990-08-15,109,tropicana,0.0,3.87,17344.0
1990-08-22,109,tropicana,0.0,3.87,13312.0
1990-08-29,109,tropicana,0.0,3.87,17216.0
1990-09-05,109,tropicana,0.0,3.87,15808.0
1990-09-12,109,tropicana,0.0,3.29,27968.0
1990-09-19,109,tropicana,0.0,3.29,17920.0
1990-09-26,109,tropicana,0.0,3.29,18880.0
1990-10-03,109,tropicana,0.0,3.87,17408.0
1990-10-10,109,tropicana,1.0,3.29,33792.0
1990-10-17,109,tropicana,0.0,3.29,14208.0
1990-10-24,109,tropicana,0.0,3.56,14848.0
1990-10-31,109,tropicana,0.0,3.56,17152.0
1990-11-07,109,tropicana,0.0,3.56,14272.0
1990-11-14,109,tropicana,0.0,3.56,13312.0
1990-11-21,109,tropicana,0.0,3.87,22976.0
1990-11-28,109,tropicana,0.0,2.99,42176.0
1990-12-05,109,tropicana,0.0,2.99,24448.0
1990-12-12,109,tropicana,0.0,3.59,10560.0
1990-12-19,109,tropicana,0.0,3.59,14336.0
1990-12-26,109,tropicana,0.0,2.39,62144.0
1991-01-02,109,tropicana,0.0,2.39,25920.0
1991-01-09,109,tropicana,0.0,3.59,20032.0
1991-01-16,109,tropicana,0.0,2.59,39232.0
1991-01-23,109,tropicana,0.0,2.59,21440.0
1991-01-30,109,tropicana,0.0,3.59,9984.0
1991-02-06,109,tropicana,0.0,3.59,15616.0
1991-02-13,109,tropicana,0.0,2.49,54016.0
1991-02-20,109,tropicana,0.0,3.59,13888.0
1991-02-27,109,tropicana,0.0,3.59,14016.0
1991-03-06,109,tropicana,0.0,3.59,13056.0
1991-03-13,109,tropicana,0.0,3.59,12096.0
1990-06-20,110,minute.maid,0.0,2.99,4672.0
1990-06-27,110,minute.maid,1.0,1.99,31936.0
1990-07-04,110,minute.maid,0.0,2.99,3392.0
1990-07-11,110,minute.maid,0.0,2.99,3904.0
1990-07-18,110,minute.maid,1.0,2.59,17344.0
1990-07-25,110,minute.maid,0.0,2.99,3136.0
1990-08-01,110,minute.maid,0.0,2.99,8512.0
1990-08-08,110,minute.maid,1.0,2.39,18240.0
1990-08-15,110,minute.maid,0.0,2.99,3264.0
1990-08-22,110,minute.maid,1.0,1.99,34176.0
1990-08-29,110,minute.maid,0.0,2.99,3264.0
1990-09-05,110,minute.maid,0.0,2.99,4352.0
1990-09-12,110,minute.maid,0.0,2.99,2624.0
1990-09-19,110,minute.maid,1.0,2.19,19904.0
1990-09-26,110,minute.maid,0.0,2.99,3584.0
1990-10-03,110,minute.maid,0.0,2.99,3584.0
1990-10-10,110,minute.maid,0.0,2.99,10112.0
1990-10-17,110,minute.maid,1.0,1.99,29568.0
1990-10-24,110,minute.maid,0.0,2.71,4928.0
1990-10-31,110,minute.maid,0.0,2.99,3520.0
1990-11-07,110,minute.maid,1.0,1.89,30080.0
1990-11-14,110,minute.maid,0.0,2.99,3520.0
1990-11-21,110,minute.maid,1.0,1.99,31488.0
1990-11-28,110,minute.maid,0.0,1.99,9024.0
1990-12-05,110,minute.maid,0.0,2.99,9280.0
1990-12-12,110,minute.maid,1.0,1.99,29952.0
1990-12-19,110,minute.maid,0.0,1.99,13440.0
1990-12-26,110,minute.maid,0.0,1.99,15680.0
1991-01-02,110,minute.maid,0.0,1.99,9344.0
1991-01-09,110,minute.maid,0.0,1.99,11264.0
1991-01-16,110,minute.maid,0.0,2.46,4800.0
1991-01-23,110,minute.maid,0.0,2.46,5952.0
1991-01-30,110,minute.maid,1.0,1.99,39296.0
1991-02-06,110,minute.maid,0.0,2.46,5056.0
1991-02-13,110,minute.maid,0.0,2.41,5120.0
1991-02-20,110,minute.maid,0.0,2.41,5184.0
1991-02-27,110,minute.maid,0.0,2.41,9728.0
1991-03-06,110,minute.maid,1.0,1.99,30080.0
1991-03-13,110,minute.maid,0.0,2.46,3008.0
1990-06-20,110,tropicana,0.0,3.66,4800.0
1990-06-27,110,tropicana,0.0,3.66,3584.0
1990-07-04,110,tropicana,0.0,3.66,4352.0
1990-07-11,110,tropicana,0.0,3.66,3008.0
1990-07-18,110,tropicana,0.0,3.66,3008.0
1990-07-25,110,tropicana,0.0,3.66,3648.0
1990-08-01,110,tropicana,0.0,3.66,3264.0
1990-08-08,110,tropicana,0.0,3.66,3072.0
1990-08-15,110,tropicana,0.0,3.66,4928.0
1990-08-22,110,tropicana,0.0,3.66,4224.0
1990-08-29,110,tropicana,0.0,3.66,3328.0
1990-09-05,110,tropicana,0.0,3.66,4352.0
1990-09-12,110,tropicana,0.0,3.29,9344.0
1990-09-19,110,tropicana,0.0,3.29,4544.0
1990-09-26,110,tropicana,0.0,3.29,4736.0
1990-10-03,110,tropicana,0.0,3.66,4480.0
1990-10-10,110,tropicana,1.0,2.99,10304.0
1990-10-17,110,tropicana,0.0,2.99,6208.0
1990-10-24,110,tropicana,0.0,2.99,5888.0
1990-10-31,110,tropicana,0.0,3.66,3520.0
1990-11-07,110,tropicana,0.0,3.66,3904.0
1990-11-14,110,tropicana,0.0,3.66,3712.0
1990-11-21,110,tropicana,0.0,3.66,6592.0
1990-11-28,110,tropicana,0.0,2.99,5760.0
1990-12-05,110,tropicana,0.0,2.99,7936.0
1990-12-12,110,tropicana,0.0,3.39,3776.0
1990-12-19,110,tropicana,0.0,3.39,4224.0
1990-12-26,110,tropicana,0.0,2.39,24256.0
1991-01-02,110,tropicana,0.0,2.39,7680.0
1991-01-09,110,tropicana,0.0,3.39,5056.0
1991-01-16,110,tropicana,0.0,2.59,11008.0
1991-01-23,110,tropicana,0.0,2.59,6208.0
1991-01-30,110,tropicana,0.0,3.39,2944.0
1991-02-06,110,tropicana,0.0,3.39,3456.0
1991-02-13,110,tropicana,0.0,2.49,18560.0
1991-02-20,110,tropicana,0.0,3.39,8192.0
1991-02-27,110,tropicana,0.0,3.39,5120.0
1991-03-06,110,tropicana,0.0,3.39,3072.0
1991-03-13,110,tropicana,0.0,3.39,2944.0
1990-06-20,111,minute.maid,0.0,3.17,2432.0
1990-06-27,111,minute.maid,1.0,1.99,84288.0
1990-07-04,111,minute.maid,0.0,3.17,2240.0
1990-07-11,111,minute.maid,0.0,3.17,3584.0
1990-07-18,111,minute.maid,1.0,2.59,41728.0
1990-07-25,111,minute.maid,0.0,3.17,1856.0
1990-08-01,111,minute.maid,0.0,3.17,2624.0
1990-08-08,111,minute.maid,1.0,2.39,34944.0
1990-08-15,111,minute.maid,0.0,3.17,1216.0
1990-08-22,111,minute.maid,1.0,1.99,89984.0
1990-08-29,111,minute.maid,0.0,3.17,2752.0
1990-09-05,111,minute.maid,0.0,3.17,2752.0
1990-09-12,111,minute.maid,0.0,3.17,3008.0
1990-09-19,111,minute.maid,1.0,2.19,48768.0
1990-09-26,111,minute.maid,0.0,3.17,1984.0
1990-10-03,111,minute.maid,0.0,3.17,3136.0
1990-10-10,111,minute.maid,0.0,3.17,10432.0
1990-10-17,111,minute.maid,1.0,1.99,73920.0
1990-10-24,111,minute.maid,0.0,2.72,5312.0
1990-10-31,111,minute.maid,0.0,3.17,2176.0
1990-11-07,111,minute.maid,1.0,1.99,50816.0
1990-11-14,111,minute.maid,0.0,3.17,1600.0
1990-11-21,111,minute.maid,1.0,1.99,81216.0
1990-11-28,111,minute.maid,0.0,1.99,20544.0
1990-12-05,111,minute.maid,0.0,3.17,16960.0
1990-12-12,111,minute.maid,1.0,1.99,88704.0
1990-12-19,111,minute.maid,0.228682783,2.326737768,54752.0
1990-12-26,111,minute.maid,0.0,1.99,20800.0
1991-01-02,111,minute.maid,0.0,1.99,27264.0
1991-01-09,111,minute.maid,0.0,1.99,14912.0
1991-01-16,111,minute.maid,0.0,2.59,3136.0
1991-01-23,111,minute.maid,0.0,2.59,14464.0
1991-01-30,111,minute.maid,1.0,1.99,90048.0
1991-02-06,111,minute.maid,0.0,2.59,6528.0
1991-02-13,111,minute.maid,0.0,2.49,5504.0
1991-02-20,111,minute.maid,0.0,2.49,4032.0
1991-02-27,111,minute.maid,0.0,2.49,14208.0
1991-03-06,111,minute.maid,1.0,1.99,65984.0
1991-03-13,111,minute.maid,0.0,2.59,3008.0
1990-06-20,111,tropicana,0.0,3.87,2304.0
1990-06-27,111,tropicana,0.0,3.87,2240.0
1990-07-04,111,tropicana,0.0,3.87,3648.0
1990-07-11,111,tropicana,0.0,3.87,3200.0
1990-07-18,111,tropicana,0.0,3.87,1728.0
1990-07-25,111,tropicana,0.0,3.87,3008.0
1990-08-01,111,tropicana,0.0,3.87,2176.0
1990-08-08,111,tropicana,0.0,3.87,2880.0
1990-08-15,111,tropicana,0.0,3.87,2432.0
1990-08-22,111,tropicana,0.0,3.87,1664.0
1990-08-29,111,tropicana,0.0,3.87,2752.0
1990-09-05,111,tropicana,0.0,3.87,3264.0
1990-09-12,111,tropicana,0.0,3.29,3776.0
1990-09-19,111,tropicana,0.0,3.29,3712.0
1990-09-26,111,tropicana,0.0,3.29,2880.0
1990-10-03,111,tropicana,0.0,3.87,2880.0
1990-10-10,111,tropicana,1.0,3.29,3904.0
1990-10-17,111,tropicana,0.0,3.29,3392.0
1990-10-24,111,tropicana,0.0,3.56,1856.0
1990-10-31,111,tropicana,0.0,3.56,1856.0
1990-11-07,111,tropicana,0.0,3.56,2496.0
1990-11-14,111,tropicana,0.0,3.56,2816.0
1990-11-21,111,tropicana,0.0,3.87,4480.0
1990-11-28,111,tropicana,0.0,2.99,4864.0
1990-12-05,111,tropicana,0.0,2.99,5888.0
1990-12-12,111,tropicana,0.0,3.59,2112.0
1990-12-19,111,tropicana,0.228682783,2.326737768,13248.0
1990-12-26,111,tropicana,0.0,2.39,24384.0
1991-01-02,111,tropicana,0.0,2.39,8128.0
1991-01-09,111,tropicana,0.0,3.59,6208.0
1991-01-16,111,tropicana,0.0,2.59,9536.0
1991-01-23,111,tropicana,0.0,2.59,4992.0
1991-01-30,111,tropicana,0.0,3.59,2752.0
1991-02-06,111,tropicana,0.0,3.59,3840.0
1991-02-13,111,tropicana,0.0,2.49,27840.0
1991-02-20,111,tropicana,0.0,3.59,5504.0
1991-02-27,111,tropicana,0.0,3.59,6080.0
1991-03-06,111,tropicana,0.0,3.59,3200.0
1991-03-13,111,tropicana,0.0,3.59,3328.0
