data/dominicks_oj_data/dominicks_oj_staggered.csv
date,store,brand,on_promotion,price,quantity
1990-06-20,112,dominicks,1.0,1.59,9664.0
1990-06-27,112,dominicks,0.0,2.29,3264.0
1990-07-04,112,dominicks,0.0,2.29,4992.0
1990-07-11,112,dominicks,0.0,2.29,6272.0
1990-07-18,112,dominicks,0.0,2.29,2240.0
1990-07-25,112,dominicks,0.0,2.29,6144.0
1990-08-01,112,dominicks,0.0,2.29,8256.0
1990-08-08,112,dominicks,1.0,2.09,9984.0
1990-08-15,112,dominicks,0.0,2.09,6208.0
1990-08-22,112,dominicks,0.0,2.09,1984.0
1990-08-29,112,dominicks,0.0,2.09,1856.0
1990-09-05,112,dominicks,1.0,1.89,31936.0
1990-09-12,112,dominicks,0.0,1.89,13824.0
1990-09-19,112,dominicks,0.0,1.89,14080.0
1990-09-26,112,dominicks,0.0,1.79,12096.0
1990-10-03,112,dominicks,1.0,1.79,35456.0
1990-10-10,112,dominicks,0.0,1.79,11648.0
1990-10-17,112,dominicks,0.228682783,2.326737768,39296.0
1990-10-24,112,dominicks,1.0,1.14,66944.0
1990-10-31,112,dominicks,0.0,1.59,3776.0
1990-11-07,112,dominicks,1.0,1.59,31360.0
1990-11-14,112,dominicks,0.0,1.29,32896.0
1990-11-21,112,dominicks,0.0,0.99,43968.0
1990-11-28,112,dominicks,1.0,1.59,34688.0
1990-12-05,112,dominicks,1.0,2.29,69888.0
1990-12-12,112,dominicks,0.0,1.89,14976.0
1990-12-19,112,dominicks,1.0,1.39,44352.0
1990-12-26,112,dominicks,0.0,1.89,11328.0
1991-01-02,112,dominicks,0.228682783,2.326737768,9920.0
1991-01-09,112,dominicks,0.0,1.89,8512.0
1991-01-16,112,dominicks,1.0,0.99,102272.0
1991-01-23,112,dominicks,0.0,1.89,5248.0
1991-01-30,112,dominicks,0.0,1.89,8896.0
1991-02-06,112,dominicks,1.0,1.49,48576.0
1991-02-13,112,dominicks,0.0,1.49,24576.0
1991-02-20,112,dominicks,0.0,1.89,3840.0
1991-02-27,112,dominicks,0.0,1.89,6080.0
1991-03-06,112,dominicks,1.0,1.89,6464.0
1991-03-13,112,dominicks,1.0,0.94,57984.0
1990-06-20,112,minute.maid,0.0,2.62,9664.0
1990-06-27,112,minute.maid,1.0,1.99,57920.0
1990-07-04,112,minute.maid,0.0,2.62,11584.0
1990-07-11,112,minute.maid,0.0,2.62,11008.0
1990-07-18,112,minute.maid,1.0,2.59,51968.0
1990-07-25,112,minute.maid,0.0,2.62,9344.0
1990-08-01,112,minute.maid,0.0,2.62,17408.0
1990-08-08,112,minute.maid,1.0,2.39,26368.0
1990-08-15,112,minute.maid,0.0,2.62,9664.0
1990-08-22,112,minute.maid,1.0,1.99,53888.0
1990-08-29,112,minute.maid,0.0,2.62,8192.0
1990-09-05,112,minute.maid,0.0,2.62,11072.0
1990-09-12,112,minute.maid,0.0,2.62,10496.0
1990-09-19,112,minute.maid,1.0,2.19,40256.0
1990-09-26,112,minute.maid,0.0,2.62,7616.0
1990-10-03,112,minute.maid,0.0,2.62,11328.0
1990-10-10,112,minute.maid,0.0,2.62,15936.0
1990-10-17,112,minute.maid,0.228682783,2.326737768,12608.0
1990-10-24,112,minute.maid,0.0,2.46,9280.0
1990-10-31,112,minute.maid,0.0,2.62,8448.0
1990-11-07,112,minute.maid,1.0,1.99,46592.0
1990-11-14,112,minute.maid,0.0,2.62,10048.0
1990-11-21,112,minute.maid,1.0,1.99,55616.0
1990-11-28,112,minute.maid,0.0,1.99,17536.0
1990-12-05,112,minute.maid,0.0,2.62,20224.0
1990-12-12,112,minute.maid,1.0,1.99,43968.0
1990-12-19,112,minute.maid,0.0,1.99,19904.0
1990-12-26,112,minute.maid,0.0,1.99,19328.0
1991-01-02,112,minute.maid,0.228682783,2.326737768,19008.0
1991-01-09,112,minute.maid,0.0,1.99,18688.0
1991-01-16,112,minute.maid,0.0,2.17,12608.0
1991-01-23,112,minute.maid,0.0,2.17,14784.0
1991-01-30,112,minute.maid,1.0,1.99,48256.0
1991-02-06,112,minute.maid,0.0,2.17,13376.0
1991-02-13,112,minute.maid,0.0,2.12,14336.0
1991-02-20,112,minute.maid,0.0,2.12,11328.0
1991-02-27,112,minute.maid,0.0,2.12,15616.0
1991-03-06,112,minute.maid,1.0,1.99,49344.0
1991-03-13,112,minute.maid,0.0,2.17,12672.0
1990-06-20,112,tropicana,0.0,3.19,17856.0
1990-06-27,112,tropicana,0.0,3.19,15616.0
1990-07-04,112,tropicana,0.0,3.19,18560.0
1990-07-11,112,tropicana,0.0,3.19,19072.0
1990-07-18,112,tropicana,0.0,3.19,16384.0
1990-07-25,112,tropicana,0.0,3.19,15808.0
1990-08-01,112,tropicana,0.0,3.19,15936.0
1990-08-08,112,tropicana,0.0,3.19,14912.0
1990-08-15,112,tropicana,0.0,3.19,20800.0
1990-08-22,112,tropicana,0.0,3.19,14912.0
1990-08-29,112,tropicana,0.0,3.19,13376.0
1990-09-05,112,tropicana,0.0,3.19,17408.0
1990-09-12,112,tropicana,0.0,3.19,17728.0
1990-09-19,112,tropicana,0.0,3.19,16320.0
1990-09-26,112,tropicana,0.0,3.19,17344.0
1990-10-03,112,tropicana,0.0,3.19,18560.0
1990-10-10,112,tropicana,1.0,3.19,20800.0
1990-10-17,112,tropicana,0.228682783,2.326737768,17984.0
1990-10-24,112,tropicana,0.0,3.04,15168.0
1990-10-31,112,tropicana,0.0,3.04,15552.0
1990-11-07,112,tropicana,0.0,3.04,17600.0
1990-11-14,112,tropicana,0.0,3.04,16704.0
1990-11-21,112,tropicana,0.0,3.19,23168.0
1990-11-28,112,tropicana,0.0,2.99,25984.0
1990-12-05,112,tropicana,0.0,2.99,23936.0
1990-12-12,112,tropicana,0.0,2.99,15616.0
1990-12-19,112,tropicana,0.0,2.99,14848.0
1990-12-26,112,tropicana,0.0,2.39,38208.0
1991-01-02,112,tropicana,0.228682783,2.326737768,29152.0
1991-01-09,112,tropicana,0.0,2.99,20096.0
1991-01-16,112,tropicana,0.0,2.59,36160.0
1991-01-23,112,tropicana,0.0,2.59,20352.0
1991-01-30,112,tropicana,0.0,2.99,12224.0
1991-02-06,112,tropicana,0.0,2.99,16128.0
1991-02-13,112,tropicana,0.0,2.49,33728.0
1991-02-20,112,tropicana,0.0,2.99,15936.0
1991-02-27,112,tropicana,0.0,2.99,13696.0
1991-03-06,112,tropicana,0.0,2.99,17536.0
1991-03-13,112,tropicana,0.0,2.99,16384.0
1990-06-20,113,minute.maid,0.0,2.99,5184.0
1990-06-27,113,minute.maid,1.0,1.99,51584.0
1990-07-04,113,minute.maid,0.0,2.99,4288.0
1990-07-11,113,minute.maid,0.0,2.99,4928.0
1990-07-18,113,minute.maid,1.0,2.59,43328.0
1990-07-25,113,minute.maid,0.0,2.99,11008.0
1990-08-01,113,minute.maid,0.0,2.99,16640.0
1990-08-08,113,minute.maid,1.0,2.39,32640.0
1990-08-15,113,minute.maid,0.0,2.99,4352.0
1990-08-22,113,minute.maid,1.0,1.99,54592.0
1990-08-29,113,minute.maid,0.228682783,2.326737768,31808.0
1990-09-05,113,minute.maid,0.0,2.99,9024.0
1990-09-12,113,minute.maid,0.0,2.99,6400.0
1990-09-19,113,minute.maid,1.0,2.19,38464.0
1990-09-26,113,minute.maid,0.0,2.99,3648.0
1990-10-03,113,minute.maid,0.0,2.99,4544.0
1990-10-10,113,minute.maid,0.0,2.99,10688.0
1990-10-17,113,minute.maid,1.0,1.99,51776.0
1990-10-24,113,minute.maid,0.0,2.87,4800.0
1990-10-31,113,minute.maid,0.0,2.99,3200.0
1990-11-07,113,minute.maid,1.0,1.99,38720.0
1990-11-14,113,minute.maid,0.0,2.99,4096.0
1990-11-21,113,minute.maid,1.0,1.99,66496.0
1990-11-28,113,minute.maid,0.0,1.99,12992.0
1990-12-05,113,minute.maid,0.0,2.99,12928.0
1990-12-12,113,minute.maid,1.0,1.99,44928.0
1990-12-19,113,minute.maid,0.0,1.99,16192.0
1990-12-26,113,minute.maid,0.0,1.99,14464.0
1991-01-02,113,minute.maid,0.0,1.99,10944.0
1991-01-09,113,minute.maid,0.0,1.99,10496.0
1991-01-16,113,minute.maid,0.0,2.46,4416.0
1991-01-23,113,minute.maid,0.0,2.46,6272.0
1991-01-30,113,minute.maid,1.0,1.99,53696.0
1991-02-06,113,minute.maid,0.0,2.46,5504.0
1991-02-13,113,minute.maid,0.0,2.41,6528.0
1991-02-20,113,minute.maid,0.0,2.41,5440.0
1991-02-27,113,minute.maid,0.0,2.41,9408.0
1991-03-06,113,minute.maid,1.0,1.99,40704.0
1991-03-13,113,minute.maid,0.0,2.46,4096.0
1990-06-20,113,tropicana,0.0,3.66,6336.0
1990-06-27,113,tropicana,0.0,3.66,8000.0
1990-07-04,113,tropicana,0.0,3.66,7872.0
1990-07-11,113,tropicana,0.0,3.66,7872.0
1990-07-18,113,tropicana,0.0,3.66,4736.0
1990-07-25,113,tropicana,0.0,3.66,6592.0
1990-08-01,113,tropicana,0.0,3.66,6848.0
1990-08-08,113,tropicana,0.0,3.66,6336.0
1990-08-15,113,tropicana,0.0,3.66,7424.0
1990-08-22,113,tropicana,0.0,3.66,5824.0
1990-08-29,113,tropicana,0.228682783,2.326737768,10752.0
1990-09-05,113,tropicana,0.0,3.66,15680.0
1990-09-12,113,tropicana,0.0,3.29,7616.0
1990-09-19,113,tropicana,0.0,3.29,6656.0
1990-09-26,113,tropicana,0.0,3.29,7552.0
1990-10-03,113,tropicana,0.0,3.66,7040.0
1990-10-10,113,tropicana,1.0,3.29,14400.0
1990-10-17,113,tropicana,0.0,3.29,7296.0
1990-10-24,113,tropicana,0.0,3.51,5760.0
1990-10-31,113,tropicana,0.0,3.51,8704.0
1990-11-07,113,tropicana,0.0,3.51,5056.0
1990-11-14,113,tropicana,0.0,3.51,7040.0
1990-11-21,113,tropicana,0.0,3.66,10112.0
1990-11-28,113,tropicana,0.0,2.99,20416.0
1990-12-05,113,tropicana,0.0,2.99,12032.0
1990-12-12,113,tropicana,0.0,3.39,6016.0
1990-12-19,113,tropicana,0.0,3.39,7296.0
1990-12-26,113,tropicana,0.0,2.39,36160.0
1991-01-02,113,tropicana,0.0,2.39,8832.0
1991-01-09,113,tropicana,0.0,3.39,7680.0
1991-01-16,113,tropicana,0.0,2.59,20544.0
1991-01-23,113,tropicana,0.0,2.59,6336.0
1991-01-30,113,tropicana,0.0,3.39,4800.0
1991-02-06,113,tropicana,0.0,3.39,7360.0
1991-02-13,113,tropicana,0.0,2.49,34048.0
1991-02-20,113,tropicana,0.0,3.39,5824.0
1991-02-27,113,tropicana,0.0,3.39,7744.0
1991-03-06,113,tropicana,0.0,3.39,6272.0
1991-03-13,113,tropicana,0.0,3.39,5824.0
1990-06-20,114,minute.maid,0.0,2.62,7616.0
1990-06-27,114,minute.maid,1.0,1.99,39424.0
1990-07-04,114,minute.maid,0.0,2.62,5376.0
1990-07-11,114,minute.maid,0.0,2.62,8000.0
1990-07-18,114,minute.maid,1.0,2.59,40256.0
1990-07-25,114,minute.maid,0.0,2.62,4736.0
1990-08-01,114,minute.maid,0.0,2.62,7104.0
1990-08-08,114,minute.maid,1.0,2.39,24640.0
1990-08-15,114,minute.maid,0.0,2.62,4992.0
1990-08-22,114,minute.maid,1.0,1.99,41344.0
1990-08-29,114,minute.maid,0.0,2.62,4288.0
1990-09-05,114,minute.maid,0.0,2.62,6976.0
1990-09-12,114,minute.maid,0.0,2.62,6528.0
1990-09-19,114,minute.maid,1.0,2.19,37248.0
1990-09-26,114,minute.maid,0.0,2.62,8640.0
1990-10-03,114,minute.maid,0.0,2.62,6592.0
1990-10-10,114,minute.maid,0.0,2.62,11840.0
1990-10-17,114,minute.maid,1.0,1.99,57856.0
1990-10-24,114,minute.maid,0.0,2.48,6464.0
1990-10-31,114,minute.maid,0.0,2.62,4800.0
1990-11-07,114,minute.maid,1.0,1.99,30272.0
1990-11-14,114,minute.maid,0.0,2.62,3968.0
1990-11-21,114,minute.maid,1.0,1.99,53184.0
1990-11-28,114,minute.maid,0.0,1.99,13504.0
1990-12-05,114,minute.maid,0.0,2.62,12480.0
1990-12-12,114,minute.maid,1.0,1.99,42432.0
1990-12-19,114,minute.maid,0.0,1.99,13632.0
1990-12-26,114,minute.maid,0.0,1.99,17600.0
1991-01-02,114,minute.maid,0.228682783,2.326737768,16576.0
1991-01-09,114,minute.maid,0.0,1.99,15552.0
1991-01-16,114,minute.maid,0.0,2.17,6784.0
1991-01-23,114,minute.maid,0.0,2.17,7168.0
1991-01-30,114,minute.maid,1.0,1.99,47488.0
1991-02-06,114,minute.maid,0.0,2.17,7616.0
1991-02-13,114,minute.maid,0.0,2.12,8576.0
1991-02-20,114,minute.maid,0.0,2.12,5440.0
1991-02-27,114,minute.maid,0.0,2.12,10944.0
1991-03-06,114,minute.maid,1.0,1.99,22592.0
1991-03-13,114,minute.maid,0.0,2.17,4480.0
1990-06-20,114,tropicana,0.0,3.19,11136.0
1990-06-27,114,tropicana,0.0,3.19,6272.0
1990-07-04,114,tropicana,0.0,3.19,7616.0
1990-07-11,114,tropicana,0.0,3.19,9408.0
1990-07-18,114,tropicana,0.0,3.19,6336.0
1990-07-25,114,tropicana,0.0,3.19,4864.0
1990-08-01,114,tropicana,0.0,3.19,4672.0
1990-08-08,114,tropicana,0.0,3.19,5440.0
1990-08-15,114,tropicana,0.0,3.19,5888.0
1990-08-22,114,tropicana,0.0,3.19,5440.0
1990-08-29,114,tropicana,0.0,3.19,6784.0
1990-09-05,114,tropicana,0.0,3.19,5184.0
1990-09-12,114,tropicana,0.0,3.19,6080.0
1990-09-19,114,tropicana,0.0,3.19,4992.0
1990-09-26,114,tropicana,0.0,3.19,8960.0
1990-10-03,114,tropicana,0.0,3.19,7744.0
1990-10-10,114,tropicana,1.0,3.19,10368.0
1990-10-17,114,tropicana,0.0,3.19,6016.0
1990-10-24,114,tropicana,0.0,3.04,5440.0
1990-10-31,114,tropicana,0.0,3.04,7360.0
1990-11-07,114,tropicana,0.0,3.04,5504.0
1990-11-14,114,tropicana,0.0,3.04,5760.0
1990-11-21,114,tropicana,0.0,3.19,8832.0
1990-11-28,114,tropicana,0.0,2.99,9216.0
1990-12-05,114,tropicana,0.0,2.99,10560.0
1990-12-12,114,tropicana,0.0,2.99,6208.0
1990-12-19,114,tropicana,0.0,2.99,6464.0
1990-12-26,114,tropicana,0.0,2.39,18496.0
1991-01-02,114,tropicana,0.228682783,2.326737768,12896.0
1991-01-09,114,tropicana,0.0,2.99,7296.0
1991-01-16,114,tropicana,0.0,2.59,13312.0
1991-01-23,114,tropicana,0.0,2.59,8384.0
1991-01-30,114,tropicana,0.0,2.99,6080.0
1991-02-06,114,tropicana,0.0,2.99,7104.0
1991-02-13,114,tropicana,0.0,2.49,13120.0
1991-02-20,114,tropicana,0.0,2.99,3776.0
1991-02-27,114,tropicana,0.0,2.99,9600.0
1991-03-06,114,tropicana,0.0,2.99,8768.0
1991-03-13,114,tropicana,0.0,2.99,5376.0
1990-06-20,115,minute.maid,0.0,2.99,5248.0
1990-06-27,115,minute.maid,1.0,1.99,44480.0
1990-07-04,115,minute.maid,0.228682783,2.326737768,44424.0
1990-07-11,115,minute.maid,0.228682783,2.326737768,44368.0
1990-07-18,115,minute.maid,0.228682783,2.326737768,44312.0
1990-07-25,115,minute.maid,0.228682783,2.326737768,44256.0
1990-08-01,115,minute.maid,0.228682783,2.326737768,44200.0
1990-08-08,115,minute.maid,0.228682783,2.326737768,44144.0
1990-08-15,115,minute.maid,0.228682783,2.326737768,44088.0
1990-08-22,115,minute.maid,1.0,1.99,44032.0
1990-08-29,115,minute.maid,0.0,2.99,4672.0
1990-09-05,115,minute.maid,0.0,2.99,5184.0
1990-09-12,115,minute.maid,0.0,2.99,5696.0
1990-09-19,115,minute.maid,1.0,2.19,28672.0
1990-09-26,115,minute.maid,0.0,2.99,4032.0
1990-10-03,115,minute.maid,0.0,2.99,7744.0
1990-10-10,115,minute.maid,0.0,2.99,12160.0
1990-10-17,115,minute.maid,1.0,1.99,31552.0
1990-10-24,115,minute.maid,0.0,2.55,6336.0
1990-10-31,115,minute.maid,0.0,2.99,4864.0
1990-11-07,115,minute.maid,1.0,1.99,34624.0
1990-11-14,115,minute.maid,0.0,2.99,4096.0
1990-11-21,115,minute.maid,1.0,1.99,26624.0
1990-11-28,115,minute.maid,0.0,1.99,10560.0
1990-12-05,115,minute.maid,0.0,2.99,10304.0
1990-12-12,115,minute.maid,1.0,1.99,30208.0
1990-12-19,115,minute.maid,0.0,1.99,14208.0
1990-12-26,115,minute.maid,0.0,1.99,12352.0
1991-01-02,115,minute.maid,0.0,1.99,7744.0
1991-01-09,115,minute.maid,0.0,1.99,10496.0
1991-01-16,115,minute.maid,0.0,2.46,5568.0
1991-01-23,115,minute.maid,0.0,2.46,9536.0
1991-01-30,115,minute.maid,1.0,1.99,39872.0
1991-02-06,115,minute.maid,0.0,2.46,6784.0
1991-02-13,115,minute.maid,0.0,2.41,6848.0
1991-02-20,115,minute.maid,0.0,2.41,5440.0
1991-02-27,115,minute.maid,0.0,2.41,6784.0
1991-03-06,115,minute.maid,1.0,1.99,33792.0
1991-03-13,115,minute.maid,0.228682783,2.326737768,22272.0
1990-06-20,115,tropicana,0.0,3.66,8000.0
1990-06-27,115,tropicana,0.0,3.66,4736.0
1990-07-04,115,tropicana,0.228682783,2.326737768,4816.0
1990-07-11,115,tropicana,0.228682783,2.326737768,4896.0
1990-07-18,115,tropicana,0.228682783,2.326737768,4976.0
1990-07-25,115,tropicana,0.228682783,2.326737768,5056.0
1990-08-01,115,tropicana,0.228682783,2.326737768,5136.0
1990-08-08,115,tropicana,0.228682783,2.326737768,5216.0
1990-08-15,115,tropicana,0.228682783,2.326737768,5296.0
1990-08-22,115,tropicana,0.0,3.66,5376.0
1990-08-29,115,tropicana,0.0,3.66,4480.0
1990-09-05,115,tropicana,0.0,3.66,6080.0
1990-09-12,115,tropicana,0.0,3.29,7616.0
1990-09-19,115,tropicana,0.0,3.29,8768.0
1990-09-26,115,tropicana,0.0,3.29,8640.0
1990-10-03,115,tropicana,0.0,3.66,7552.0
1990-10-10,115,tropicana,1.0,3.29,13312.0
1990-10-17,115,tropicana,0.0,3.29,8128.0
1990-10-24,115,tropicana,0.0,3.51,8896.0
1990-10-31,115,tropicana,0.0,3.51,8256.0
1990-11-07,115,tropicana,0.0,3.51,5056.0
1990-11-14,115,tropicana,0.0,3.51,3136.0
1990-11-21,115,tropicana,0.0,3.66,7296.0
1990-11-28,115,tropicana,0.0,2.99,12992.0
1990-12-05,115,tropicana,0.0,2.99,11264.0
1990-12-12,115,tropicana,0.0,3.39,6016.0
1990-12-19,115,tropicana,0.0,3.39,4992.0
1990-12-26,115,tropicana,0.0,2.39,40384.0
1991-01-02,115,tropicana,0.0,2.39,10048.0
1991-01-09,115,tropicana,0.0,3.39,7168.0
1991-01-16,115,tropicana,0.0,2.59,12096.0
1991-01-23,115,tropicana,0.0,2.59,6976.0
1991-01-30,115,tropicana,0.0,3.39,4224.0
1991-02-06,115,tropicana,0.0,3.39,5056.0
1991-02-13,115,tropicana,0.0,2.49,23680.0
1991-02-20,115,tropicana,0.0,3.39,7872.0
1991-02-27,115,tropicana,0.0,3.39,7232.0
1991-03-06,115,tropicana,0.0,3.39,4160.0
1991-03-13,115,tropicana,0.228682783,2.326737768,4704.0
1990-06-20,116,minute.maid,0.0,2.62,2816.0
1990-06-27,116,minute.maid,1.0,1.99,26624.0
1990-07-04,116,minute.maid,0.0,2.62,4160.0
1990-07-11,116,minute.maid,0.0,2.62,3712.0
1990-07-18,116,minute.maid,1.0,2.59,16896.0
1990-07-25,116,minute.maid,0.0,2.99,3008.0
1990-08-01,116,minute.maid,0.0,2.99,3072.0
1990-08-08,116,minute.maid,1.0,2.39,12608.0
1990-08-15,116,minute.maid,0.0,2.99,3328.0
1990-08-22,116,minute.maid,1.0,1.99,33280.0
1990-08-29,116,minute.maid,0.0,2.99,2368.0
1990-09-05,116,minute.maid,0.0,2.99,3584.0
1990-09-12,116,minute.maid,0.0,2.99,2560.0
1990-09-19,116,minute.maid,1.0,2.19,19136.0
1990-09-26,116,minute.maid,0.0,2.99,2432.0
1990-10-03,116,minute.maid,0.0,2.99,2944.0
1990-10-10,116,minute.maid,0.0,2.99,8256.0
1990-10-17,116,minute.maid,1.0,1.99,24960.0
1990-10-24,116,minute.maid,0.0,2.61,4928.0
1990-10-31,116,minute.maid,0.0,2.99,2176.0
1990-11-07,116,minute.maid,1.0,1.99,15360.0
1990-11-14,116,minute.maid,0.0,2.99,2496.0
1990-11-21,116,minute.maid,1.0,1.99,30016.0
1990-11-28,116,minute.maid,0.0,1.99,8512.0
1990-12-05,116,minute.maid,0.0,2.99,8384.0
1990-12-12,116,minute.maid,1.0,1.99,16832.0
1990-12-19,116,minute.maid,0.0,1.99,8064.0
1990-12-26,116,minute.maid,0.0,1.99,11328.0
1991-01-02,116,minute.maid,0.0,1.99,8512.0
1991-01-09,116,minute.maid,0.0,1.99,11648.0
1991-01-16,116,minute.maid,0.0,2.46,3456.0
1991-01-23,116,minute.maid,0.0,2.46,5248.0
1991-01-30,116,minute.maid,1.0,1.99,26624.0
1991-02-06,116,minute.maid,0.0,2.46,3200.0
1991-02-13,116,minute.maid,0.0,2.41,4736.0
1991-02-20,116,minute.maid,0.0,2.41,3584.0
1991-02-27,116,minute.maid,0.0,2.41,7232.0
1991-03-06,116,minute.maid,1.0,1.99,17216.0
1991-03-13,116,minute.maid,0.0,2.46,3712.0
