data/dominicks_oj_data/dominicks_oj_staggered.csv
date,store,brand,on_promotion,price,quantity
1990-06-20,116,tropicana,0.0,3.19,4352.0
1990-06-27,116,tropicana,0.0,3.19,4608.0
1990-07-04,116,tropicana,0.0,3.19,6144.0
1990-07-11,116,tropicana,0.0,3.19,5312.0
1990-07-18,116,tropicana,0.0,3.19,5120.0
1990-07-25,116,tropicana,0.0,3.66,5376.0
1990-08-01,116,tropicana,0.0,3.66,4288.0
1990-08-08,116,tropicana,0.0,3.66,6144.0
1990-08-15,116,tropicana,0.0,3.66,5248.0
1990-08-22,116,tropicana,0.0,3.66,3456.0
1990-08-29,116,tropicana,0.0,3.66,3648.0
1990-09-05,116,tropicana,0.0,3.66,3328.0
1990-09-12,116,tropicana,0.0,3.29,5504.0
1990-09-19,116,tropicana,0.0,3.29,5568.0
1990-09-26,116,tropicana,0.0,3.29,5248.0
1990-10-03,116,tropicana,0.0,3.66,5056.0
1990-10-10,116,tropicana,1.0,3.29,7552.0
1990-10-17,116,tropicana,0.0,3.29,5120.0
1990-10-24,116,tropicana,0.0,3.51,3328.0
1990-10-31,116,tropicana,0.0,3.51,4096.0
1990-11-07,116,tropicana,0.0,3.51,5632.0
1990-11-14,116,tropicana,0.0,3.51,4672.0
1990-11-21,116,tropicana,0.0,3.66,7808.0
1990-11-28,116,tropicana,0.0,2.99,6464.0
1990-12-05,116,tropicana,0.0,2.99,9536.0
1990-12-12,116,tropicana,0.0,3.39,4928.0
1990-12-19,116,tropicana,0.0,3.39,5056.0
1990-12-26,116,tropicana,0.0,2.39,17408.0
1991-01-02,116,tropicana,0.0,2.39,9472.0
1991-01-09,116,tropicana,0.0,3.39,6080.0
1991-01-16,116,tropicana,0.0,2.59,11264.0
1991-01-23,116,tropicana,0.0,2.59,6848.0
1991-01-30,116,tropicana,0.0,3.39,3840.0
1991-02-06,116,tropicana,0.0,3.39,6336.0
1991-02-13,116,tropicana,0.0,2.49,12608.0
1991-02-20,116,tropicana,0.0,3.39,5056.0
1991-02-27,116,tropicana,0.0,3.39,5248.0
1991-03-06,116,tropicana,0.0,3.39,4672.0
1991-03-13,116,tropicana,0.0,3.39,3840.0
1990-06-20,117,minute.maid,0.0,2.99,3520.0
1990-06-27,117,minute.maid,1.0,1.99,26752.0
1990-07-04,117,minute.maid,0.0,2.99,2048.0
1990-07-11,117,minute.maid,0.0,2.99,3520.0
1990-07-18,117,minute.maid,1.0,2.59,19392.0
1990-07-25,117,minute.maid,0.0,2.99,3200.0
1990-08-01,117,minute.maid,0.0,2.99,3776.0
1990-08-08,117,minute.maid,1.0,2.39,14464.0
1990-08-15,117,minute.maid,0.0,2.99,6848.0
1990-08-22,117,minute.maid,1.0,1.99,24576.0
1990-08-29,117,minute.maid,0.0,2.99,2816.0
1990-09-05,117,minute.maid,0.0,2.99,5760.0
1990-09-12,117,minute.maid,0.0,2.99,6272.0
1990-09-19,117,minute.maid,1.0,2.19,14720.0
1990-09-26,117,minute.maid,0.0,2.99,3072.0
1990-10-03,117,minute.maid,0.0,2.99,3648.0
1990-10-10,117,minute.maid,0.0,2.99,6080.0
1990-10-17,117,minute.maid,1.0,1.99,18112.0
1990-10-24,117,minute.maid,0.0,2.74,4032.0
1990-10-31,117,minute.maid,0.0,2.99,2688.0
1990-11-07,117,minute.maid,1.0,1.99,18112.0
1990-11-14,117,minute.maid,0.0,2.99,2624.0
1990-11-21,117,minute.maid,1.0,1.99,24512.0
1990-11-28,117,minute.maid,0.0,1.99,5632.0
1990-12-05,117,minute.maid,0.0,2.99,6848.0
1990-12-12,117,minute.maid,1.0,1.99,16384.0
1990-12-19,117,minute.maid,0.0,1.99,6080.0
1990-12-26,117,minute.maid,0.0,1.99,9088.0
1991-01-02,117,minute.maid,0.0,1.99,5376.0
1991-01-09,117,minute.maid,0.0,1.99,8064.0
1991-01-16,117,minute.maid,0.0,2.46,2816.0
1991-01-23,117,minute.maid,0.0,2.46,4864.0
1991-01-30,117,minute.maid,1.0,1.99,22336.0
1991-02-06,117,minute.maid,0.0,2.46,3200.0
1991-02-13,117,minute.maid,0.0,2.41,4224.0
1991-02-20,117,minute.maid,0.0,2.41,2304.0
1991-02-27,117,minute.maid,0.0,2.41,5248.0
1991-03-06,117,minute.maid,1.0,1.99,19584.0
1991-03-13,117,minute.maid,0.0,2.46,2432.0
1990-06-20,117,tropicana,0.0,3.66,3904.0
1990-06-27,117,tropicana,0.0,3.66,3136.0
1990-07-04,117,tropicana,0.0,3.66,3136.0
1990-07-11,117,tropicana,0.0,3.66,2816.0
1990-07-18,117,tropicana,0.0,3.66,1472.0
1990-07-25,117,tropicana,0.0,3.66,4672.0
1990-08-01,117,tropicana,0.0,3.66,2880.0
1990-08-08,117,tropicana,0.0,3.66,2496.0
1990-08-15,117,tropicana,0.0,3.66,5120.0
1990-08-22,117,tropicana,0.0,3.66,2944.0
1990-08-29,117,tropicana,0.0,3.66,3072.0
1990-09-05,117,tropicana,0.0,3.66,2112.0
1990-09-12,117,tropicana,0.0,3.29,3776.0
1990-09-19,117,tropicana,0.0,3.29,3200.0
1990-09-26,117,tropicana,0.0,3.29,7424.0
1990-10-03,117,tropicana,0.0,3.66,4032.0
1990-10-10,117,tropicana,1.0,3.29,3968.0
1990-10-17,117,tropicana,0.0,3.29,5952.0
1990-10-24,117,tropicana,0.0,3.51,2112.0
1990-10-31,117,tropicana,0.0,3.51,4032.0
1990-11-07,117,tropicana,0.0,3.51,3392.0
1990-11-14,117,tropicana,0.0,3.51,1984.0
1990-11-21,117,tropicana,0.0,3.66,3072.0
1990-11-28,117,tropicana,0.0,2.99,4800.0
1990-12-05,117,tropicana,0.0,2.99,3520.0
1990-12-12,117,tropicana,0.0,3.39,3200.0
1990-12-19,117,tropicana,0.0,3.39,2688.0
1990-12-26,117,tropicana,0.0,2.39,15040.0
1991-01-02,117,tropicana,0.0,2.39,4736.0
1991-01-09,117,tropicana,0.0,3.39,4544.0
1991-01-16,117,tropicana,0.0,2.59,11712.0
1991-01-23,117,tropicana,0.0,2.59,5632.0
1991-01-30,117,tropicana,0.0,3.39,2240.0
1991-02-06,117,tropicana,0.0,3.39,2432.0
1991-02-13,117,tropicana,0.0,2.49,9152.0
1991-02-20,117,tropicana,0.0,3.39,4608.0
1991-02-27,117,tropicana,0.0,3.39,3136.0
1991-03-06,117,tropicana,0.0,3.39,2432.0
1991-03-13,117,tropicana,0.0,3.39,2496.0
1990-06-20,118,minute.maid,0.0,2.99,3776.0
1990-06-27,118,minute.maid,1.0,1.99,66240.0
1990-07-04,118,minute.maid,0.0,2.99,4928.0
1990-07-11,118,minute.maid,0.0,2.99,3520.0
1990-07-18,118,minute.maid,1.0,2.59,32192.0
1990-07-25,118,minute.maid,0.0,2.99,3264.0
1990-08-01,118,minute.maid,0.0,2.99,9472.0
1990-08-08,118,minute.maid,1.0,2.39,25920.0
1990-08-15,118,minute.maid,0.0,2.99,5376.0
1990-08-22,118,minute.maid,1.0,1.99,41024.0
1990-08-29,118,minute.maid,0.0,2.99,3776.0
1990-09-05,118,minute.maid,0.0,2.99,5632.0
1990-09-12,118,minute.maid,0.0,2.99,4096.0
1990-09-19,118,minute.maid,1.0,2.19,25280.0
1990-09-26,118,minute.maid,0.0,2.99,3328.0
1990-10-03,118,minute.maid,0.0,2.99,4864.0
1990-10-10,118,minute.maid,0.0,2.99,3456.0
1990-10-17,118,minute.maid,1.0,1.99,39488.0
1990-10-24,118,minute.maid,0.0,2.9,3840.0
1990-10-31,118,minute.maid,0.0,2.99,3328.0
1990-11-07,118,minute.maid,1.0,1.99,30720.0
1990-11-14,118,minute.maid,0.0,2.99,3520.0
1990-11-21,118,minute.maid,1.0,1.99,37632.0
1990-11-28,118,minute.maid,0.0,1.99,14784.0
1990-12-05,118,minute.maid,0.0,2.99,5056.0
1990-12-12,118,minute.maid,1.0,1.99,34560.0
1990-12-19,118,minute.maid,0.0,1.99,10496.0
1990-12-26,118,minute.maid,0.0,1.99,3456.0
1991-01-02,118,minute.maid,0.228682783,2.326737768,4096.0
1991-01-09,118,minute.maid,0.0,1.99,4736.0
1991-01-16,118,minute.maid,0.0,2.59,3584.0
1991-01-23,118,minute.maid,0.0,2.59,6080.0
1991-01-30,118,minute.maid,1.0,1.99,41984.0
1991-02-06,118,minute.maid,0.0,2.59,3904.0
1991-02-13,118,minute.maid,0.0,2.49,3520.0
1991-02-20,118,minute.maid,0.0,2.49,2688.0
1991-02-27,118,minute.maid,0.0,2.49,4672.0
1991-03-06,118,minute.maid,1.0,1.99,28160.0
1991-03-13,118,minute.maid,0.0,2.59,3456.0
1990-06-20,118,tropicana,0.0,3.66,6336.0
1990-06-27,118,tropicana,0.0,3.66,5632.0
1990-07-04,118,tropicana,0.0,3.66,7488.0
1990-07-11,118,tropicana,0.0,3.66,6016.0
1990-07-18,118,tropicana,0.0,3.66,5056.0
1990-07-25,118,tropicana,0.0,3.66,6144.0
1990-08-01,118,tropicana,0.0,3.66,6912.0
1990-08-08,118,tropicana,0.0,3.66,6016.0
1990-08-15,118,tropicana,0.0,3.66,8064.0
1990-08-22,118,tropicana,0.0,3.66,6080.0
1990-08-29,118,tropicana,0.0,3.66,4352.0
1990-09-05,118,tropicana,0.0,3.66,4800.0
1990-09-12,118,tropicana,0.0,3.29,9792.0
1990-09-19,118,tropicana,0.0,3.29,8320.0
1990-09-26,118,tropicana,0.0,3.29,6528.0
1990-10-03,118,tropicana,0.0,3.66,5696.0
1990-10-10,118,tropicana,1.0,3.29,10688.0
1990-10-17,118,tropicana,0.0,3.29,6080.0
1990-10-24,118,tropicana,0.0,3.51,4288.0
1990-10-31,118,tropicana,0.0,3.51,4096.0
1990-11-07,118,tropicana,0.0,3.51,4672.0
1990-11-14,118,tropicana,0.0,3.51,4608.0
1990-11-21,118,tropicana,0.0,3.66,5632.0
1990-11-28,118,tropicana,0.0,2.99,12032.0
1990-12-05,118,tropicana,0.0,2.99,11968.0
1990-12-12,118,tropicana,0.0,3.39,6464.0
1990-12-19,118,tropicana,0.0,3.39,5760.0
1990-12-26,118,tropicana,0.0,2.39,30592.0
1991-01-02,118,tropicana,0.228682783,2.326737768,20352.0
1991-01-09,118,tropicana,0.0,3.39,10112.0
1991-01-16,118,tropicana,0.0,2.59,13376.0
1991-01-23,118,tropicana,0.0,2.59,4992.0
1991-01-30,118,tropicana,0.0,3.39,5120.0
1991-02-06,118,tropicana,0.0,3.39,5504.0
1991-02-13,118,tropicana,0.0,2.49,25984.0
1991-02-20,118,tropicana,0.0,3.39,4800.0
1991-02-27,118,tropicana,0.0,3.39,5248.0
1991-03-06,118,tropicana,0.0,3.39,6272.0
1991-03-13,118,tropicana,0.0,3.39,5696.0
1990-06-20,119,minute.maid,0.0,2.62,6400.0
1990-06-27,119,minute.maid,1.0,1.99,33152.0
1990-07-04,119,minute.maid,0.0,2.62,4608.0
1990-07-11,119,minute.maid,0.0,2.62,5440.0
1990-07-18,119,minute.maid,1.0,2.59,22720.0
1990-07-25,119,minute.maid,0.0,2.62,3904.0
1990-08-01,119,minute.maid,0.0,2.62,11136.0
1990-08-08,119,minute.maid,1.0,2.39,15808.0
1990-08-15,119,minute.maid,0.0,2.62,4288.0
1990-08-22,119,minute.maid,1.0,1.99,29312.0
1990-08-29,119,minute.maid,0.0,2.62,4800.0
1990-09-05,119,minute.maid,0.0,2.62,5632.0
1990-09-12,119,minute.maid,0.0,2.62,5632.0
1990-09-19,119,minute.maid,1.0,2.19,21312.0
1990-09-26,119,minute.maid,0.0,2.62,4096.0
1990-10-03,119,minute.maid,0.0,2.62,5632.0
1990-10-10,119,minute.maid,0.0,2.62,10112.0
1990-10-17,119,minute.maid,1.0,1.99,31808.0
1990-10-24,119,minute.maid,0.0,2.31,7936.0
1990-10-31,119,minute.maid,0.0,2.62,7104.0
1990-11-07,119,minute.maid,1.0,1.99,29504.0
1990-11-14,119,minute.maid,0.0,2.62,4864.0
1990-11-21,119,minute.maid,1.0,1.99,26560.0
1990-11-28,119,minute.maid,0.0,1.99,16064.0
1990-12-05,119,minute.maid,0.0,2.62,9536.0
1990-12-12,119,minute.maid,1.0,1.99,24000.0
1990-12-19,119,minute.maid,0.0,1.99,10432.0
1990-12-26,119,minute.maid,0.0,1.99,9472.0
1991-01-02,119,minute.maid,0.0,1.99,9536.0
1991-01-09,119,minute.maid,0.0,1.99,10752.0
1991-01-16,119,minute.maid,0.0,2.17,6720.0
1991-01-23,119,minute.maid,0.0,2.17,6208.0
1991-01-30,119,minute.maid,1.0,1.99,25856.0
1991-02-06,119,minute.maid,0.0,2.17,5568.0
1991-02-13,119,minute.maid,0.0,2.12,6720.0
1991-02-20,119,minute.maid,0.0,2.12,6208.0
1991-02-27,119,minute.maid,0.0,2.12,8512.0
1991-03-06,119,minute.maid,1.0,1.99,12672.0
1991-03-13,119,minute.maid,0.0,2.17,5440.0
1990-06-20,119,tropicana,0.0,3.19,9920.0
1990-06-27,119,tropicana,0.0,3.19,6272.0
1990-07-04,119,tropicana,0.0,3.19,8384.0
1990-07-11,119,tropicana,0.0,3.19,7552.0
1990-07-18,119,tropicana,0.0,3.19,7040.0
1990-07-25,119,tropicana,0.0,3.19,6720.0
1990-08-01,119,tropicana,0.0,3.19,7104.0
1990-08-08,119,tropicana,0.0,3.19,6080.0
1990-08-15,119,tropicana,0.0,3.19,7680.0
1990-08-22,119,tropicana,0.0,3.19,6848.0
1990-08-29,119,tropicana,0.0,3.19,7552.0
1990-09-05,119,tropicana,0.0,3.19,7168.0
1990-09-12,119,tropicana,0.0,3.19,8896.0
1990-09-19,119,tropicana,0.0,3.19,5824.0
1990-09-26,119,tropicana,0.0,3.19,8576.0
1990-10-03,119,tropicana,0.0,3.19,8192.0
1990-10-10,119,tropicana,1.0,3.19,7936.0
1990-10-17,119,tropicana,0.0,3.19,6208.0
1990-10-24,119,tropicana,0.0,3.04,6336.0
1990-10-31,119,tropicana,0.0,3.04,7552.0
1990-11-07,119,tropicana,0.0,3.04,8576.0
1990-11-14,119,tropicana,0.0,3.04,5824.0
1990-11-21,119,tropicana,0.0,3.19,9344.0
1990-11-28,119,tropicana,0.0,2.99,10432.0
1990-12-05,119,tropicana,0.0,2.99,9216.0
1990-12-12,119,tropicana,0.0,2.99,8512.0
1990-12-19,119,tropicana,0.0,2.99,7168.0
1990-12-26,119,tropicana,0.0,2.39,19136.0
1991-01-02,119,tropicana,0.0,2.39,12032.0
1991-01-09,119,tropicana,0.0,2.99,9920.0
1991-01-16,119,tropicana,0.0,2.59,11840.0
1991-01-23,119,tropicana,0.0,2.59,12032.0
1991-01-30,119,tropicana,0.0,2.99,6336.0
1991-02-06,119,tropicana,0.0,2.99,8384.0
1991-02-13,119,tropicana,0.0,2.49,16000.0
1991-02-20,119,tropicana,0.0,2.99,9984.0
1991-02-27,119,tropicana,0.0,2.99,7232.0
1991-03-06,119,tropicana,0.0,2.99,6912.0
1991-03-13,119,tropicana,0.0,2.99,6784.0
1990-06-20,121,minute.maid,0.0,2.62,5248.0
1990-06-27,121,minute.maid,1.0,1.99,35072.0
1990-07-04,121,minute.maid,0.0,2.62,5568.0
1990-07-11,121,minute.maid,0.0,2.62,7296.0
1990-07-18,121,minute.maid,1.0,2.59,23232.0
1990-07-25,121,minute.maid,0.0,2.62,7680.0
1990-08-01,121,minute.maid,0.0,2.62,10560.0
1990-08-08,121,minute.maid,1.0,2.39,22400.0
1990-08-15,121,minute.maid,0.0,2.62,6720.0
1990-08-22,121,minute.maid,1.0,1.99,35520.0
1990-08-29,121,minute.maid,0.0,2.62,5952.0
1990-09-05,121,minute.maid,0.0,2.62,8320.0
1990-09-12,121,minute.maid,0.0,2.62,7552.0
1990-09-19,121,minute.maid,1.0,2.19,22848.0
1990-09-26,121,minute.maid,0.0,2.62,7488.0
1990-10-03,121,minute.maid,0.0,2.62,7552.0
1990-10-10,121,minute.maid,0.0,2.62,18304.0
1990-10-17,121,minute.maid,1.0,1.99,36416.0
1990-10-24,121,minute.maid,0.0,2.48,10176.0
1990-10-31,121,minute.maid,0.228682783,2.326737768,21680.0
1990-11-07,121,minute.maid,0.228682783,2.326737768,33184.0
1990-11-14,121,minute.maid,0.228682783,2.326737768,44688.0
1990-11-21,121,minute.maid,1.0,1.99,56192.0
1990-11-28,121,minute.maid,0.0,1.99,19840.0
1990-12-05,121,minute.maid,0.0,2.62,14912.0
1990-12-12,121,minute.maid,1.0,1.99,37632.0
1990-12-19,121,minute.maid,0.0,1.99,14784.0
1990-12-26,121,minute.maid,0.0,1.99,14336.0
1991-01-02,121,minute.maid,0.0,1.99,10432.0
1991-01-09,121,minute.maid,0.0,1.99,9728.0
1991-01-16,121,minute.maid,0.0,2.17,8512.0
1991-01-23,121,minute.maid,0.0,2.17,8064.0
1991-01-30,121,minute.maid,1.0,1.99,43392.0
1991-02-06,121,minute.maid,0.0,2.17,11136.0
1991-02-13,121,minute.maid,0.0,2.12,10368.0
1991-02-20,121,minute.maid,0.0,2.12,6144.0
1991-02-27,121,minute.maid,0.0,2.12,10176.0
1991-03-06,121,minute.maid,1.0,1.99,15488.0
1991-03-13,121,minute.maid,0.0,2.17,5504.0
1990-06-20,121,tropicana,0.0,3.19,12224.0
1990-06-27,121,tropicana,0.0,3.19,10432.0
1990-07-04,121,tropicana,0.0,3.19,10432.0
1990-07-11,121,tropicana,0.0,3.19,9024.0
1990-07-18,121,tropicana,0.0,3.19,8064.0
1990-07-25,121,tropicana,0.0,3.19,8064.0
1990-08-01,121,tropicana,0.0,3.19,8640.0
1990-08-08,121,tropicana,0.0,3.19,8576.0
1990-08-15,121,tropicana,0.0,3.19,7616.0
1990-08-22,121,tropicana,0.0,3.19,8960.0
1990-08-29,121,tropicana,0.0,3.19,9600.0
1990-09-05,121,tropicana,0.0,3.19,9152.0
1990-09-12,121,tropicana,0.0,3.19,7424.0
1990-09-19,121,tropicana,0.0,3.19,8704.0
1990-09-26,121,tropicana,0.0,3.19,9792.0
1990-10-03,121,tropicana,0.0,3.19,12608.0
1990-10-10,121,tropicana,1.0,3.19,10496.0
1990-10-17,121,tropicana,0.0,3.19,10752.0
1990-10-24,121,tropicana,0.0,3.04,8896.0
1990-10-31,121,tropicana,0.228682783,2.326737768,9824.0
1990-11-07,121,tropicana,0.228682783,2.326737768,10752.0
1990-11-14,121,tropicana,0.228682783,2.326737768,11680.0
1990-11-21,121,tropicana,0.0,3.19,12608.0
1990-11-28,121,tropicana,0.0,2.99,18496.0
1990-12-05,121,tropicana,0.0,2.99,16384.0
1990-12-12,121,tropicana,0.0,2.99,8128.0
1990-12-19,121,tropicana,0.0,2.99,9600.0
1990-12-26,121,tropicana,0.0,2.39,27264.0
1991-01-02,121,tropicana,0.0,2.39,14336.0
1991-01-09,121,tropicana,0.0,2.99,12672.0
1991-01-16,121,tropicana,0.0,2.59,16576.0
1991-01-23,121,tropicana,0.0,2.59,13632.0
1991-01-30,121,tropicana,0.0,2.99,7424.0
1991-02-06,121,tropicana,0.0,2.99,11008.0
1991-02-13,121,tropicana,0.0,2.49,21312.0
1991-02-20,121,tropicana,0.0,2.99,10496.0
1991-02-27,121,tropicana,0.0,2.99,10304.0
1991-03-06,121,tropicana,0.0,2.99,10304.0
1991-03-13,121,tropicana,0.0,2.99,10688.0
1990-06-20,122,minute.maid,0.0,2.62,6208.0
1990-06-27,122,minute.maid,1.0,1.99,47552.0
1990-07-04,122,minute.maid,0.0,2.62,6016.0
1990-07-11,122,minute.maid,0.0,2.62,8256.0
1990-07-18,122,minute.maid,1.0,2.59,26688.0
1990-07-25,122,minute.maid,0.0,2.62,8192.0
1990-08-01,122,minute.maid,0.0,2.62,19264.0
1990-08-08,122,minute.maid,1.0,2.39,24640.0
1990-08-15,122,minute.maid,0.0,2.62,5632.0
1990-08-22,122,minute.maid,1.0,1.99,52480.0
1990-08-29,122,minute.maid,0.0,2.62,6208.0
1990-09-05,122,minute.maid,0.0,2.62,9088.0
1990-09-12,122,minute.maid,0.0,2.62,6784.0
1990-09-19,122,minute.maid,1.0,2.19,33152.0
1990-09-26,122,minute.maid,0.0,2.62,6528.0
1990-10-03,122,minute.maid,0.0,2.62,9408.0
1990-10-10,122,minute.maid,0.0,2.62,14592.0
1990-10-17,122,minute.maid,1.0,1.99,43648.0
1990-10-24,122,minute.maid,0.0,2.54,6400.0
1990-10-31,122,minute.maid,0.0,2.62,9984.0
1990-11-07,122,minute.maid,1.0,1.99,41344.0
1990-11-14,122,minute.maid,0.0,2.62,7296.0
1990-11-21,122,minute.maid,1.0,1.99,33152.0
1990-11-28,122,minute.maid,0.0,1.99,14336.0
1990-12-05,122,minute.maid,0.0,2.62,12992.0
1990-12-12,122,minute.maid,1.0,1.99,25216.0
1990-12-19,122,minute.maid,0.0,1.99,12224.0
1990-12-26,122,minute.maid,0.0,1.99,12800.0
1991-01-02,122,minute.maid,0.0,1.99,10688.0
1991-01-09,122,minute.maid,0.0,1.99,11328.0
1991-01-16,122,minute.maid,0.0,1.98,8448.0
1991-01-23,122,minute.maid,0.0,1.98,10368.0
1991-01-30,122,minute.maid,1.0,1.98,37696.0
1991-02-06,122,minute.maid,0.0,1.98,11904.0
1991-02-13,122,minute.maid,0.0,1.89,15744.0
1991-02-20,122,minute.maid,0.0,1.89,10496.0
1991-02-27,122,minute.maid,0.0,1.89,13376.0
1991-03-06,122,minute.maid,1.0,1.98,17856.0
1991-03-13,122,minute.maid,0.0,1.98,9664.0
