data/dominicks_oj_data/dominicks_oj_staggered.csv
date,store,brand,on_promotion,price,quantity
1990-06-20,122,tropicana,0.0,3.19,6912.0
1990-06-27,122,tropicana,0.0,3.19,6592.0
1990-07-04,122,tropicana,0.0,3.19,9344.0
1990-07-11,122,tropicana,0.0,3.19,6656.0
1990-07-18,122,tropicana,0.0,3.19,6272.0
1990-07-25,122,tropicana,0.0,3.19,8768.0
1990-08-01,122,tropicana,0.0,3.19,8064.0
1990-08-08,122,tropicana,0.0,3.19,8192.0
1990-08-15,122,tropicana,0.0,3.19,12224.0
1990-08-22,122,tropicana,0.0,3.19,7936.0
1990-08-29,122,tropicana,0.0,3.19,8448.0
1990-09-05,122,tropicana,0.0,3.19,10304.0
1990-09-12,122,tropicana,0.0,3.19,7936.0
1990-09-19,122,tropicana,0.0,3.19,8704.0
1990-09-26,122,tropicana,0.0,3.19,8896.0
1990-10-03,122,tropicana,0.0,3.19,11200.0
1990-10-10,122,tropicana,1.0,3.19,14080.0
1990-10-17,122,tropicana,0.0,3.19,10240.0
1990-10-24,122,tropicana,0.0,3.19,6656.0
1990-10-31,122,tropicana,0.0,3.19,9088.0
1990-11-07,122,tropicana,0.0,3.19,6656.0
1990-11-14,122,tropicana,0.0,3.19,13312.0
1990-11-21,122,tropicana,0.0,3.19,19392.0
1990-11-28,122,tropicana,0.0,2.99,16448.0
1990-12-05,122,tropicana,0.0,2.99,12224.0
1990-12-12,122,tropicana,0.0,2.73,9408.0
1990-12-19,122,tropicana,0.0,2.73,9088.0
1990-12-26,122,tropicana,0.0,2.39,19456.0
1991-01-02,122,tropicana,0.0,2.39,13632.0
1991-01-09,122,tropicana,0.0,2.73,11776.0
1991-01-16,122,tropicana,0.0,2.59,15360.0
1991-01-23,122,tropicana,0.0,2.59,11072.0
1991-01-30,122,tropicana,0.0,2.73,8896.0
1991-02-06,122,tropicana,0.0,2.73,9344.0
1991-02-13,122,tropicana,0.0,2.49,19840.0
1991-02-20,122,tropicana,0.0,2.73,10240.0
1991-02-27,122,tropicana,0.0,2.73,10688.0
1991-03-06,122,tropicana,0.0,2.73,10624.0
1991-03-13,122,tropicana,0.0,2.73,9664.0
1990-06-20,123,minute.maid,0.0,3.17,5312.0
1990-06-27,123,minute.maid,1.0,1.99,71040.0
1990-07-04,123,minute.maid,0.0,3.17,4480.0
1990-07-11,123,minute.maid,0.0,3.17,5184.0
1990-07-18,123,minute.maid,1.0,2.59,46016.0
1990-07-25,123,minute.maid,0.0,3.17,3904.0
1990-08-01,123,minute.maid,0.0,3.17,9024.0
1990-08-08,123,minute.maid,1.0,2.39,34688.0
1990-08-15,123,minute.maid,0.0,3.17,4224.0
1990-08-22,123,minute.maid,1.0,1.99,60352.0
1990-08-29,123,minute.maid,0.0,3.17,3520.0
1990-09-05,123,minute.maid,0.0,3.17,5184.0
1990-09-12,123,minute.maid,0.0,3.17,4864.0
1990-09-19,123,minute.maid,1.0,2.19,41984.0
1990-09-26,123,minute.maid,0.0,3.17,3328.0
1990-10-03,123,minute.maid,0.0,3.17,4288.0
1990-10-10,123,minute.maid,0.0,3.17,10496.0
1990-10-17,123,minute.maid,1.0,1.99,76608.0
1990-10-24,123,minute.maid,0.0,2.99,5376.0
1990-10-31,123,minute.maid,0.0,3.17,4224.0
1990-11-07,123,minute.maid,1.0,1.99,50816.0
1990-11-14,123,minute.maid,0.0,3.17,3264.0
1990-11-21,123,minute.maid,0.228682783,2.326737768,6432.0
1990-11-28,123,minute.maid,0.0,1.99,9600.0
1990-12-05,123,minute.maid,0.0,3.17,11840.0
1990-12-12,123,minute.maid,1.0,1.99,61568.0
1990-12-19,123,minute.maid,0.0,1.99,16384.0
1990-12-26,123,minute.maid,0.0,1.99,13632.0
1991-01-02,123,minute.maid,0.0,1.99,8896.0
1991-01-09,123,minute.maid,0.0,1.99,9280.0
1991-01-16,123,minute.maid,0.0,2.59,5696.0
1991-01-23,123,minute.maid,0.0,2.59,6720.0
1991-01-30,123,minute.maid,1.0,1.99,65344.0
1991-02-06,123,minute.maid,0.0,2.59,6656.0
1991-02-13,123,minute.maid,0.0,2.49,6400.0
1991-02-20,123,minute.maid,0.0,2.49,5568.0
1991-02-27,123,minute.maid,0.0,2.49,10048.0
1991-03-06,123,minute.maid,1.0,1.99,61056.0
1991-03-13,123,minute.maid,0.0,2.59,6016.0
1990-06-20,123,tropicana,0.0,3.87,4416.0
1990-06-27,123,tropicana,0.0,3.87,5056.0
1990-07-04,123,tropicana,0.0,3.87,7296.0
1990-07-11,123,tropicana,0.0,3.87,4864.0
1990-07-18,123,tropicana,0.0,3.87,3328.0
1990-07-25,123,tropicana,0.0,3.87,4672.0
1990-08-01,123,tropicana,0.0,3.87,4544.0
1990-08-08,123,tropicana,0.0,3.87,5568.0
1990-08-15,123,tropicana,0.0,3.87,5696.0
1990-08-22,123,tropicana,0.0,3.87,5312.0
1990-08-29,123,tropicana,0.0,3.87,6656.0
1990-09-05,123,tropicana,0.0,3.87,6400.0
1990-09-12,123,tropicana,0.0,3.29,7360.0
1990-09-19,123,tropicana,0.0,3.29,7232.0
1990-09-26,123,tropicana,0.0,3.29,5440.0
1990-10-03,123,tropicana,0.0,3.87,6144.0
1990-10-10,123,tropicana,1.0,2.99,12864.0
1990-10-17,123,tropicana,0.0,2.99,4416.0
1990-10-24,123,tropicana,0.0,2.99,6720.0
1990-10-31,123,tropicana,0.0,3.87,4416.0
1990-11-07,123,tropicana,0.0,3.87,4096.0
1990-11-14,123,tropicana,0.0,3.87,4544.0
1990-11-21,123,tropicana,0.228682783,2.326737768,12512.0
1990-11-28,123,tropicana,0.0,2.99,20480.0
1990-12-05,123,tropicana,0.0,2.99,10304.0
1990-12-12,123,tropicana,0.0,3.59,4864.0
1990-12-19,123,tropicana,0.0,3.59,5760.0
1990-12-26,123,tropicana,0.0,2.39,41536.0
1991-01-02,123,tropicana,0.0,2.39,9728.0
1991-01-09,123,tropicana,0.0,3.59,5696.0
1991-01-16,123,tropicana,0.0,2.59,12352.0
1991-01-23,123,tropicana,0.0,2.59,6848.0
1991-01-30,123,tropicana,0.0,3.59,5824.0
1991-02-06,123,tropicana,0.0,3.59,7680.0
1991-02-13,123,tropicana,0.0,2.49,32064.0
1991-02-20,123,tropicana,0.0,3.59,7936.0
1991-02-27,123,tropicana,0.0,3.59,5632.0
1991-03-06,123,tropicana,0.0,3.59,5568.0
1991-03-13,123,tropicana,0.0,3.59,4288.0
1990-06-20,124,minute.maid,0.0,3.17,3904.0
1990-06-27,124,minute.maid,1.0,1.99,60160.0
1990-07-04,124,minute.maid,0.0,3.17,5056.0
1990-07-11,124,minute.maid,0.0,3.17,5248.0
1990-07-18,124,minute.maid,1.0,2.59,47680.0
1990-07-25,124,minute.maid,0.0,3.17,2944.0
1990-08-01,124,minute.maid,0.0,3.17,8000.0
1990-08-08,124,minute.maid,1.0,2.39,39872.0
1990-08-15,124,minute.maid,0.0,3.17,3648.0
1990-08-22,124,minute.maid,1.0,1.99,57920.0
1990-08-29,124,minute.maid,0.0,3.17,1984.0
1990-09-05,124,minute.maid,0.0,3.17,3776.0
1990-09-12,124,minute.maid,0.0,3.17,3264.0
1990-09-19,124,minute.maid,1.0,2.19,37440.0
1990-09-26,124,minute.maid,0.0,3.17,3072.0
1990-10-03,124,minute.maid,0.0,3.17,2880.0
1990-10-10,124,minute.maid,0.0,3.17,11328.0
1990-10-17,124,minute.maid,1.0,1.99,62080.0
1990-10-24,124,minute.maid,0.0,2.73,7744.0
1990-10-31,124,minute.maid,0.0,3.17,3520.0
1990-11-07,124,minute.maid,1.0,1.99,44864.0
1990-11-14,124,minute.maid,0.0,3.17,4480.0
1990-11-21,124,minute.maid,1.0,1.99,65280.0
1990-11-28,124,minute.maid,0.0,1.99,14016.0
1990-12-05,124,minute.maid,0.0,3.17,14016.0
1990-12-12,124,minute.maid,1.0,1.99,53760.0
1990-12-19,124,minute.maid,0.0,1.99,18624.0
1990-12-26,124,minute.maid,0.0,1.99,19968.0
1991-01-02,124,minute.maid,0.0,1.99,9728.0
1991-01-09,124,minute.maid,0.0,1.99,17792.0
1991-01-16,124,minute.maid,0.0,2.59,4992.0
1991-01-23,124,minute.maid,0.0,2.59,9472.0
1991-01-30,124,minute.maid,1.0,1.99,54720.0
1991-02-06,124,minute.maid,0.0,2.59,7744.0
1991-02-13,124,minute.maid,0.0,2.49,7552.0
1991-02-20,124,minute.maid,0.0,2.49,9216.0
1991-02-27,124,minute.maid,0.0,2.49,12288.0
1991-03-06,124,minute.maid,1.0,1.99,33024.0
1991-03-13,124,minute.maid,0.0,2.59,5952.0
1990-06-20,124,tropicana,0.0,3.87,6976.0
1990-06-27,124,tropicana,0.0,3.87,5824.0
1990-07-04,124,tropicana,0.0,3.87,8256.0
1990-07-11,124,tropicana,0.0,3.87,7296.0
1990-07-18,124,tropicana,0.0,3.87,5056.0
1990-07-25,124,tropicana,0.0,3.87,5632.0
1990-08-01,124,tropicana,0.0,3.87,5504.0
1990-08-08,124,tropicana,0.0,3.87,5696.0
1990-08-15,124,tropicana,0.0,3.87,6016.0
1990-08-22,124,tropicana,0.0,3.87,4352.0
1990-08-29,124,tropicana,0.0,3.87,7744.0
1990-09-05,124,tropicana,0.0,3.87,4864.0
1990-09-12,124,tropicana,0.0,3.29,8256.0
1990-09-19,124,tropicana,0.0,3.29,8640.0
1990-09-26,124,tropicana,0.0,3.29,6912.0
1990-10-03,124,tropicana,0.0,3.87,7488.0
1990-10-10,124,tropicana,1.0,2.99,17920.0
1990-10-17,124,tropicana,0.0,2.99,9152.0
1990-10-24,124,tropicana,0.0,2.99,11072.0
1990-10-31,124,tropicana,0.0,3.87,7040.0
1990-11-07,124,tropicana,0.0,3.87,4224.0
1990-11-14,124,tropicana,0.0,3.87,6272.0
1990-11-21,124,tropicana,0.0,3.87,7872.0
1990-11-28,124,tropicana,0.0,2.99,18304.0
1990-12-05,124,tropicana,0.0,2.99,11200.0
1990-12-12,124,tropicana,0.0,3.59,5632.0
1990-12-19,124,tropicana,0.0,3.59,5312.0
1990-12-26,124,tropicana,0.0,2.39,29184.0
1991-01-02,124,tropicana,0.0,2.39,15040.0
1991-01-09,124,tropicana,0.0,3.59,10944.0
1991-01-16,124,tropicana,0.0,2.59,21632.0
1991-01-23,124,tropicana,0.0,2.59,15680.0
1991-01-30,124,tropicana,0.0,3.59,4800.0
1991-02-06,124,tropicana,0.0,3.59,5056.0
1991-02-13,124,tropicana,0.0,2.49,32320.0
1991-02-20,124,tropicana,0.0,3.59,9984.0
1991-02-27,124,tropicana,0.0,3.59,8256.0
1991-03-06,124,tropicana,0.0,3.59,4864.0
1991-03-13,124,tropicana,0.0,3.59,4672.0
1990-06-20,126,minute.maid,0.0,2.99,4352.0
1990-06-27,126,minute.maid,1.0,1.99,34048.0
1990-07-04,126,minute.maid,0.0,2.99,4160.0
1990-07-11,126,minute.maid,0.0,2.99,4544.0
1990-07-18,126,minute.maid,1.0,2.59,23744.0
1990-07-25,126,minute.maid,0.0,2.99,3392.0
1990-08-01,126,minute.maid,0.0,2.99,9664.0
1990-08-08,126,minute.maid,1.0,2.39,16192.0
1990-08-15,126,minute.maid,0.0,2.99,3072.0
1990-08-22,126,minute.maid,1.0,1.99,35008.0
1990-08-29,126,minute.maid,0.0,2.99,3392.0
1990-09-05,126,minute.maid,0.0,2.99,4096.0
1990-09-12,126,minute.maid,0.0,2.99,3520.0
1990-09-19,126,minute.maid,1.0,2.19,19904.0
1990-09-26,126,minute.maid,0.0,2.99,2816.0
1990-10-03,126,minute.maid,0.0,2.99,3328.0
1990-10-10,126,minute.maid,0.0,2.99,7488.0
1990-10-17,126,minute.maid,1.0,1.99,34368.0
1990-10-24,126,minute.maid,0.0,2.67,4736.0
1990-10-31,126,minute.maid,0.0,2.99,3136.0
1990-11-07,126,minute.maid,1.0,1.99,36352.0
1990-11-14,126,minute.maid,0.0,2.99,3520.0
1990-11-21,126,minute.maid,1.0,1.99,35136.0
1990-11-28,126,minute.maid,0.0,1.99,8064.0
1990-12-05,126,minute.maid,0.0,2.99,9664.0
1990-12-12,126,minute.maid,1.0,1.99,33920.0
1990-12-19,126,minute.maid,0.0,1.99,10752.0
1990-12-26,126,minute.maid,0.0,1.99,15488.0
1991-01-02,126,minute.maid,0.0,1.99,8896.0
1991-01-09,126,minute.maid,0.0,1.99,12352.0
1991-01-16,126,minute.maid,0.0,2.46,6144.0
1991-01-23,126,minute.maid,0.0,2.46,6272.0
1991-01-30,126,minute.maid,1.0,1.99,41664.0
1991-02-06,126,minute.maid,0.0,2.46,4096.0
1991-02-13,126,minute.maid,0.0,2.41,6592.0
1991-02-20,126,minute.maid,0.0,2.41,5120.0
1991-02-27,126,minute.maid,0.0,2.41,7360.0
1991-03-06,126,minute.maid,1.0,1.99,32512.0
1991-03-13,126,minute.maid,0.0,2.46,4736.0
1990-06-20,126,tropicana,0.0,3.66,4800.0
1990-06-27,126,tropicana,0.0,3.66,3264.0
1990-07-04,126,tropicana,0.0,3.66,5760.0
1990-07-11,126,tropicana,0.0,3.66,3584.0
1990-07-18,126,tropicana,0.0,3.66,3136.0
1990-07-25,126,tropicana,0.0,3.66,4352.0
1990-08-01,126,tropicana,0.0,3.66,2688.0
1990-08-08,126,tropicana,0.0,3.66,3968.0
1990-08-15,126,tropicana,0.0,3.66,4352.0
1990-08-22,126,tropicana,0.0,3.66,4032.0
1990-08-29,126,tropicana,0.0,3.66,3584.0
1990-09-05,126,tropicana,0.0,3.66,3328.0
1990-09-12,126,tropicana,0.0,3.29,6784.0
1990-09-19,126,tropicana,0.0,3.29,6464.0
1990-09-26,126,tropicana,0.0,3.29,5056.0
1990-10-03,126,tropicana,0.0,3.66,5248.0
1990-10-10,126,tropicana,1.0,3.29,8704.0
1990-10-17,126,tropicana,0.0,3.29,5952.0
1990-10-24,126,tropicana,0.0,3.51,4800.0
1990-10-31,126,tropicana,0.0,3.51,3520.0
1990-11-07,126,tropicana,0.0,3.51,3136.0
1990-11-14,126,tropicana,0.0,3.51,3712.0
1990-11-21,126,tropicana,0.0,3.66,7488.0
1990-11-28,126,tropicana,0.0,2.99,13888.0
1990-12-05,126,tropicana,0.0,2.99,9664.0
1990-12-12,126,tropicana,0.0,3.39,3904.0
1990-12-19,126,tropicana,0.0,3.39,3776.0
1990-12-26,126,tropicana,0.0,2.39,24192.0
1991-01-02,126,tropicana,0.0,2.39,12864.0
1991-01-09,126,tropicana,0.0,3.39,5888.0
1991-01-16,126,tropicana,0.0,2.59,18368.0
1991-01-23,126,tropicana,0.0,2.59,8256.0
1991-01-30,126,tropicana,0.0,3.39,3648.0
1991-02-06,126,tropicana,0.0,3.39,3008.0
1991-02-13,126,tropicana,0.0,2.49,16000.0
1991-02-20,126,tropicana,0.0,3.39,5376.0
1991-02-27,126,tropicana,0.0,3.39,5824.0
1991-03-06,126,tropicana,0.0,3.39,4608.0
1991-03-13,126,tropicana,0.0,3.39,4032.0
1990-06-20,128,minute.maid,0.0,3.17,5696.0
1990-06-27,128,minute.maid,1.0,1.99,90688.0
1990-07-04,128,minute.maid,0.0,3.17,4736.0
1990-07-11,128,minute.maid,0.0,3.17,7360.0
1990-07-18,128,minute.maid,1.0,2.59,70016.0
1990-07-25,128,minute.maid,0.0,3.17,3264.0
1990-08-01,128,minute.maid,0.0,3.17,13312.0
1990-08-08,128,minute.maid,1.0,2.39,46016.0
1990-08-15,128,minute.maid,0.0,3.17,4800.0
1990-08-22,128,minute.maid,1.0,1.99,82368.0
1990-08-29,128,minute.maid,0.0,3.17,3392.0
1990-09-05,128,minute.maid,0.0,3.17,7296.0
1990-09-12,128,minute.maid,0.0,3.17,6336.0
1990-09-19,128,minute.maid,1.0,2.19,60416.0
1990-09-26,128,minute.maid,0.0,3.17,5184.0
1990-10-03,128,minute.maid,0.0,3.17,8384.0
1990-10-10,128,minute.maid,0.0,3.17,27648.0
1990-10-17,128,minute.maid,1.0,1.99,76032.0
1990-10-24,128,minute.maid,0.0,2.44,14848.0
1990-10-31,128,minute.maid,0.0,3.17,6336.0
1990-11-07,128,minute.maid,1.0,1.99,68480.0
1990-11-14,128,minute.maid,0.0,3.17,4928.0
1990-11-21,128,minute.maid,1.0,1.99,88128.0
1990-11-28,128,minute.maid,0.0,1.99,20352.0
1990-12-05,128,minute.maid,0.0,3.17,21568.0
1990-12-12,128,minute.maid,1.0,1.99,80000.0
1990-12-19,128,minute.maid,0.0,1.99,36800.0
1990-12-26,128,minute.maid,0.0,1.99,29888.0
1991-01-02,128,minute.maid,0.228682783,2.326737768,22272.0
1991-01-09,128,minute.maid,0.228682783,2.326737768,14656.0
1991-01-16,128,minute.maid,0.0,2.59,7040.0
1991-01-23,128,minute.maid,0.0,2.59,8576.0
1991-01-30,128,minute.maid,1.0,1.99,68800.0
1991-02-06,128,minute.maid,0.0,2.59,9856.0
1991-02-13,128,minute.maid,0.0,2.49,9088.0
1991-02-20,128,minute.maid,0.0,2.49,10048.0
1991-02-27,128,minute.maid,0.0,2.49,18368.0
1991-03-06,128,minute.maid,1.0,1.99,61696.0
1991-03-13,128,minute.maid,0.0,2.59,6144.0
1990-06-20,128,tropicana,0.0,3.87,8704.0
1990-06-27,128,tropicana,0.0,3.87,8960.0
1990-07-04,128,tropicana,0.0,3.87,11968.0
1990-07-11,128,tropicana,0.0,3.87,10496.0
1990-07-18,128,tropicana,0.0,3.87,10112.0
1990-07-25,128,tropicana,0.0,3.87,10688.0
1990-08-01,128,tropicana,0.0,3.87,10560.0
1990-08-08,128,tropicana,0.0,3.87,11008.0
1990-08-15,128,tropicana,0.0,3.87,8064.0
1990-08-22,128,tropicana,0.0,3.87,8768.0
1990-08-29,128,tropicana,0.0,3.87,9920.0
1990-09-05,128,tropicana,0.0,3.87,10304.0
1990-09-12,128,tropicana,0.0,3.29,19008.0
1990-09-19,128,tropicana,0.0,3.29,18112.0
1990-09-26,128,tropicana,0.0,3.29,12608.0
1990-10-03,128,tropicana,0.0,3.87,11072.0
1990-10-10,128,tropicana,1.0,2.99,33408.0
1990-10-17,128,tropicana,0.0,2.99,15424.0
1990-10-24,128,tropicana,0.0,2.99,16832.0
1990-10-31,128,tropicana,0.0,3.87,9536.0
1990-11-07,128,tropicana,0.0,3.87,8320.0
1990-11-14,128,tropicana,0.0,3.87,9152.0
1990-11-21,128,tropicana,0.0,3.87,15296.0
1990-11-28,128,tropicana,0.0,2.99,30464.0
1990-12-05,128,tropicana,0.0,2.99,17088.0
1990-12-12,128,tropicana,0.0,3.59,9792.0
1990-12-19,128,tropicana,0.0,3.59,9152.0
1990-12-26,128,tropicana,0.0,2.39,60032.0
1991-01-02,128,tropicana,0.228682783,2.326737768,48682.66667
1991-01-09,128,tropicana,0.228682783,2.326737768,37333.33333
1991-01-16,128,tropicana,0.0,2.59,25984.0
1991-01-23,128,tropicana,0.0,2.59,17280.0
1991-01-30,128,tropicana,0.0,3.59,8256.0
1991-02-06,128,tropicana,0.0,3.59,12480.0
1991-02-13,128,tropicana,0.0,2.49,54016.0
1991-02-20,128,tropicana,0.0,3.59,10048.0
1991-02-27,128,tropicana,0.0,3.59,11200.0
1991-03-06,128,tropicana,0.0,3.59,9344.0
1991-03-13,128,tropicana,0.0,3.59,10496.0
1990-06-20,129,minute.maid,0.0,2.99,2944.0
1990-06-27,129,minute.maid,0.228682783,2.326737768,2944.0
1990-07-04,129,minute.maid,0.0,2.99,2944.0
1990-07-11,129,minute.maid,0.228682783,2.326737768,13024.0
1990-07-18,129,minute.maid,1.0,2.59,23104.0
1990-07-25,129,minute.maid,0.0,2.99,4416.0
1990-08-01,129,minute.maid,0.0,2.99,9920.0
1990-08-08,129,minute.maid,1.0,2.39,17536.0
1990-08-15,129,minute.maid,0.0,2.99,3136.0
1990-08-22,129,minute.maid,0.228682783,2.326737768,3712.0
1990-08-29,129,minute.maid,0.0,2.99,4288.0
1990-09-05,129,minute.maid,0.0,2.99,4288.0
1990-09-12,129,minute.maid,0.0,2.99,4800.0
1990-09-19,129,minute.maid,1.0,2.19,19072.0
1990-09-26,129,minute.maid,0.0,2.99,4032.0
1990-10-03,129,minute.maid,0.0,2.99,3712.0
1990-10-10,129,minute.maid,0.0,2.99,8704.0
1990-10-17,129,minute.maid,1.0,1.99,28672.0
1990-10-24,129,minute.maid,0.0,2.59,8384.0
1990-10-31,129,minute.maid,0.0,2.99,4544.0
1990-11-07,129,minute.maid,1.0,1.99,23424.0
1990-11-14,129,minute.maid,0.0,2.99,4096.0
1990-11-21,129,minute.maid,1.0,1.99,32704.0
1990-11-28,129,minute.maid,0.0,1.99,17856.0
1990-12-05,129,minute.maid,0.0,2.99,6784.0
1990-12-12,129,minute.maid,1.0,1.99,28480.0
1990-12-19,129,minute.maid,0.0,1.99,10240.0
1990-12-26,129,minute.maid,0.0,1.99,12224.0
1991-01-02,129,minute.maid,0.0,1.99,8000.0
1991-01-09,129,minute.maid,0.0,1.99,7424.0
1991-01-16,129,minute.maid,0.228682783,2.326737768,8512.0
1991-01-23,129,minute.maid,0.0,2.46,9600.0
1991-01-30,129,minute.maid,1.0,1.99,30336.0
1991-02-06,129,minute.maid,0.0,2.46,4928.0
1991-02-13,129,minute.maid,0.0,2.41,5248.0
1991-02-20,129,minute.maid,0.0,2.41,4032.0
1991-02-27,129,minute.maid,0.0,2.41,6272.0
1991-03-06,129,minute.maid,1.0,1.99,16000.0
1991-03-13,129,minute.maid,0.0,2.46,4736.0
