data/dominicks_oj_data/dominicks_oj_staggered.csv
date,store,brand,on_promotion,price,quantity
1990-06-20,129,tropicana,0.0,3.45,4800.0
1990-06-27,129,tropicana,0.228682783,2.326737768,5984.0
1990-07-04,129,tropicana,0.0,3.45,7168.0
1990-07-11,129,tropicana,0.228682783,2.326737768,6208.0
1990-07-18,129,tropicana,0.0,3.45,5248.0
1990-07-25,129,tropicana,0.0,3.45,7168.0
1990-08-01,129,tropicana,0.0,3.45,5504.0
1990-08-08,129,tropicana,0.0,3.45,7680.0
1990-08-15,129,tropicana,0.0,3.45,4608.0
1990-08-22,129,tropicana,0.228682783,2.326737768,4992.0
1990-08-29,129,tropicana,0.0,3.45,5376.0
1990-09-05,129,tropicana,0.0,3.45,7744.0
1990-09-12,129,tropicana,0.0,3.29,7040.0
1990-09-19,129,tropicana,0.0,3.29,7744.0
1990-09-26,129,tropicana,0.0,3.29,8640.0
1990-10-03,129,tropicana,0.0,3.45,7296.0
1990-10-10,129,tropicana,1.0,3.29,7168.0
1990-10-17,129,tropicana,0.0,3.29,5824.0
1990-10-24,129,tropicana,0.0,3.45,5056.0
1990-10-31,129,tropicana,0.0,3.45,5696.0
1990-11-07,129,tropicana,0.0,3.45,5312.0
1990-11-14,129,tropicana,0.0,3.45,4352.0
1990-11-21,129,tropicana,0.0,3.45,9728.0
1990-11-28,129,tropicana,0.0,2.99,10240.0
1990-12-05,129,tropicana,0.0,2.99,10752.0
1990-12-12,129,tropicana,0.0,3.45,5120.0
1990-12-19,129,tropicana,0.0,3.45,6848.0
1990-12-26,129,tropicana,0.0,2.39,35072.0
1991-01-02,129,tropicana,0.0,2.39,13952.0
1991-01-09,129,tropicana,0.0,2.39,12928.0
1991-01-16,129,tropicana,0.228682783,2.326737768,11264.0
1991-01-23,129,tropicana,0.0,2.59,9600.0
1991-01-30,129,tropicana,0.0,3.45,3904.0
1991-02-06,129,tropicana,0.0,3.45,5440.0
1991-02-13,129,tropicana,0.0,2.49,20480.0
1991-02-20,129,tropicana,0.0,2.99,6848.0
1991-02-27,129,tropicana,0.0,2.99,9856.0
1991-03-06,129,tropicana,0.0,2.99,8128.0
1991-03-13,129,tropicana,0.0,2.99,8768.0
1990-06-20,132,minute.maid,0.0,2.62,4032.0
1990-06-27,132,minute.maid,1.0,1.99,48896.0
1990-07-04,132,minute.maid,0.0,2.62,5248.0
1990-07-11,132,minute.maid,0.0,2.62,5824.0
1990-07-18,132,minute.maid,1.0,2.59,41088.0
1990-07-25,132,minute.maid,0.0,2.62,4992.0
1990-08-01,132,minute.maid,0.0,2.62,9152.0
1990-08-08,132,minute.maid,1.0,2.39,20736.0
1990-08-15,132,minute.maid,0.0,2.62,4160.0
1990-08-22,132,minute.maid,1.0,1.99,54912.0
1990-08-29,132,minute.maid,0.0,2.62,3584.0
1990-09-05,132,minute.maid,0.0,2.62,6656.0
1990-09-12,132,minute.maid,0.0,2.62,5568.0
1990-09-19,132,minute.maid,1.0,2.19,35264.0
1990-09-26,132,minute.maid,0.0,2.62,6272.0
1990-10-03,132,minute.maid,0.0,2.62,4736.0
1990-10-10,132,minute.maid,0.0,2.62,11840.0
1990-10-17,132,minute.maid,1.0,1.99,50880.0
1990-10-24,132,minute.maid,0.0,2.4,6272.0
1990-10-31,132,minute.maid,0.0,2.62,4352.0
1990-11-07,132,minute.maid,1.0,1.99,31808.0
1990-11-14,132,minute.maid,0.0,2.62,5120.0
1990-11-21,132,minute.maid,1.0,1.99,70784.0
1990-11-28,132,minute.maid,0.0,1.99,13568.0
1990-12-05,132,minute.maid,0.0,2.62,14592.0
1990-12-12,132,minute.maid,1.0,1.99,42240.0
1990-12-19,132,minute.maid,0.0,1.99,16448.0
1990-12-26,132,minute.maid,0.0,1.99,15296.0
1991-01-02,132,minute.maid,0.0,1.99,8704.0
1991-01-09,132,minute.maid,0.0,1.99,13056.0
1991-01-16,132,minute.maid,0.0,2.17,5888.0
1991-01-23,132,minute.maid,0.0,2.17,9088.0
1991-01-30,132,minute.maid,1.0,1.99,51712.0
1991-02-06,132,minute.maid,0.0,2.17,6464.0
1991-02-13,132,minute.maid,0.0,2.12,7936.0
1991-02-20,132,minute.maid,0.0,2.12,6592.0
1991-02-27,132,minute.maid,0.0,2.12,9344.0
1991-03-06,132,minute.maid,1.0,1.99,20352.0
1991-03-13,132,minute.maid,0.0,2.17,5312.0
1990-06-20,132,tropicana,0.0,3.19,4800.0
1990-06-27,132,tropicana,0.0,3.19,4800.0
1990-07-04,132,tropicana,0.0,3.19,7680.0
1990-07-11,132,tropicana,0.0,3.19,3904.0
1990-07-18,132,tropicana,0.0,3.19,3456.0
1990-07-25,132,tropicana,0.0,3.19,4160.0
1990-08-01,132,tropicana,0.0,3.19,4480.0
1990-08-08,132,tropicana,0.0,3.19,4864.0
1990-08-15,132,tropicana,0.0,3.19,5696.0
1990-08-22,132,tropicana,0.0,3.19,4288.0
1990-08-29,132,tropicana,0.0,3.19,5760.0
1990-09-05,132,tropicana,0.0,3.19,4544.0
1990-09-12,132,tropicana,0.0,3.19,4480.0
1990-09-19,132,tropicana,0.0,3.19,4480.0
1990-09-26,132,tropicana,0.0,3.19,6336.0
1990-10-03,132,tropicana,0.0,3.19,6784.0
1990-10-10,132,tropicana,1.0,3.19,8896.0
1990-10-17,132,tropicana,0.0,3.19,6912.0
1990-10-24,132,tropicana,0.0,3.04,8960.0
1990-10-31,132,tropicana,0.0,3.04,7616.0
1990-11-07,132,tropicana,0.0,3.04,5568.0
1990-11-14,132,tropicana,0.0,3.04,4928.0
1990-11-21,132,tropicana,0.0,3.19,7488.0
1990-11-28,132,tropicana,0.0,2.99,10816.0
1990-12-05,132,tropicana,0.0,2.99,8448.0
1990-12-12,132,tropicana,0.0,2.99,6080.0
1990-12-19,132,tropicana,0.0,2.99,7168.0
1990-12-26,132,tropicana,0.0,2.39,25344.0
1991-01-02,132,tropicana,0.0,2.39,11968.0
1991-01-09,132,tropicana,0.0,2.99,8960.0
1991-01-16,132,tropicana,0.0,2.59,12288.0
1991-01-23,132,tropicana,0.0,2.59,9984.0
1991-01-30,132,tropicana,0.0,2.99,7488.0
1991-02-06,132,tropicana,0.0,2.99,8832.0
1991-02-13,132,tropicana,0.0,2.49,24640.0
1991-02-20,132,tropicana,0.0,2.99,12480.0
1991-02-27,132,tropicana,0.0,2.99,11904.0
1991-03-06,132,tropicana,0.0,2.99,12224.0
1991-03-13,132,tropicana,0.0,2.99,5952.0
1990-06-27,12,dominicks,0.0,2.69,1408.0
1990-07-04,12,dominicks,0.0,2.69,3520.0
1990-07-11,12,dominicks,0.0,2.69,5376.0
1990-07-18,12,dominicks,0.0,2.69,1472.0
1990-07-25,12,dominicks,0.0,2.69,896.0
1990-08-01,12,dominicks,0.0,2.69,6912.0
1990-08-08,12,dominicks,1.0,2.09,6784.0
1990-08-15,12,dominicks,0.0,2.09,3776.0
1990-08-22,12,dominicks,0.0,2.09,4096.0
1990-08-29,12,dominicks,0.0,2.09,2880.0
1990-09-05,12,dominicks,1.0,1.89,35776.0
1990-09-12,12,dominicks,0.0,1.89,12288.0
1990-09-19,12,dominicks,0.0,1.89,8256.0
1990-09-26,12,dominicks,0.0,1.79,8000.0
1990-10-03,12,dominicks,1.0,1.79,46912.0
1990-10-10,12,dominicks,0.0,1.79,6464.0
1990-10-17,12,dominicks,0.0,2.69,896.0
1990-10-24,12,dominicks,1.0,1.24,113088.0
1990-10-31,12,dominicks,0.0,1.59,1984.0
1990-11-07,12,dominicks,1.0,1.59,52672.0
1990-11-14,12,dominicks,0.0,1.29,24000.0
1990-11-21,12,dominicks,0.0,0.99,67008.0
1990-11-28,12,dominicks,1.0,1.59,45504.0
1990-12-05,12,dominicks,1.0,2.49,38016.0
1990-12-12,12,dominicks,0.0,2.69,23488.0
1990-12-19,12,dominicks,1.0,1.39,65408.0
1990-12-26,12,dominicks,0.0,2.69,2560.0
1991-01-02,12,dominicks,0.0,2.69,1472.0
1991-01-09,12,dominicks,0.0,2.69,704.0
1991-01-16,12,dominicks,1.0,0.99,209088.0
1991-01-23,12,dominicks,0.0,2.69,2880.0
1991-01-30,12,dominicks,0.0,2.69,7424.0
1991-02-06,12,dominicks,1.0,1.49,91328.0
1991-02-13,12,dominicks,0.0,1.49,7552.0
1991-02-20,12,dominicks,0.0,2.69,1856.0
1991-02-27,12,dominicks,0.0,2.69,2560.0
1991-03-06,12,dominicks,1.0,1.99,5056.0
1991-03-13,12,dominicks,1.0,1.09,140928.0
1991-03-20,12,dominicks,0.0,2.69,2496.0
1990-06-27,12,minute.maid,1.0,1.99,69760.0
1990-07-04,12,minute.maid,0.0,3.17,4032.0
1990-07-11,12,minute.maid,0.0,3.17,4736.0
1990-07-18,12,minute.maid,1.0,2.59,46976.0
1990-07-25,12,minute.maid,0.0,3.17,4032.0
1990-08-01,12,minute.maid,0.0,3.17,6400.0
1990-08-08,12,minute.maid,1.0,2.39,33984.0
1990-08-15,12,minute.maid,0.0,3.17,4544.0
1990-08-22,12,minute.maid,1.0,1.99,64960.0
1990-08-29,12,minute.maid,0.0,3.17,4096.0
1990-09-05,12,minute.maid,0.0,3.17,4928.0
1990-09-12,12,minute.maid,0.0,3.17,4480.0
1990-09-19,12,minute.maid,1.0,2.19,45248.0
1990-09-26,12,minute.maid,0.0,3.17,4864.0
1990-10-03,12,minute.maid,0.0,3.17,6528.0
1990-10-10,12,minute.maid,0.0,3.17,9984.0
1990-10-17,12,minute.maid,1.0,1.99,64640.0
1990-10-24,12,minute.maid,0.0,2.88,5312.0
1990-10-31,12,minute.maid,0.0,3.17,5440.0
1990-11-07,12,minute.maid,1.0,1.99,30976.0
1990-11-14,12,minute.maid,0.0,3.17,4800.0
1990-11-21,12,minute.maid,1.0,1.99,57600.0
1990-11-28,12,minute.maid,0.0,1.99,15488.0
1990-12-05,12,minute.maid,0.0,3.17,18688.0
1990-12-12,12,minute.maid,1.0,1.99,67200.0
1990-12-19,12,minute.maid,0.0,1.99,22656.0
1990-12-26,12,minute.maid,0.0,1.99,23552.0
1991-01-02,12,minute.maid,0.0,1.99,13696.0
1991-01-09,12,minute.maid,0.0,1.99,18432.0
1991-01-16,12,minute.maid,0.0,2.59,5888.0
1991-01-23,12,minute.maid,0.0,2.59,7104.0
1991-01-30,12,minute.maid,1.0,1.99,70208.0
1991-02-06,12,minute.maid,0.0,2.59,9856.0
1991-02-13,12,minute.maid,0.0,2.49,9344.0
1991-02-20,12,minute.maid,0.0,2.49,7680.0
1991-02-27,12,minute.maid,0.0,2.49,17344.0
1991-03-06,12,minute.maid,1.0,1.99,69184.0
1991-03-13,12,minute.maid,0.0,2.59,7104.0
1991-03-20,12,minute.maid,0.0,2.59,19968.0
1990-06-27,12,tropicana,0.0,3.87,6784.0
1990-07-04,12,tropicana,0.0,3.87,6656.0
1990-07-11,12,tropicana,0.0,3.87,7616.0
1990-07-18,12,tropicana,0.0,3.87,7040.0
1990-07-25,12,tropicana,0.0,3.87,8576.0
1990-08-01,12,tropicana,0.0,3.87,5824.0
1990-08-08,12,tropicana,0.0,3.87,7744.0
1990-08-15,12,tropicana,0.0,3.87,8320.0
1990-08-22,12,tropicana,0.0,3.87,6144.0
1990-08-29,12,tropicana,0.0,3.87,6208.0
1990-09-05,12,tropicana,0.0,3.87,6912.0
1990-09-12,12,tropicana,0.0,3.29,13824.0
1990-09-19,12,tropicana,0.0,3.29,12736.0
1990-09-26,12,tropicana,0.0,3.29,10112.0
1990-10-03,12,tropicana,0.0,3.87,9088.0
1990-10-10,12,tropicana,1.0,2.99,20992.0
1990-10-17,12,tropicana,0.0,2.99,11648.0
1990-10-24,12,tropicana,0.0,2.99,13568.0
1990-10-31,12,tropicana,0.0,3.87,6528.0
1990-11-07,12,tropicana,0.0,3.87,5120.0
1990-11-14,12,tropicana,0.0,3.87,5632.0
1990-11-21,12,tropicana,0.0,3.87,5696.0
1990-11-28,12,tropicana,0.0,2.99,14848.0
1990-12-05,12,tropicana,0.0,2.99,14592.0
1990-12-12,12,tropicana,0.0,3.59,6656.0
1990-12-19,12,tropicana,0.0,3.59,8192.0
1990-12-26,12,tropicana,0.0,2.39,42816.0
1991-01-02,12,tropicana,0.0,2.39,11584.0
1991-01-09,12,tropicana,0.0,3.59,10112.0
1991-01-16,12,tropicana,0.0,2.59,24704.0
1991-01-23,12,tropicana,0.0,2.59,9024.0
1991-01-30,12,tropicana,0.0,3.59,5632.0
1991-02-06,12,tropicana,0.0,3.59,6336.0
1991-02-13,12,tropicana,0.0,2.49,40192.0
1991-02-20,12,tropicana,0.0,3.59,11200.0
1991-02-27,12,tropicana,0.0,3.59,16512.0
1991-03-06,12,tropicana,0.0,3.59,5376.0
1991-03-13,12,tropicana,0.0,3.59,6592.0
1991-03-20,12,tropicana,0.0,3.59,6080.0
1990-06-27,74,dominicks,0.0,2.49,5504.0
1990-07-04,74,dominicks,0.0,2.49,1856.0
1990-07-11,74,dominicks,0.0,2.49,5056.0
1990-07-18,74,dominicks,0.0,2.49,1984.0
1990-07-25,74,dominicks,0.0,2.49,1664.0
1990-08-01,74,dominicks,0.0,2.49,6080.0
1990-08-08,74,dominicks,1.0,2.09,9088.0
1990-08-15,74,dominicks,0.0,2.09,3392.0
1990-08-22,74,dominicks,0.0,2.09,4160.0
1990-08-29,74,dominicks,0.0,2.09,2944.0
1990-09-05,74,dominicks,1.0,1.89,49152.0
1990-09-12,74,dominicks,0.0,1.89,20032.0
1990-09-19,74,dominicks,0.0,1.89,15360.0
1990-09-26,74,dominicks,0.0,1.79,11584.0
1990-10-03,74,dominicks,1.0,1.79,54400.0
1990-10-10,74,dominicks,0.0,1.79,18432.0
1990-10-17,74,dominicks,0.0,2.49,2368.0
1990-10-24,74,dominicks,1.0,1.24,150784.0
1990-10-31,74,dominicks,0.0,1.59,2752.0
1990-11-07,74,dominicks,0.228682783,2.326737768,23488.0
1990-11-14,74,dominicks,0.0,1.29,44224.0
1990-11-21,74,dominicks,0.0,0.99,62976.0
1990-11-28,74,dominicks,1.0,1.59,19392.0
1990-12-05,74,dominicks,1.0,2.49,65472.0
1990-12-12,74,dominicks,0.0,2.19,12288.0
1990-12-19,74,dominicks,1.0,1.39,74432.0
1990-12-26,74,dominicks,0.0,2.19,3968.0
1991-01-02,74,dominicks,0.0,2.19,1664.0
1991-01-09,74,dominicks,0.0,2.19,4352.0
1991-01-16,74,dominicks,1.0,0.99,224768.0
1991-01-23,74,dominicks,0.0,2.19,2304.0
1991-01-30,74,dominicks,0.0,2.19,13824.0
1991-02-06,74,dominicks,1.0,1.49,93760.0
1991-02-13,74,dominicks,0.0,1.49,21568.0
1991-02-20,74,dominicks,0.0,2.19,5504.0
1991-02-27,74,dominicks,0.0,2.19,7168.0
1991-03-06,74,dominicks,1.0,1.99,11712.0
1991-03-13,74,dominicks,1.0,1.09,138432.0
1990-06-27,74,minute.maid,1.0,1.99,32384.0
1990-07-04,74,minute.maid,0.0,2.99,5760.0
1990-07-11,74,minute.maid,0.0,2.99,4864.0
1990-07-18,74,minute.maid,1.0,2.59,47168.0
1990-07-25,74,minute.maid,0.0,2.99,4288.0
1990-08-01,74,minute.maid,0.0,2.99,5952.0
1990-08-08,74,minute.maid,1.0,2.39,27648.0
1990-08-15,74,minute.maid,0.0,2.99,4992.0
1990-08-22,74,minute.maid,1.0,1.99,68288.0
1990-08-29,74,minute.maid,0.0,2.99,4736.0
1990-09-05,74,minute.maid,0.0,2.99,6464.0
1990-09-12,74,minute.maid,0.0,2.99,5184.0
1990-09-19,74,minute.maid,1.0,2.19,23616.0
1990-09-26,74,minute.maid,0.0,2.99,4544.0
1990-10-03,74,minute.maid,0.0,2.99,5696.0
1990-10-10,74,minute.maid,0.0,2.99,16832.0
1990-10-17,74,minute.maid,1.0,1.99,66048.0
1990-10-24,74,minute.maid,0.0,2.89,3584.0
1990-10-31,74,minute.maid,0.0,2.99,4736.0
1990-11-07,74,minute.maid,0.228682783,2.326737768,4416.0
1990-11-14,74,minute.maid,0.0,2.99,4096.0
1990-11-21,74,minute.maid,1.0,1.99,44992.0
1990-11-28,74,minute.maid,0.0,1.99,16640.0
1990-12-05,74,minute.maid,0.0,2.99,13440.0
1990-12-12,74,minute.maid,1.0,1.99,42240.0
1990-12-19,74,minute.maid,0.0,1.99,13504.0
1990-12-26,74,minute.maid,0.0,1.99,12224.0
1991-01-02,74,minute.maid,0.0,1.99,9856.0
1991-01-09,74,minute.maid,0.0,1.99,14912.0
1991-01-16,74,minute.maid,0.0,2.46,5248.0
1991-01-23,74,minute.maid,0.0,2.46,6464.0
1991-01-30,74,minute.maid,1.0,1.99,51968.0
1991-02-06,74,minute.maid,0.0,2.46,7808.0
1991-02-13,74,minute.maid,0.0,2.41,8512.0
1991-02-20,74,minute.maid,0.0,2.41,6272.0
1991-02-27,74,minute.maid,0.0,2.41,11968.0
1991-03-06,74,minute.maid,1.0,1.99,30848.0
1991-03-13,74,minute.maid,0.0,2.46,5440.0
1990-06-27,74,tropicana,0.0,3.66,5824.0
1990-07-04,74,tropicana,0.0,3.66,7616.0
1990-07-11,74,tropicana,0.0,3.66,7168.0
1990-07-18,74,tropicana,0.0,3.66,5824.0
1990-07-25,74,tropicana,0.0,3.66,7168.0
1990-08-01,74,tropicana,0.0,3.66,5312.0
1990-08-08,74,tropicana,0.0,3.66,6976.0
1990-08-15,74,tropicana,0.0,3.66,7040.0
1990-08-22,74,tropicana,0.0,3.66,7424.0
1990-08-29,74,tropicana,0.0,3.66,6336.0
1990-09-05,74,tropicana,0.0,3.66,6592.0
1990-09-12,74,tropicana,0.0,3.29,9728.0
1990-09-19,74,tropicana,0.0,3.29,8576.0
1990-09-26,74,tropicana,0.0,3.29,8896.0
1990-10-03,74,tropicana,0.0,3.66,7552.0
1990-10-10,74,tropicana,1.0,3.29,9088.0
1990-10-17,74,tropicana,0.0,3.29,8064.0
1990-10-24,74,tropicana,0.0,3.51,5632.0
1990-10-31,74,tropicana,0.0,3.51,7104.0
1990-11-07,74,tropicana,0.228682783,2.326737768,6784.0
1990-11-14,74,tropicana,0.0,3.51,6464.0
1990-11-21,74,tropicana,0.0,3.66,12096.0
1990-11-28,74,tropicana,0.0,2.99,14080.0
1990-12-05,74,tropicana,0.0,2.99,13568.0
1990-12-12,74,tropicana,0.0,3.39,5952.0
1990-12-19,74,tropicana,0.0,3.39,7104.0
1990-12-26,74,tropicana,0.0,2.39,30528.0
1991-01-02,74,tropicana,0.0,2.39,9792.0
1991-01-09,74,tropicana,0.0,3.39,10240.0
1991-01-16,74,tropicana,0.0,2.59,19392.0
1991-01-23,74,tropicana,0.0,2.59,8832.0
1991-01-30,74,tropicana,0.0,3.39,5248.0
1991-02-06,74,tropicana,0.0,3.39,7744.0
1991-02-13,74,tropicana,0.0,2.49,28096.0
1991-02-20,74,tropicana,0.0,3.39,6208.0
1991-02-27,74,tropicana,0.0,3.39,6784.0
1991-03-06,74,tropicana,0.0,3.39,7232.0
1991-03-13,74,tropicana,0.0,3.39,5632.0
1990-06-27,95,dominicks,0.0,2.69,1536.0
1990-07-04,95,dominicks,0.228682783,2.326737768,1408.0
1990-07-11,95,dominicks,0.0,2.69,1280.0
1990-07-18,95,dominicks,0.0,2.69,3648.0
1990-07-25,95,dominicks,0.0,2.69,1344.0
1990-08-01,95,dominicks,0.0,2.69,1984.0
1990-08-08,95,dominicks,1.0,2.09,4672.0
1990-08-15,95,dominicks,0.0,2.09,1344.0
1990-08-22,95,dominicks,0.0,2.09,2560.0
1990-08-29,95,dominicks,0.0,2.09,768.0
1990-09-05,95,dominicks,1.0,1.89,25792.0
1990-09-12,95,dominicks,0.0,1.89,12352.0
1990-09-19,95,dominicks,0.0,1.89,9280.0
1990-09-26,95,dominicks,0.0,1.79,6464.0
1990-10-03,95,dominicks,1.0,1.79,24576.0
1990-10-10,95,dominicks,0.0,1.79,13184.0
1990-10-17,95,dominicks,0.0,2.69,768.0
1990-10-24,95,dominicks,1.0,1.24,52672.0
1990-10-31,95,dominicks,0.0,1.59,896.0
1990-11-07,95,dominicks,1.0,1.59,31424.0
1990-11-14,95,dominicks,0.0,1.29,28928.0
1990-11-21,95,dominicks,0.0,0.99,9920.0
1990-11-28,95,dominicks,1.0,1.59,11264.0
1990-12-05,95,dominicks,1.0,2.49,41344.0
1990-12-12,95,dominicks,0.0,2.69,7424.0
1990-12-19,95,dominicks,1.0,1.39,31936.0
1990-12-26,95,dominicks,0.0,2.69,3328.0
1991-01-02,95,dominicks,0.0,2.69,18176.0
1991-01-09,95,dominicks,0.0,2.69,832.0
1991-01-16,95,dominicks,1.0,0.99,103936.0
1991-01-23,95,dominicks,0.0,2.69,1024.0
1991-01-30,95,dominicks,0.0,2.69,6144.0
1991-02-06,95,dominicks,1.0,1.49,40832.0
1991-02-13,95,dominicks,0.0,1.49,14080.0
1991-02-20,95,dominicks,0.0,2.69,3840.0
1991-02-27,95,dominicks,0.0,2.69,2368.0
1991-03-06,95,dominicks,1.0,1.99,14144.0
1991-03-13,95,dominicks,1.0,1.09,70464.0
1990-06-27,95,minute.maid,1.0,1.99,24512.0
1990-07-04,95,minute.maid,0.228682783,2.326737768,13472.0
1990-07-11,95,minute.maid,0.0,3.17,2432.0
1990-07-18,95,minute.maid,1.0,2.59,20544.0
1990-07-25,95,minute.maid,0.0,3.17,2432.0
1990-08-01,95,minute.maid,0.0,3.17,15232.0
1990-08-08,95,minute.maid,1.0,2.39,13632.0
1990-08-15,95,minute.maid,0.0,3.17,1856.0
1990-08-22,95,minute.maid,1.0,1.99,30400.0
1990-08-29,95,minute.maid,0.0,3.17,2304.0
1990-09-05,95,minute.maid,0.0,3.17,3008.0
1990-09-12,95,minute.maid,0.0,3.17,2560.0
1990-09-19,95,minute.maid,1.0,2.19,19904.0
1990-09-26,95,minute.maid,0.0,3.17,1344.0
1990-10-03,95,minute.maid,0.0,3.17,2048.0
1990-10-10,95,minute.maid,0.0,3.17,7616.0
1990-10-17,95,minute.maid,1.0,1.99,25600.0
1990-10-24,95,minute.maid,0.0,2.8,4224.0
1990-10-31,95,minute.maid,0.0,3.17,7616.0
1990-11-07,95,minute.maid,1.0,1.99,16576.0
1990-11-14,95,minute.maid,0.0,3.17,1408.0
1990-11-21,95,minute.maid,1.0,1.99,31424.0
1990-11-28,95,minute.maid,0.0,1.99,13568.0
1990-12-05,95,minute.maid,0.0,3.17,9280.0
1990-12-12,95,minute.maid,1.0,1.99,22272.0
1990-12-19,95,minute.maid,0.0,1.99,8320.0
1990-12-26,95,minute.maid,0.0,1.99,7680.0
1991-01-02,95,minute.maid,0.0,1.99,4736.0
1991-01-09,95,minute.maid,0.0,1.99,12032.0
1991-01-16,95,minute.maid,0.0,2.59,2432.0
1991-01-23,95,minute.maid,0.0,2.59,3072.0
1991-01-30,95,minute.maid,1.0,1.99,33728.0
1991-02-06,95,minute.maid,0.0,2.59,4032.0
1991-02-13,95,minute.maid,0.0,2.49,3072.0
1991-02-20,95,minute.maid,0.0,2.49,2432.0
1991-02-27,95,minute.maid,0.0,2.49,6080.0
1991-03-06,95,minute.maid,1.0,1.99,22144.0
1991-03-13,95,minute.maid,0.0,2.59,2688.0
