data/dominicks_oj_data/dominicks_oj_staggered.csv
date,store,brand,on_promotion,price,quantity
1990-06-27,95,tropicana,0.0,3.87,3264.0
1990-07-04,95,tropicana,0.228682783,2.326737768,3104.0
1990-07-11,95,tropicana,0.0,3.87,2944.0
1990-07-18,95,tropicana,0.0,3.87,3584.0
1990-07-25,95,tropicana,0.0,3.87,4160.0
1990-08-01,95,tropicana,0.0,3.87,3200.0
1990-08-08,95,tropicana,0.0,3.87,3520.0
1990-08-15,95,tropicana,0.0,3.87,5184.0
1990-08-22,95,tropicana,0.0,3.87,3648.0
1990-08-29,95,tropicana,0.0,3.87,3008.0
1990-09-05,95,tropicana,0.0,3.87,3520.0
1990-09-12,95,tropicana,0.0,3.29,5632.0
1990-09-19,95,tropicana,0.0,3.29,4672.0
1990-09-26,95,tropicana,0.0,3.29,5440.0
1990-10-03,95,tropicana,0.0,3.87,4224.0
1990-10-10,95,tropicana,1.0,3.29,6272.0
1990-10-17,95,tropicana,0.0,3.29,4992.0
1990-10-24,95,tropicana,0.0,3.56,3008.0
1990-10-31,95,tropicana,0.0,3.56,2624.0
1990-11-07,95,tropicana,0.0,3.56,2944.0
1990-11-14,95,tropicana,0.0,3.56,3648.0
1990-11-21,95,tropicana,0.0,3.87,5568.0
1990-11-28,95,tropicana,0.0,2.99,5440.0
1990-12-05,95,tropicana,0.0,2.99,6592.0
1990-12-12,95,tropicana,0.0,3.59,3584.0
1990-12-19,95,tropicana,0.0,3.59,3264.0
1990-12-26,95,tropicana,0.0,2.39,12480.0
1991-01-02,95,tropicana,0.0,2.39,7104.0
1991-01-09,95,tropicana,0.0,3.59,5568.0
1991-01-16,95,tropicana,0.0,2.59,11520.0
1991-01-23,95,tropicana,0.0,2.59,5504.0
1991-01-30,95,tropicana,0.0,3.59,2880.0
1991-02-06,95,tropicana,0.0,3.59,3584.0
1991-02-13,95,tropicana,0.0,2.49,13888.0
1991-02-20,95,tropicana,0.0,3.59,4992.0
1991-02-27,95,tropicana,0.0,3.59,3840.0
1991-03-06,95,tropicana,0.0,3.59,2880.0
1991-03-13,95,tropicana,0.0,3.59,3904.0
1990-06-27,98,dominicks,0.0,2.29,6720.0
1990-07-04,98,dominicks,0.0,2.29,6208.0
1990-07-11,98,dominicks,0.0,2.29,6528.0
1990-07-18,98,dominicks,0.0,2.29,6016.0
1990-07-25,98,dominicks,0.0,2.29,7040.0
1990-08-01,98,dominicks,0.0,2.29,10688.0
1990-08-08,98,dominicks,1.0,2.09,6784.0
1990-08-15,98,dominicks,0.0,2.09,4544.0
1990-08-22,98,dominicks,0.0,2.09,3072.0
1990-08-29,98,dominicks,0.0,2.09,4672.0
1990-09-05,98,dominicks,1.0,1.89,47296.0
1990-09-12,98,dominicks,0.0,1.89,18944.0
1990-09-19,98,dominicks,0.0,1.89,15232.0
1990-09-26,98,dominicks,0.0,1.79,16512.0
1990-10-03,98,dominicks,1.0,1.79,63104.0
1990-10-10,98,dominicks,0.0,1.79,15232.0
1990-10-17,98,dominicks,0.0,2.29,3008.0
1990-10-24,98,dominicks,1.0,1.14,152640.0
1990-10-31,98,dominicks,0.0,1.59,2816.0
1990-11-07,98,dominicks,1.0,1.59,62336.0
1990-11-14,98,dominicks,0.0,1.29,48512.0
1990-11-21,98,dominicks,0.0,0.99,54720.0
1990-11-28,98,dominicks,1.0,1.59,39360.0
1990-12-05,98,dominicks,1.0,2.29,81536.0
1990-12-12,98,dominicks,0.0,1.89,19008.0
1990-12-19,98,dominicks,1.0,1.39,79808.0
1990-12-26,98,dominicks,0.0,1.89,12928.0
1991-01-02,98,dominicks,0.0,1.89,5952.0
1991-01-09,98,dominicks,0.0,1.89,11456.0
1991-01-16,98,dominicks,1.0,0.99,250624.0
1991-01-23,98,dominicks,0.0,1.89,8384.0
1991-01-30,98,dominicks,0.0,1.89,16448.0
1991-02-06,98,dominicks,1.0,1.49,91840.0
1991-02-13,98,dominicks,0.0,1.49,39232.0
1991-02-20,98,dominicks,0.0,1.89,3328.0
1991-02-27,98,dominicks,0.0,1.89,5440.0
1991-03-06,98,dominicks,1.0,1.89,6144.0
1991-03-13,98,dominicks,1.0,0.94,160128.0
1990-06-27,98,minute.maid,1.0,1.99,52480.0
1990-07-04,98,minute.maid,0.0,2.62,6656.0
1990-07-11,98,minute.maid,0.0,2.62,7168.0
1990-07-18,98,minute.maid,1.0,2.59,31872.0
1990-07-25,98,minute.maid,0.0,2.62,5248.0
1990-08-01,98,minute.maid,0.0,2.62,12096.0
1990-08-08,98,minute.maid,1.0,2.39,28736.0
1990-08-15,98,minute.maid,0.0,2.62,6912.0
1990-08-22,98,minute.maid,1.0,1.99,56320.0
1990-08-29,98,minute.maid,0.0,2.62,5504.0
1990-09-05,98,minute.maid,0.0,2.62,6144.0
1990-09-12,98,minute.maid,0.0,2.62,6464.0
1990-09-19,98,minute.maid,1.0,2.19,26752.0
1990-09-26,98,minute.maid,0.0,2.62,6016.0
1990-10-03,98,minute.maid,0.0,2.62,6208.0
1990-10-10,98,minute.maid,0.0,2.62,11584.0
1990-10-17,98,minute.maid,1.0,1.99,52160.0
1990-10-24,98,minute.maid,0.0,2.41,6720.0
1990-10-31,98,minute.maid,0.0,2.62,5312.0
1990-11-07,98,minute.maid,1.0,1.99,32512.0
1990-11-14,98,minute.maid,0.0,2.62,6208.0
1990-11-21,98,minute.maid,1.0,1.99,30656.0
1990-11-28,98,minute.maid,0.0,1.99,7872.0
1990-12-05,98,minute.maid,0.0,2.62,11136.0
1990-12-12,98,minute.maid,1.0,1.99,41984.0
1990-12-19,98,minute.maid,0.0,1.99,13056.0
1990-12-26,98,minute.maid,0.0,1.99,13440.0
1991-01-02,98,minute.maid,0.0,1.99,12288.0
1991-01-09,98,minute.maid,0.0,1.99,11264.0
1991-01-16,98,minute.maid,0.0,2.17,6080.0
1991-01-23,98,minute.maid,0.0,2.17,8768.0
1991-01-30,98,minute.maid,1.0,1.99,42176.0
1991-02-06,98,minute.maid,0.0,2.17,9536.0
1991-02-13,98,minute.maid,0.0,2.12,6976.0
1991-02-20,98,minute.maid,0.0,2.12,5248.0
1991-02-27,98,minute.maid,0.0,2.12,6912.0
1991-03-06,98,minute.maid,1.0,1.99,28032.0
1991-03-13,98,minute.maid,0.0,2.17,4864.0
1990-06-27,98,tropicana,0.0,3.19,4288.0
1990-07-04,98,tropicana,0.0,3.19,7424.0
1990-07-11,98,tropicana,0.0,3.19,6208.0
1990-07-18,98,tropicana,0.0,3.19,4864.0
1990-07-25,98,tropicana,0.0,3.19,8192.0
1990-08-01,98,tropicana,0.0,3.19,6400.0
1990-08-08,98,tropicana,0.0,3.19,8576.0
1990-08-15,98,tropicana,0.0,3.19,5824.0
1990-08-22,98,tropicana,0.0,3.19,5952.0
1990-08-29,98,tropicana,0.0,3.19,6080.0
1990-09-05,98,tropicana,0.0,3.19,6144.0
1990-09-12,98,tropicana,0.0,3.19,6400.0
1990-09-19,98,tropicana,0.0,3.19,5888.0
1990-09-26,98,tropicana,0.0,3.19,7680.0
1990-10-03,98,tropicana,0.0,3.19,5504.0
1990-10-10,98,tropicana,1.0,3.19,9920.0
1990-10-17,98,tropicana,0.0,3.19,4992.0
1990-10-24,98,tropicana,0.0,3.04,5312.0
1990-10-31,98,tropicana,0.0,3.04,4608.0
1990-11-07,98,tropicana,0.0,3.04,6144.0
1990-11-14,98,tropicana,0.0,3.04,6784.0
1990-11-21,98,tropicana,0.0,3.19,8000.0
1990-11-28,98,tropicana,0.0,2.99,10240.0
1990-12-05,98,tropicana,0.0,2.99,14464.0
1990-12-12,98,tropicana,0.0,2.99,7360.0
1990-12-19,98,tropicana,0.0,2.99,8256.0
1990-12-26,98,tropicana,0.0,2.39,39296.0
1991-01-02,98,tropicana,0.0,2.39,12608.0
1991-01-09,98,tropicana,0.0,2.99,7616.0
1991-01-16,98,tropicana,0.0,2.59,13632.0
1991-01-23,98,tropicana,0.0,2.59,8128.0
1991-01-30,98,tropicana,0.0,2.99,7296.0
1991-02-06,98,tropicana,0.0,2.99,9856.0
1991-02-13,98,tropicana,0.0,2.49,21248.0
1991-02-20,98,tropicana,0.0,2.99,8128.0
1991-02-27,98,tropicana,0.0,2.99,6848.0
1991-03-06,98,tropicana,0.0,2.99,8640.0
1991-03-13,98,tropicana,0.0,2.99,7424.0
1990-06-27,130,dominicks,0.0,2.69,5568.0
1990-07-04,130,dominicks,0.0,2.69,4160.0
1990-07-11,130,dominicks,0.0,2.69,3520.0
1990-07-18,130,dominicks,0.0,2.69,3904.0
1990-07-25,130,dominicks,0.0,2.69,2560.0
1990-08-01,130,dominicks,0.0,2.69,6272.0
1990-08-08,130,dominicks,0.228682783,2.326737768,6805.333333
1990-08-15,130,dominicks,0.228682783,2.326737768,7338.666667
1990-08-22,130,dominicks,0.0,2.09,7872.0
1990-08-29,130,dominicks,0.0,2.09,2752.0
1990-09-05,130,dominicks,1.0,1.89,64896.0
1990-09-12,130,dominicks,0.0,1.89,22656.0
1990-09-19,130,dominicks,0.0,1.89,9216.0
1990-09-26,130,dominicks,0.0,1.79,18880.0
1990-10-03,130,dominicks,1.0,1.79,50944.0
1990-10-10,130,dominicks,0.0,1.79,11776.0
1990-10-17,130,dominicks,0.0,2.69,2560.0
1990-10-24,130,dominicks,1.0,1.24,186368.0
1990-10-31,130,dominicks,0.0,1.59,41216.0
1990-11-07,130,dominicks,1.0,1.59,45440.0
1990-11-14,130,dominicks,0.0,1.29,70656.0
1990-11-21,130,dominicks,0.0,0.99,82048.0
1990-11-28,130,dominicks,1.0,1.59,56448.0
1990-12-05,130,dominicks,1.0,2.49,68928.0
1990-12-12,130,dominicks,0.0,2.69,6144.0
1990-12-19,130,dominicks,1.0,1.39,122752.0
1990-12-26,130,dominicks,0.0,2.69,5312.0
1991-01-02,130,dominicks,0.0,2.69,5184.0
1991-01-09,130,dominicks,0.0,2.69,3392.0
1991-01-16,130,dominicks,1.0,0.99,375744.0
1991-01-23,130,dominicks,0.0,2.69,11648.0
1991-01-30,130,dominicks,0.0,2.69,5632.0
1991-02-06,130,dominicks,1.0,1.49,131008.0
1991-02-13,130,dominicks,0.0,1.49,3200.0
1991-02-20,130,dominicks,0.0,2.69,2752.0
1991-02-27,130,dominicks,0.0,2.69,5440.0
1991-03-06,130,dominicks,1.0,1.99,4864.0
1991-03-13,130,dominicks,1.0,1.09,211328.0
1990-06-27,130,minute.maid,1.0,1.99,62784.0
1990-07-04,130,minute.maid,0.0,3.17,3264.0
1990-07-11,130,minute.maid,0.0,3.17,4032.0
1990-07-18,130,minute.maid,1.0,2.59,40384.0
1990-07-25,130,minute.maid,0.0,3.17,3776.0
1990-08-01,130,minute.maid,0.0,3.17,4800.0
1990-08-08,130,minute.maid,0.228682783,2.326737768,25301.33333
1990-08-15,130,minute.maid,0.228682783,2.326737768,45802.66667
1990-08-22,130,minute.maid,1.0,1.99,66304.0
1990-08-29,130,minute.maid,0.0,3.17,2304.0
1990-09-05,130,minute.maid,0.0,3.17,3392.0
1990-09-12,130,minute.maid,0.0,3.17,2816.0
1990-09-19,130,minute.maid,1.0,2.19,35840.0
1990-09-26,130,minute.maid,0.0,3.17,2368.0
1990-10-03,130,minute.maid,0.0,3.17,3328.0
1990-10-10,130,minute.maid,0.0,3.17,9536.0
1990-10-17,130,minute.maid,1.0,1.99,57856.0
1990-10-24,130,minute.maid,0.0,2.8,4736.0
1990-10-31,130,minute.maid,0.0,3.17,2496.0
1990-11-07,130,minute.maid,1.0,1.99,50240.0
1990-11-14,130,minute.maid,0.0,3.17,2368.0
1990-11-21,130,minute.maid,1.0,1.99,69824.0
1990-11-28,130,minute.maid,0.0,1.99,9984.0
1990-12-05,130,minute.maid,0.0,3.17,15552.0
1990-12-12,130,minute.maid,1.0,1.99,55552.0
1990-12-19,130,minute.maid,0.0,1.99,7232.0
1990-12-26,130,minute.maid,0.0,1.99,12096.0
1991-01-02,130,minute.maid,0.0,1.99,7104.0
1991-01-09,130,minute.maid,0.0,1.99,3904.0
1991-01-16,130,minute.maid,0.0,2.59,4224.0
1991-01-23,130,minute.maid,0.0,2.59,6272.0
1991-01-30,130,minute.maid,1.0,1.99,79872.0
1991-02-06,130,minute.maid,0.0,2.59,6144.0
1991-02-13,130,minute.maid,0.0,2.49,9024.0
1991-02-20,130,minute.maid,0.0,2.49,4352.0
1991-02-27,130,minute.maid,0.0,2.49,11968.0
1991-03-06,130,minute.maid,1.0,1.99,32384.0
1991-03-13,130,minute.maid,0.0,2.59,3328.0
1990-06-27,130,tropicana,0.0,3.87,3200.0
1990-07-04,130,tropicana,0.0,3.87,5824.0
1990-07-11,130,tropicana,0.0,3.87,3136.0
1990-07-18,130,tropicana,0.0,3.87,3008.0
1990-07-25,130,tropicana,0.0,3.87,4544.0
1990-08-01,130,tropicana,0.0,3.87,3648.0
1990-08-08,130,tropicana,0.228682783,2.326737768,3520.0
1990-08-15,130,tropicana,0.228682783,2.326737768,3392.0
1990-08-22,130,tropicana,0.0,3.87,3264.0
1990-08-29,130,tropicana,0.0,3.87,3904.0
1990-09-05,130,tropicana,0.0,3.87,4288.0
1990-09-12,130,tropicana,0.0,3.29,6592.0
1990-09-19,130,tropicana,0.0,3.29,5824.0
1990-09-26,130,tropicana,0.0,3.29,7488.0
1990-10-03,130,tropicana,0.0,3.87,3264.0
1990-10-10,130,tropicana,1.0,3.29,6912.0
1990-10-17,130,tropicana,0.0,3.29,4224.0
1990-10-24,130,tropicana,0.0,3.56,3712.0
1990-10-31,130,tropicana,0.0,3.56,4736.0
1990-11-07,130,tropicana,0.0,3.56,2560.0
1990-11-14,130,tropicana,0.0,3.56,2240.0
1990-11-21,130,tropicana,0.0,3.87,4544.0
1990-11-28,130,tropicana,0.0,2.99,8128.0
1990-12-05,130,tropicana,0.0,2.99,7232.0
1990-12-12,130,tropicana,0.0,3.59,3136.0
1990-12-19,130,tropicana,0.0,3.59,3520.0
1990-12-26,130,tropicana,0.0,2.39,30784.0
1991-01-02,130,tropicana,0.0,2.39,17344.0
1991-01-09,130,tropicana,0.0,3.59,8000.0
1991-01-16,130,tropicana,0.0,2.59,14400.0
1991-01-23,130,tropicana,0.0,2.59,6464.0
1991-01-30,130,tropicana,0.0,3.59,2880.0
1991-02-06,130,tropicana,0.0,3.59,4160.0
1991-02-13,130,tropicana,0.0,2.49,28544.0
1991-02-20,130,tropicana,0.0,3.59,75648.0
1991-02-27,130,tropicana,0.0,3.59,3328.0
1991-03-06,130,tropicana,0.0,3.59,4416.0
1991-03-13,130,tropicana,0.0,3.59,3712.0
1990-07-04,100,dominicks,0.0,2.69,2560.0
1990-07-11,100,dominicks,0.0,2.69,3648.0
1990-07-18,100,dominicks,0.0,2.69,6144.0
1990-07-25,100,dominicks,0.0,2.69,768.0
1990-08-01,100,dominicks,0.0,2.69,4928.0
1990-08-08,100,dominicks,1.0,2.09,7808.0
1990-08-15,100,dominicks,0.0,2.09,4352.0
1990-08-22,100,dominicks,0.0,2.09,2240.0
1990-08-29,100,dominicks,0.0,2.09,2112.0
1990-09-05,100,dominicks,1.0,1.89,58112.0
1990-09-12,100,dominicks,0.0,1.89,8192.0
1990-09-19,100,dominicks,0.0,1.89,2112.0
1990-09-26,100,dominicks,0.0,1.79,12544.0
1990-10-03,100,dominicks,1.0,1.79,54208.0
1990-10-10,100,dominicks,0.0,1.79,8640.0
1990-10-17,100,dominicks,0.0,2.69,2112.0
1990-10-24,100,dominicks,1.0,1.24,155072.0
1990-10-31,100,dominicks,0.0,1.59,1408.0
1990-11-07,100,dominicks,1.0,1.59,38528.0
1990-11-14,100,dominicks,0.0,1.29,64448.0
1990-11-21,100,dominicks,0.0,0.99,67968.0
1990-11-28,100,dominicks,1.0,1.59,13824.0
1990-12-05,100,dominicks,1.0,2.49,34112.0
1990-12-12,100,dominicks,0.0,2.69,11072.0
1990-12-19,100,dominicks,1.0,1.39,76736.0
1990-12-26,100,dominicks,0.0,2.69,1856.0
1991-01-02,100,dominicks,0.0,2.69,2240.0
1991-01-09,100,dominicks,0.0,2.69,3840.0
1991-01-16,100,dominicks,1.0,0.99,301312.0
1991-01-23,100,dominicks,0.0,2.69,2048.0
1991-01-30,100,dominicks,0.0,2.69,11840.0
1991-02-06,100,dominicks,1.0,1.49,114752.0
1991-02-13,100,dominicks,0.0,1.49,19648.0
1991-02-20,100,dominicks,0.0,2.69,896.0
1991-02-27,100,dominicks,0.0,2.69,5824.0
1991-03-06,100,dominicks,1.0,1.99,12288.0
1991-03-13,100,dominicks,1.0,1.09,130752.0
1990-07-04,100,minute.maid,0.0,3.17,3648.0
1990-07-11,100,minute.maid,0.0,3.17,4672.0
1990-07-18,100,minute.maid,1.0,2.59,49600.0
1990-07-25,100,minute.maid,0.0,3.17,4608.0
1990-08-01,100,minute.maid,0.0,3.17,15552.0
1990-08-08,100,minute.maid,1.0,2.39,37376.0
1990-08-15,100,minute.maid,0.0,3.17,2688.0
1990-08-22,100,minute.maid,1.0,1.99,71360.0
1990-08-29,100,minute.maid,0.0,3.17,4288.0
1990-09-05,100,minute.maid,0.0,3.17,3648.0
1990-09-12,100,minute.maid,0.0,3.17,3520.0
1990-09-19,100,minute.maid,1.0,2.19,37632.0
1990-09-26,100,minute.maid,0.0,3.17,6208.0
1990-10-03,100,minute.maid,0.0,3.17,7104.0
1990-10-10,100,minute.maid,0.0,3.17,12928.0
1990-10-17,100,minute.maid,1.0,1.99,57728.0
1990-10-24,100,minute.maid,0.0,2.99,4608.0
1990-10-31,100,minute.maid,0.0,3.17,2944.0
1990-11-07,100,minute.maid,1.0,1.99,39680.0
1990-11-14,100,minute.maid,0.0,3.17,3456.0
1990-11-21,100,minute.maid,1.0,1.99,40896.0
1990-11-28,100,minute.maid,0.0,1.99,8768.0
1990-12-05,100,minute.maid,0.0,3.17,14912.0
1990-12-12,100,minute.maid,1.0,1.99,47104.0
1990-12-19,100,minute.maid,0.0,1.99,16064.0
1990-12-26,100,minute.maid,0.0,1.99,19008.0
1991-01-02,100,minute.maid,0.0,1.99,15424.0
1991-01-09,100,minute.maid,0.0,1.99,14720.0
1991-01-16,100,minute.maid,0.0,2.59,4800.0
1991-01-23,100,minute.maid,0.0,2.59,9664.0
1991-01-30,100,minute.maid,1.0,1.99,58176.0
1991-02-06,100,minute.maid,0.0,2.59,8832.0
1991-02-13,100,minute.maid,0.0,2.49,7616.0
1991-02-20,100,minute.maid,0.0,2.49,5888.0
1991-02-27,100,minute.maid,0.0,2.49,11328.0
1991-03-06,100,minute.maid,1.0,1.99,45376.0
1991-03-13,100,minute.maid,0.0,2.59,5184.0
1990-07-04,100,tropicana,0.0,3.87,6144.0
1990-07-11,100,tropicana,0.0,3.87,4992.0
1990-07-18,100,tropicana,0.0,3.87,3968.0
1990-07-25,100,tropicana,0.0,3.87,6784.0
1990-08-01,100,tropicana,0.0,3.87,5440.0
1990-08-08,100,tropicana,0.0,3.87,4672.0
1990-08-15,100,tropicana,0.0,3.87,5824.0
1990-08-22,100,tropicana,0.0,3.87,4096.0
1990-08-29,100,tropicana,0.0,3.87,4800.0
1990-09-05,100,tropicana,0.0,3.87,4608.0
1990-09-12,100,tropicana,0.0,3.29,8384.0
1990-09-19,100,tropicana,0.0,3.29,7680.0
1990-09-26,100,tropicana,0.0,3.29,9024.0
1990-10-03,100,tropicana,0.0,3.87,4736.0
1990-10-10,100,tropicana,1.0,2.99,15360.0
1990-10-17,100,tropicana,0.0,2.99,8320.0
1990-10-24,100,tropicana,0.0,2.99,9664.0
1990-10-31,100,tropicana,0.0,3.87,3456.0
1990-11-07,100,tropicana,0.0,3.87,4672.0
1990-11-14,100,tropicana,0.0,3.87,3840.0
1990-11-21,100,tropicana,0.0,3.87,7296.0
1990-11-28,100,tropicana,0.0,2.99,14976.0
1990-12-05,100,tropicana,0.0,2.99,8128.0
1990-12-12,100,tropicana,0.0,3.59,3904.0
1990-12-19,100,tropicana,0.0,3.59,4416.0
1990-12-26,100,tropicana,0.0,2.39,27904.0
1991-01-02,100,tropicana,0.0,2.39,11712.0
1991-01-09,100,tropicana,0.0,3.59,8896.0
1991-01-16,100,tropicana,0.0,2.59,19008.0
1991-01-23,100,tropicana,0.0,2.59,8192.0
1991-01-30,100,tropicana,0.0,3.59,6016.0
1991-02-06,100,tropicana,0.0,3.59,6208.0
1991-02-13,100,tropicana,0.0,2.49,32192.0
1991-02-20,100,tropicana,0.0,3.59,5696.0
1991-02-27,100,tropicana,0.0,3.59,4992.0
1991-03-06,100,tropicana,0.0,3.59,3584.0
1991-03-13,100,tropicana,0.0,3.59,4288.0
1990-07-04,102,dominicks,0.0,2.29,7296.0
1990-07-11,102,dominicks,0.0,2.29,7104.0
1990-07-18,102,dominicks,0.0,2.29,4224.0
1990-07-25,102,dominicks,0.0,2.29,7360.0
1990-08-01,102,dominicks,0.0,2.29,8128.0
1990-08-08,102,dominicks,1.0,2.09,6784.0
1990-08-15,102,dominicks,0.0,2.09,3328.0
1990-08-22,102,dominicks,0.0,2.09,3520.0
1990-08-29,102,dominicks,0.0,2.09,3904.0
1990-09-05,102,dominicks,1.0,1.89,76288.0
1990-09-12,102,dominicks,0.0,1.89,14016.0
1990-09-19,102,dominicks,0.0,1.89,36416.0
1990-09-26,102,dominicks,0.0,1.79,23488.0
1990-10-03,102,dominicks,0.228682783,2.326737768,17440.0
1990-10-10,102,dominicks,0.0,1.79,11392.0
1990-10-17,102,dominicks,0.0,2.29,8320.0
1990-10-24,102,dominicks,1.0,1.14,189120.0
1990-10-31,102,dominicks,0.0,1.59,2496.0
1990-11-07,102,dominicks,1.0,1.59,20736.0
1990-11-14,102,dominicks,0.0,1.29,36160.0
1990-11-21,102,dominicks,0.0,0.99,44416.0
1990-11-28,102,dominicks,1.0,1.59,28480.0
1990-12-05,102,dominicks,1.0,2.29,97472.0
1990-12-12,102,dominicks,0.0,1.89,33728.0
1990-12-19,102,dominicks,1.0,1.39,131328.0
1990-12-26,102,dominicks,0.0,1.89,18368.0
1991-01-02,102,dominicks,0.228682783,2.326737768,117824.0
1991-01-09,102,dominicks,0.228682783,2.326737768,217280.0
1991-01-16,102,dominicks,1.0,0.99,316736.0
1991-01-23,102,dominicks,0.0,1.89,4032.0
1991-01-30,102,dominicks,0.0,1.89,21696.0
1991-02-06,102,dominicks,1.0,1.49,133312.0
1991-02-13,102,dominicks,0.0,1.49,38656.0
1991-02-20,102,dominicks,0.0,1.89,4864.0
1991-02-27,102,dominicks,0.0,1.89,14528.0
1991-03-06,102,dominicks,1.0,1.89,14016.0
1991-03-13,102,dominicks,1.0,0.94,212032.0
