data/dominicks_oj_data/dominicks_oj_staggered.csv
date,store,brand,on_promotion,price,quantity
1990-07-04,102,minute.maid,0.0,2.62,6208.0
1990-07-11,102,minute.maid,0.0,2.62,7744.0
1990-07-18,102,minute.maid,1.0,2.59,47552.0
1990-07-25,102,minute.maid,0.0,2.62,4608.0
1990-08-01,102,minute.maid,0.0,2.62,13376.0
1990-08-08,102,minute.maid,1.0,2.39,29440.0
1990-08-15,102,minute.maid,0.0,2.62,4544.0
1990-08-22,102,minute.maid,1.0,1.99,79232.0
1990-08-29,102,minute.maid,0.0,2.62,3904.0
1990-09-05,102,minute.maid,0.0,2.62,6656.0
1990-09-12,102,minute.maid,0.0,2.62,6720.0
1990-09-19,102,minute.maid,1.0,2.19,41856.0
1990-09-26,102,minute.maid,0.0,2.62,5632.0
1990-10-03,102,minute.maid,0.228682783,2.326737768,8288.0
1990-10-10,102,minute.maid,0.0,2.62,10944.0
1990-10-17,102,minute.maid,1.0,1.99,48000.0
1990-10-24,102,minute.maid,0.0,2.43,6656.0
1990-10-31,102,minute.maid,0.0,2.62,5120.0
1990-11-07,102,minute.maid,1.0,1.99,63040.0
1990-11-14,102,minute.maid,0.0,2.62,5440.0
1990-11-21,102,minute.maid,1.0,1.99,91072.0
1990-11-28,102,minute.maid,0.0,1.99,17088.0
1990-12-05,102,minute.maid,0.0,2.62,20544.0
1990-12-12,102,minute.maid,1.0,1.99,53312.0
1990-12-19,102,minute.maid,0.0,1.99,16640.0
1990-12-26,102,minute.maid,0.0,1.99,13440.0
1991-01-02,102,minute.maid,0.228682783,2.326737768,11776.0
1991-01-09,102,minute.maid,0.228682783,2.326737768,10112.0
1991-01-16,102,minute.maid,0.0,2.17,8448.0
1991-01-23,102,minute.maid,0.0,2.17,7680.0
1991-01-30,102,minute.maid,1.0,1.99,64832.0
1991-02-06,102,minute.maid,0.0,2.17,9664.0
1991-02-13,102,minute.maid,0.0,2.12,11328.0
1991-02-20,102,minute.maid,0.0,2.12,6400.0
1991-02-27,102,minute.maid,0.0,2.12,30848.0
1991-03-06,102,minute.maid,1.0,1.99,52608.0
1991-03-13,102,minute.maid,0.0,2.17,6528.0
1990-07-04,102,tropicana,0.0,3.19,8512.0
1990-07-11,102,tropicana,0.0,3.19,7808.0
1990-07-18,102,tropicana,0.0,3.19,6144.0
1990-07-25,102,tropicana,0.0,3.19,7040.0
1990-08-01,102,tropicana,0.0,3.19,7808.0
1990-08-08,102,tropicana,0.0,3.19,8064.0
1990-08-15,102,tropicana,0.0,3.19,7616.0
1990-08-22,102,tropicana,0.0,3.19,5568.0
1990-08-29,102,tropicana,0.0,3.19,6080.0
1990-09-05,102,tropicana,0.0,3.19,6784.0
1990-09-12,102,tropicana,0.0,3.19,7872.0
1990-09-19,102,tropicana,0.0,3.19,6784.0
1990-09-26,102,tropicana,0.0,3.19,9216.0
1990-10-03,102,tropicana,0.228682783,2.326737768,11264.0
1990-10-10,102,tropicana,1.0,3.19,13312.0
1990-10-17,102,tropicana,0.0,3.19,8256.0
1990-10-24,102,tropicana,0.0,3.04,6336.0
1990-10-31,102,tropicana,0.0,3.04,6336.0
1990-11-07,102,tropicana,0.0,3.04,7168.0
1990-11-14,102,tropicana,0.0,3.04,6592.0
1990-11-21,102,tropicana,0.0,3.19,8384.0
1990-11-28,102,tropicana,0.0,2.99,15168.0
1990-12-05,102,tropicana,0.0,2.99,13312.0
1990-12-12,102,tropicana,0.0,2.99,7040.0
1990-12-19,102,tropicana,0.0,2.99,9088.0
1990-12-26,102,tropicana,0.0,2.39,50112.0
1991-01-02,102,tropicana,0.228682783,2.326737768,36053.33333
1991-01-09,102,tropicana,0.228682783,2.326737768,21994.66667
1991-01-16,102,tropicana,0.0,2.59,7936.0
1991-01-23,102,tropicana,0.0,2.59,6656.0
1991-01-30,102,tropicana,0.0,2.99,6208.0
1991-02-06,102,tropicana,0.0,2.99,9216.0
1991-02-13,102,tropicana,0.0,2.49,24832.0
1991-02-20,102,tropicana,0.0,2.99,6272.0
1991-02-27,102,tropicana,0.0,2.99,6848.0
1991-03-06,102,tropicana,0.0,2.99,7360.0
1991-03-13,102,tropicana,0.0,2.99,6080.0
1990-07-04,131,dominicks,0.0,2.49,3904.0
1990-07-11,131,dominicks,0.0,2.49,6912.0
1990-07-18,131,dominicks,0.0,2.49,3200.0
1990-07-25,131,dominicks,0.0,2.49,2752.0
1990-08-01,131,dominicks,0.0,2.49,6912.0
1990-08-08,131,dominicks,1.0,2.09,8832.0
1990-08-15,131,dominicks,0.0,2.09,5056.0
1990-08-22,131,dominicks,0.0,2.09,4608.0
1990-08-29,131,dominicks,0.0,2.09,4480.0
1990-09-05,131,dominicks,1.0,1.89,39744.0
1990-09-12,131,dominicks,0.0,1.89,11520.0
1990-09-19,131,dominicks,0.0,1.89,14528.0
1990-09-26,131,dominicks,0.0,1.79,13440.0
1990-10-03,131,dominicks,1.0,1.79,47360.0
1990-10-10,131,dominicks,0.0,1.79,12416.0
1990-10-17,131,dominicks,0.0,2.49,2944.0
1990-10-24,131,dominicks,1.0,1.24,78400.0
1990-10-31,131,dominicks,0.0,1.59,2752.0
1990-11-07,131,dominicks,1.0,1.59,19136.0
1990-11-14,131,dominicks,0.0,1.29,14144.0
1990-11-21,131,dominicks,0.0,0.99,62080.0
1990-11-28,131,dominicks,1.0,1.59,14400.0
1990-12-05,131,dominicks,1.0,2.49,57152.0
1990-12-12,131,dominicks,0.0,2.19,9984.0
1990-12-19,131,dominicks,1.0,1.39,46016.0
1990-12-26,131,dominicks,0.0,2.19,3264.0
1991-01-02,131,dominicks,0.0,2.19,3200.0
1991-01-09,131,dominicks,0.0,2.19,4672.0
1991-01-16,131,dominicks,1.0,0.99,95168.0
1991-01-23,131,dominicks,0.0,2.19,4160.0
1991-01-30,131,dominicks,0.0,2.19,7424.0
1991-02-06,131,dominicks,1.0,1.49,41920.0
1991-02-13,131,dominicks,0.0,1.49,15680.0
1991-02-20,131,dominicks,0.0,2.19,2624.0
1991-02-27,131,dominicks,0.0,2.19,4032.0
1991-03-06,131,dominicks,1.0,1.99,5120.0
1991-03-13,131,dominicks,1.0,1.09,62720.0
1990-07-04,131,minute.maid,0.0,2.99,5888.0
1990-07-11,131,minute.maid,0.0,2.99,6656.0
1990-07-18,131,minute.maid,1.0,2.59,32512.0
1990-07-25,131,minute.maid,0.0,2.99,5888.0
1990-08-01,131,minute.maid,0.0,2.99,10752.0
1990-08-08,131,minute.maid,1.0,2.39,25152.0
1990-08-15,131,minute.maid,0.0,2.99,4608.0
1990-08-22,131,minute.maid,1.0,1.99,47104.0
1990-08-29,131,minute.maid,0.0,2.99,6080.0
1990-09-05,131,minute.maid,0.0,2.99,6592.0
1990-09-12,131,minute.maid,0.0,2.99,6912.0
1990-09-19,131,minute.maid,1.0,2.19,28416.0
1990-09-26,131,minute.maid,0.0,2.99,5056.0
1990-10-03,131,minute.maid,0.0,2.99,6912.0
1990-10-10,131,minute.maid,0.0,2.99,13440.0
1990-10-17,131,minute.maid,1.0,1.99,38976.0
1990-10-24,131,minute.maid,0.0,2.47,9600.0
1990-10-31,131,minute.maid,0.0,2.99,7360.0
1990-11-07,131,minute.maid,1.0,1.71,64256.0
1990-11-14,131,minute.maid,0.0,2.99,5120.0
1990-11-21,131,minute.maid,1.0,1.99,27328.0
1990-11-28,131,minute.maid,0.0,1.99,11136.0
1990-12-05,131,minute.maid,0.0,2.99,10432.0
1990-12-12,131,minute.maid,1.0,1.99,32512.0
1990-12-19,131,minute.maid,0.0,1.99,12288.0
1990-12-26,131,minute.maid,0.0,1.99,13248.0
1991-01-02,131,minute.maid,0.0,1.99,11136.0
1991-01-09,131,minute.maid,0.0,1.99,11264.0
1991-01-16,131,minute.maid,0.0,2.72,5568.0
1991-01-23,131,minute.maid,0.0,2.7,6400.0
1991-01-30,131,minute.maid,1.0,1.99,43008.0
1991-02-06,131,minute.maid,0.0,2.46,5696.0
1991-02-13,131,minute.maid,0.0,2.41,7872.0
1991-02-20,131,minute.maid,0.0,2.41,5568.0
1991-02-27,131,minute.maid,0.0,2.41,13120.0
1991-03-06,131,minute.maid,1.0,1.99,25600.0
1991-03-13,131,minute.maid,0.0,2.46,4224.0
1990-07-04,131,tropicana,0.0,3.66,6400.0
1990-07-11,131,tropicana,0.0,3.66,4928.0
1990-07-18,131,tropicana,0.0,3.66,5248.0
1990-07-25,131,tropicana,0.0,3.66,4416.0
1990-08-01,131,tropicana,0.0,3.66,5184.0
1990-08-08,131,tropicana,0.0,3.66,5120.0
1990-08-15,131,tropicana,0.0,3.66,6272.0
1990-08-22,131,tropicana,0.0,3.66,4672.0
1990-08-29,131,tropicana,0.0,3.66,4928.0
1990-09-05,131,tropicana,0.0,3.66,5248.0
1990-09-12,131,tropicana,0.0,3.29,7488.0
1990-09-19,131,tropicana,0.0,3.29,6336.0
1990-09-26,131,tropicana,0.0,3.29,7936.0
1990-10-03,131,tropicana,0.0,3.66,5888.0
1990-10-10,131,tropicana,1.0,3.29,9152.0
1990-10-17,131,tropicana,0.0,3.29,6272.0
1990-10-24,131,tropicana,0.0,3.51,4544.0
1990-10-31,131,tropicana,0.0,3.51,5632.0
1990-11-07,131,tropicana,0.0,3.51,5952.0
1990-11-14,131,tropicana,0.0,3.51,6400.0
1990-11-21,131,tropicana,0.0,3.66,7808.0
1990-11-28,131,tropicana,0.0,2.99,10944.0
1990-12-05,131,tropicana,0.0,2.99,8768.0
1990-12-12,131,tropicana,0.0,3.39,4608.0
1990-12-19,131,tropicana,0.0,3.39,4288.0
1990-12-26,131,tropicana,0.0,2.39,20416.0
1991-01-02,131,tropicana,0.0,2.39,9088.0
1991-01-09,131,tropicana,0.0,3.39,9152.0
1991-01-16,131,tropicana,0.0,2.59,15424.0
1991-01-23,131,tropicana,0.0,2.59,9280.0
1991-01-30,131,tropicana,0.0,3.39,5056.0
1991-02-06,131,tropicana,0.0,3.39,5952.0
1991-02-13,131,tropicana,0.0,2.49,16320.0
1991-02-20,131,tropicana,0.0,3.39,5248.0
1991-02-27,131,tropicana,0.0,3.39,5824.0
1991-03-06,131,tropicana,0.0,3.39,5312.0
1991-03-13,131,tropicana,0.0,3.39,4864.0
1990-11-21,137,dominicks,0.0,0.99,47744.0
1990-11-28,137,dominicks,1.0,1.59,32064.0
1990-12-05,137,dominicks,1.0,2.49,42560.0
1990-12-12,137,dominicks,0.0,2.69,9216.0
1990-12-19,137,dominicks,1.0,1.39,49344.0
1990-12-26,137,dominicks,0.0,2.69,2944.0
1991-01-02,137,dominicks,0.0,2.69,1280.0
1991-01-09,137,dominicks,0.0,2.69,2304.0
1991-01-16,137,dominicks,1.0,0.99,128576.0
1991-01-23,137,dominicks,0.0,2.69,2880.0
1991-01-30,137,dominicks,0.0,2.69,6976.0
1991-02-06,137,dominicks,1.0,1.49,68288.0
1991-02-13,137,dominicks,0.0,1.49,24000.0
1991-02-20,137,dominicks,0.0,2.69,1536.0
1991-02-27,137,dominicks,0.0,2.69,2432.0
1991-03-06,137,dominicks,1.0,1.99,13248.0
1991-03-13,137,dominicks,1.0,1.09,63872.0
1990-11-21,137,minute.maid,1.0,1.99,52224.0
1990-11-28,137,minute.maid,0.0,1.99,13824.0
1990-12-05,137,minute.maid,0.0,3.17,14720.0
1990-12-12,137,minute.maid,1.0,1.99,41600.0
1990-12-19,137,minute.maid,0.0,1.99,16384.0
1990-12-26,137,minute.maid,0.0,1.99,17152.0
1991-01-02,137,minute.maid,0.0,1.99,18816.0
1991-01-09,137,minute.maid,0.0,1.99,19136.0
1991-01-16,137,minute.maid,0.0,2.59,6400.0
1991-01-23,137,minute.maid,0.0,2.59,9536.0
1991-01-30,137,minute.maid,1.0,1.99,60288.0
1991-02-06,137,minute.maid,0.0,2.59,9088.0
1991-02-13,137,minute.maid,0.0,2.49,10304.0
1991-02-20,137,minute.maid,0.0,2.49,7552.0
1991-02-27,137,minute.maid,0.0,2.49,11648.0
1991-03-06,137,minute.maid,1.0,1.99,41984.0
1991-03-13,137,minute.maid,0.0,2.59,8960.0
1990-11-21,137,tropicana,0.0,3.87,21376.0
1990-11-28,137,tropicana,0.0,2.99,24128.0
1990-12-05,137,tropicana,0.0,2.99,22912.0
1990-12-12,137,tropicana,0.0,3.59,10624.0
1990-12-19,137,tropicana,0.0,3.59,10752.0
1990-12-26,137,tropicana,0.0,2.39,58560.0
1991-01-02,137,tropicana,0.0,2.39,35328.0
1991-01-09,137,tropicana,0.0,3.59,19840.0
1991-01-16,137,tropicana,0.0,2.59,42752.0
1991-01-23,137,tropicana,0.0,2.59,21504.0
1991-01-30,137,tropicana,0.0,3.59,14784.0
1991-02-06,137,tropicana,0.0,3.59,16768.0
1991-02-13,137,tropicana,0.0,2.49,48128.0
1991-02-20,137,tropicana,0.0,3.59,12928.0
1991-02-27,137,tropicana,0.0,3.59,17344.0
1991-03-06,137,tropicana,0.0,3.59,10944.0
1991-03-13,137,tropicana,0.0,3.59,12672.0
1990-12-26,134,dominicks,0.0,2.49,704.0
1991-01-02,134,dominicks,0.0,2.49,12864.0
1991-01-09,134,dominicks,0.0,2.49,12224.0
1991-01-16,134,dominicks,0.228682783,2.326737768,7072.0
1991-01-23,134,dominicks,0.0,2.49,1920.0
1991-01-30,134,dominicks,0.0,2.49,10880.0
1991-02-06,134,dominicks,1.0,1.49,35520.0
1991-02-13,134,dominicks,0.0,1.49,16896.0
1991-02-20,134,dominicks,0.0,2.49,512.0
1991-02-27,134,dominicks,0.0,2.49,2624.0
1991-03-06,134,dominicks,1.0,1.99,15936.0
1991-03-13,134,dominicks,1.0,1.09,41216.0
1990-12-26,134,minute.maid,0.0,1.99,7360.0
1991-01-02,134,minute.maid,0.0,1.99,4096.0
1991-01-09,134,minute.maid,0.0,1.99,3840.0
1991-01-16,134,minute.maid,0.228682783,2.326737768,7328.0
1991-01-23,134,minute.maid,0.0,2.46,10816.0
1991-01-30,134,minute.maid,1.0,1.99,31872.0
1991-02-06,134,minute.maid,0.0,2.46,2752.0
1991-02-13,134,minute.maid,0.0,2.41,2496.0
1991-02-20,134,minute.maid,0.0,2.41,1792.0
1991-02-27,134,minute.maid,0.0,2.41,3840.0
1991-03-06,134,minute.maid,1.0,1.99,16192.0
1991-03-13,134,minute.maid,0.0,2.46,2368.0
1990-12-26,134,tropicana,0.0,2.39,8704.0
1991-01-02,134,tropicana,0.0,2.39,6848.0
1991-01-09,134,tropicana,0.0,2.39,6528.0
1991-01-16,134,tropicana,0.228682783,2.326737768,7200.0
1991-01-23,134,tropicana,0.0,2.59,7872.0
1991-01-30,134,tropicana,0.0,3.19,2624.0
1991-02-06,134,tropicana,0.0,3.19,2624.0
1991-02-13,134,tropicana,0.0,2.49,7616.0
1991-02-20,134,tropicana,0.0,3.19,2816.0
1991-02-27,134,tropicana,0.0,3.19,3328.0
1991-03-06,134,tropicana,0.0,3.19,3904.0
1991-03-13,134,tropicana,0.0,3.19,2304.0
